PHPUnit 10.5.34 by Sebastian Bergmann and contributors.

Runtime:       PHP 8.1.12-1ubuntu4.3 with PCOV 1.0.11
Configuration: /home/ubuntu/ocp8-TodoList/phpunit.xml
Random Seed:   1726648952

......F.FEEFE...................F....FFF                          40 / 40 (100%)

Time: 00:04.942, Memory: 40.50 MB

There was 1 PHPUnit test runner warning:

1) Test results may not be as expected because the XML configuration file did not pass validation:

  Line 29:
  - Element 'coverage', attribute 'processUncoveredFiles': The attribute 'processUncoveredFiles' is not allowed.

  Line 30:
  - Element 'include': This element is not expected.


--

There were 3 errors:

1) App\Tests\Controller\SecurityControllerTest::testLoginWithInvalidCredentials
InvalidArgumentException: The current node list is empty.

/home/ubuntu/ocp8-TodoList/vendor/symfony/dom-crawler/Crawler.php:921
/home/ubuntu/ocp8-TodoList/tests/Functional/Controller/SecurityControllerTest.php:46

2) App\Tests\Controller\SecurityControllerTest::testLoginWithValidCredentials
InvalidArgumentException: The current node list is empty.

/home/ubuntu/ocp8-TodoList/vendor/symfony/dom-crawler/Crawler.php:921
/home/ubuntu/ocp8-TodoList/tests/Functional/Controller/SecurityControllerTest.php:31

3) App\Tests\Controller\SecurityControllerTest::testLogout
TypeError: Symfony\Bundle\FrameworkBundle\KernelBrowser::loginUser(): Argument #1 ($user) must be of type object, null given, called in /home/ubuntu/ocp8-TodoList/tests/Functional/Controller/SecurityControllerTest.php on line 62

/home/ubuntu/ocp8-TodoList/vendor/symfony/framework-bundle/KernelBrowser.php:117
/home/ubuntu/ocp8-TodoList/tests/Functional/Controller/SecurityControllerTest.php:62

--

There were 7 failures:

1) App\Tests\Form\UserTypeTest::testRolesTransformer
Failed asserting that two arrays are equal.
--- Expected
+++ Actual
@@ @@
 Array (
     0 => 'ROLE_ADMIN'
+    1 => 'ROLE_USER'
 )

/home/ubuntu/ocp8-TodoList/tests/Functional/Form/UserTypeTest.php:86

2) App\Tests\Controller\SecurityControllerTest::testLoginPage
Failed asserting that Symfony\Component\DomCrawler\Crawler Object #2122 (
    'uri' => 'http://localhost/login',
    'defaultNamespacePrefix' => 'default',
    'namespaces' => Array &0 [],
    'cachedNamespaces' => ArrayObject Object #2123 (),
    'baseHref' => 'http://localhost/login',
    'document' => DOMDocument Object #2124 (
        'config' => null,
    ),
    'nodes' => Array &1 [
        0 => DOMElement Object #2125 (
            'schemaTypeInfo' => null,
        ),
    ],
    'isHtml' => true,
    'html5Parser' => null,
) matches selector "h1" and the Crawler has a node matching selector "h1".

/home/ubuntu/ocp8-TodoList/vendor/symfony/framework-bundle/Test/DomCrawlerAssertionsTrait.php:39
/home/ubuntu/ocp8-TodoList/tests/Functional/Controller/SecurityControllerTest.php:23

3) App\Tests\Controller\SecurityControllerTest::testAccessDeniedRedirectsToLogin
Failed asserting that Symfony\Component\HttpFoundation\Response Object #2793 (
    'headers' => Symfony\Component\HttpFoundation\ResponseHeaderBag Object #2955 (
        'headers' => Array &0 [
            'content-type' => Array &1 [
                0 => 'text/html; charset=UTF-8',
            ],
            'x-debug-exception' => Array &2 [
                0 => 'No%20route%20found%20for%20%22GET%20http%3A%2F%2Flocalhost%2Fadmin%22',
            ],
            'x-debug-exception-file' => Array &3 [
                0 => '%2Fhome%2Fubuntu%2Focp8-TodoList%2Fvendor%2Fsymfony%2Fhttp-kernel%2FEventListener%2FRouterListener.php:135',
            ],
            'cache-control' => Array &4 [
                0 => 'no-cache, private',
            ],
            'date' => Array &5 [
                0 => 'Wed, 18 Sep 2024 08:42:33 GMT',
            ],
            'x-robots-tag' => Array &6 [
                0 => 'noindex',
            ],
        ],
        'cacheControl' => Array &7 [],
        'computedCacheControl' => Array &8 [
            'no-cache' => true,
            'private' => true,
        ],
        'cookies' => Array &9 [],
        'headerNames' => Array &10 [
            'content-type' => 'Content-Type',
            'x-debug-exception' => 'X-Debug-Exception',
            'x-debug-exception-file' => 'X-Debug-Exception-File',
            'cache-control' => 'Cache-Control',
            'date' => 'Date',
            'x-robots-tag' => 'X-Robots-Tag',
        ],
    ),
    'content' => '<!-- No route found for &quot;GET http://localhost/admin&quot; (404 Not Found) -->\n
<!DOCTYPE html>\n
<html lang="en">\n
    <head>\n
        <meta charset="UTF-8" />\n
        <meta name="robots" content="noindex,nofollow" />\n
        <meta name="viewport" content="width=device-width,initial-scale=1" />\n
        <title>No route found for &quot;GET http://localhost/admin&quot; (404 Not Found)</title>\n
        <link rel="icon" type="image/png" href="data:image/png;base64,iVBORw0KGgoAAAANSUhEUgAAABwAAAAgCAYAAAABtRhCAAADVUlEQVRIx82XX0jTURTHLYPyqZdefQx66CEo80+aYpoIkqzUikz6Z5klQoWUWYRIJYEUGpQ+lIr9U5dOTLdCtkmWZis3rbnC5fw/neYW002307mX/cZvP3/7o1PwwOdh95x7vnf39zvnd29AgBer2xO6DclAXiMqZAqxIiNIN/IYSUS2BPhjmGATchUxI+ADWiRhpWK7HKuHFVBFdmU5YvnI4grFGCaReF/EBH4KsZlGgj2JBTuCYBWRIYF8YoEOJ6wBt/gEs7mBbyOjQXruPLSdOgPCiEiPSUUHDoL8Ug5IUo9B/d5wrt+G7OAKNrODPuVdB6vRCIzN6SdBlpW9RIgk/1FeAXabzRlrUPVCS/JhbmwudztnGeeH9AyXBIwtmM3wLinZJZHifjHw2V+NBoRh+9ixQrbgbnaSIcl7cGea6hoXQbNe7za241oeO5Z0p42M4BV2EqP2D50wo+6HzvwC6C4sApNOR8cmOrtcnhtj2kYRyC9eBvXzKrBZrXSs72kFd1t3MoKVbMekQkEnSNKOO8fac3LpmK6l1TlGtsxmsdKFsecPYgwxst0cwROMYDXboSotg0WLBRqjY51jLYcENElXwW2XJKPydvoI2GN9T8rBtrAArYIUruBJXkFheCQYlCpQP6uk5dAQFQNaUROMSGVQFxLmkoQsxDJrhLbTZ+nvVsERME9MgPJRKV/58AsyomTSzE813WLFvWK++qI0xSfQl8k8Pg46sYRuv5t6dS+4RqxDwaa4BGjYH+NTQvKScIp9+YL/hoZh3jDtLRHtt2C3g6bmhX+CpsFBWg7ilDSPgj0lD2ncr5ev/BP8VvyAJhqVyZeUhPOrEhEFxgEtjft846Z/guQTNT89Q5P9flMLoth4F7808wKtWWKzAwNQHxrh/1vaid2F+XpYTSbQf1XA2McOmOpROnvpvMEA4tSjq1cW0sws2gCYxswY6TKkvzYnJq1NHZLnRU4BX+4U0uburvusu8Kv8iHY7qefkM4IFngJHEOUXmLEPgiGsI8YnlZILit3vSSLRTQe/MPIZva5pshNIEmyFQlCvruJKXPkCEfmePzkphXHdzZNQdoRI9KPlBAxlj/I8U97ERPS5bjGbWDFbEdqHVe5caTBeZZx2H/IMvzeN15yoQAAAABJRU5ErkJggg==">\n
        <style>/* This file is based on WebProfilerBundle/Resources/views/Profiler/profiler.css.twig.\n
   If you make any change in this file, verify the same change is needed in the other file. */\n
:root {\n
    --font-sans-serif: Helvetica, Arial, sans-serif;\n
    --page-background: #f9f9f9;\n
    --color-text: #222;\n
    /* when updating any of these colors, do the same in toolbar.css.twig */\n
    --color-success: #4f805d;\n
    --color-warning: #a46a1f;\n
    --color-error: #b0413e;\n
    --color-muted: #999;\n
    --tab-background: #fff;\n
    --tab-color: #444;\n
    --tab-active-background: #666;\n
    --tab-active-color: #fafafa;\n
    --tab-disabled-background: #f5f5f5;\n
    --tab-disabled-color: #999;\n
    --metric-value-background: #fff;\n
    --metric-value-color: inherit;\n
    --metric-unit-color: #999;\n
    --metric-label-background: #e0e0e0;\n
    --metric-label-color: inherit;\n
    --table-border: #e0e0e0;\n
    --table-background: #fff;\n
    --table-header: #e0e0e0;\n
    --trace-selected-background: #F7E5A1;\n
    --tree-active-background: #F7E5A1;\n
    --exception-title-color: var(--base-2);\n
    --shadow: 0px 0px 1px rgba(128, 128, 128, .2);\n
    --border: 1px solid #e0e0e0;\n
    --background-error: var(--color-error);\n
    --highlight-comment: #969896;\n
    --highlight-default: #222222;\n
    --highlight-keyword: #a71d5d;\n
    --highlight-string: #183691;\n
    --base-0: #fff;\n
    --base-1: #f5f5f5;\n
    --base-2: #e0e0e0;\n
    --base-3: #ccc;\n
    --base-4: #666;\n
    --base-5: #444;\n
    --base-6: #222;\n
}\n
\n
.theme-dark {\n
    --page-background: #36393e;\n
    --color-text: #e0e0e0;\n
    --color-muted: #777;\n
    --color-error: #d43934;\n
    --tab-background: #555;\n
    --tab-color: #ccc;\n
    --tab-active-background: #888;\n
    --tab-active-color: #fafafa;\n
    --tab-disabled-background: var(--page-background);\n
    --tab-disabled-color: #777;\n
    --metric-value-background: #555;\n
    --metric-value-color: inherit;\n
    --metric-unit-color: #999;\n
    --metric-label-background: #777;\n
    --metric-label-color: #e0e0e0;\n
    --trace-selected-background: #71663acc;\n
    --table-border: #444;\n
    --table-background: #333;\n
    --table-header: #555;\n
    --info-background: rgba(79, 148, 195, 0.5);\n
    --tree-active-background: var(--metric-label-background);\n
    --exception-title-color: var(--base-2);\n
    --shadow: 0px 0px 1px rgba(32, 32, 32, .2);\n
    --border: 1px solid #666;\n
    --background-error: #b0413e;\n
    --highlight-comment: #dedede;\n
    --highlight-default: var(--base-6);\n
    --highlight-keyword: #ff413c;\n
    --highlight-string: #70a6fd;\n
    --base-0: #2e3136;\n
    --base-1: #444;\n
    --base-2: #666;\n
    --base-3: #666;\n
    --base-4: #666;\n
    --base-5: #e0e0e0;\n
    --base-6: #f5f5f5;\n
    --card-label-background: var(--tab-active-background);\n
    --card-label-color: var(--tab-active-color);\n
}\n
\n
html{font-family:sans-serif;-webkit-text-size-adjust:100%;-ms-text-size-adjust:100%}body{margin:0}article,aside,details,figcaption,figure,footer,header,hgroup,main,menu,nav,section,summary{display:block}audio,canvas,progress,video{display:inline-block;vertical-align:baseline}audio:not([controls]){display:none;height:0}[hidden],template{display:none}a{background-color:transparent}a:active,a:hover{outline:0}abbr[title]{border-bottom:1px dotted}b,strong{font-weight:700}dfn{font-style:italic}h1{margin:.67em 0;font-size:2em}mark{color:#000;background:#ff0}small{font-size:80%}sub,sup{position:relative;font-size:75%;line-height:0;vertical-align:baseline}sup{top:-.5em}sub{bottom:-.25em}img{border:0}svg:not(:root){overflow:hidden}figure{margin:1em 40px}hr{height:0;-webkit-box-sizing:content-box;-moz-box-sizing:content-box;box-sizing:content-box}pre{overflow:auto}code,kbd,pre,samp{font-family:monospace,monospace;font-size:1em}button,input,optgroup,select,textarea{margin:0;font:inherit;color:inherit}button{overflow:visible}button,select{text-transform:none}button,html input[type="button"],input[type="reset"],input[type="submit"]{-webkit-appearance:button;cursor:pointer}button[disabled],html input[disabled]{cursor:default}button::-moz-focus-inner,input::-moz-focus-inner{padding:0;border:0}input{line-height:normal}input[type="checkbox"],input[type="radio"]{-webkit-box-sizing:border-box;-moz-box-sizing:border-box;box-sizing:border-box;padding:0}input[type="number"]::-webkit-inner-spin-button,input[type="number"]::-webkit-outer-spin-button{height:auto}input[type="search"]{-webkit-box-sizing:content-box;-moz-box-sizing:content-box;box-sizing:content-box;-webkit-appearance:textfield}input[type="search"]::-webkit-search-cancel-button,input[type="search"]::-webkit-search-decoration{-webkit-appearance:none}fieldset{padding:.35em .625em .75em;margin:0 2px;border:1px solid silver}legend{padding:0;border:0}textarea{overflow:auto}optgroup{font-weight:700}table{border-spacing:0;border-collapse:collapse}td,th{padding:0}\n
\n
html {\n
    /* always display the vertical scrollbar to avoid jumps when toggling contents */\n
    overflow-y: scroll;\n
}\n
body { background-color: var(--page-background); color: var(--base-6); font: 14px/1.4 Helvetica, Arial, sans-serif; padding-bottom: 45px; }\n
\n
a { cursor: pointer; text-decoration: none; }\n
a:hover { text-decoration: underline; }\n
abbr[title] { border-bottom: none; cursor: help; text-decoration: none; }\n
\n
code, pre { font: 13px/1.5 Consolas, Monaco, Menlo, "Ubuntu Mono", "Liberation Mono", monospace; }\n
\n
table, tr, th, td { background: var(--base-0); border-collapse: collapse; vertical-align: top; }\n
table { background: var(--base-0); border: var(--border); box-shadow: 0px 0px 1px rgba(128, 128, 128, .2); margin: 1em 0; width: 100%; }\n
table th, table td { border: solid var(--base-2); border-width: 1px 0; padding: 8px 10px; }\n
table th { background-color: var(--base-2); font-weight: bold; text-align: left; }\n
\n
.m-t-5 { margin-top: 5px; }\n
.hidden-xs-down { display: none; }\n
.block { display: block; }\n
.full-width { width: 100%; }\n
.hidden { display: none; }\n
.prewrap { white-space: pre-wrap; }\n
.nowrap { white-space: nowrap; }\n
.newline { display: block; }\n
.break-long-words { word-wrap: break-word; overflow-wrap: break-word; -webkit-hyphens: auto; -moz-hyphens: auto; hyphens: auto; min-width: 0; }\n
.text-small { font-size: 12px !important; }\n
.text-muted { color: #999; }\n
.text-bold { font-weight: bold; }\n
.empty { border: 4px dashed var(--base-2); color: #999; margin: 1em 0; padding: .5em 2em; }\n
\n
.status-success { background: rgba(94, 151, 110, 0.3); }\n
.status-warning { background: rgba(240, 181, 24, 0.3); }\n
.status-error { background: rgba(176, 65, 62, 0.2); }\n
.status-success td, .status-warning td, .status-error td { background: transparent; }\n
tr.status-error td, tr.status-warning td { border-bottom: 1px solid var(--base-2); border-top: 1px solid var(--base-2); }\n
.status-warning .colored { color: #A46A1F; }\n
.status-error .colored  { color: var(--color-error); }\n
\n
.sf-toggle { cursor: pointer; position: relative; }\n
.sf-toggle-content { -moz-transition: display .25s ease; -webkit-transition: display .25s ease; transition: display .25s ease; }\n
.sf-toggle-content.sf-toggle-hidden { display: none; }\n
.sf-toggle-content.sf-toggle-visible { display: block; }\n
thead.sf-toggle-content.sf-toggle-visible, tbody.sf-toggle-content.sf-toggle-visible { display: table-row-group; }\n
.sf-toggle-off .icon-close, .sf-toggle-on .icon-open { display: none; }\n
.sf-toggle-off .icon-open, .sf-toggle-on .icon-close { display: block; }\n
\n
.tab-navigation { margin: 0 0 1em 0; padding: 0; }\n
.tab-navigation li { background: var(--tab-background); border: 1px solid var(--table-border); color: var(--tab-color); cursor: pointer; display: inline-block; font-size: 16px; margin: 0 0 0 -1px; padding: .5em .75em; z-index: 1; }\n
.tab-navigation li .badge { background-color: var(--base-1); color: var(--base-4); display: inline-block; font-size: 14px; font-weight: bold; margin-left: 8px; min-width: 10px; padding: 1px 6px; text-align: center; white-space: nowrap; }\n
.tab-navigation li.disabled { background: var(--tab-disabled-background); color: var(--tab-disabled-color); }\n
.tab-navigation li.active { background: var(--tab-active-background); color: var(--tab-active-color); z-index: 1100; }\n
.tab-navigation li.active .badge { background-color: var(--base-5); color: var(--base-2); }\n
.tab-content > *:first-child { margin-top: 0; }\n
.tab-navigation li .badge.status-warning { background: var(--color-warning); color: #FFF; }\n
.tab-navigation li .badge.status-error { background: var(--background-error); color: #FFF; }\n
.sf-tabs .tab:not(:first-child) { display: none; }\n
\n
[data-filters] { position: relative; }\n
[data-filtered] { cursor: pointer; }\n
[data-filtered]:after { content: '\00a0\25BE'; }\n
[data-filtered]:hover .filter-list li { display: inline-flex; }\n
[class*="filter-hidden-"] { display: none; }\n
.filter-list { position: absolute; border: var(--border); box-shadow: var(--shadow); margin: 0; padding: 0; display: flex; flex-direction: column; }\n
.filter-list :after { content: ''; }\n
.filter-list li {\n
    background: var(--tab-disabled-background);\n
    border-bottom: var(--border);\n
    color: var(--tab-disabled-color);\n
    display: none;\n
    list-style: none;\n
    margin: 0;\n
    padding: 5px 10px;\n
    text-align: left;\n
    font-weight: normal;\n
}\n
.filter-list li.active {\n
    background: var(--tab-background);\n
    color: var(--tab-color);\n
}\n
.filter-list li.last-active {\n
    background: var(--tab-active-background);\n
    color: var(--tab-active-color);\n
}\n
\n
.filter-list-level li { cursor: s-resize; }\n
.filter-list-level li.active { cursor: n-resize; }\n
.filter-list-level li.last-active { cursor: default; }\n
.filter-list-level li.last-active:before { content: '\2714\00a0'; }\n
.filter-list-choice li:before { content: '\2714\00a0'; color: transparent; }\n
.filter-list-choice li.active:before { color: unset; }\n
\n
.container { max-width: 1024px; margin: 0 auto; padding: 0 15px; }\n
.container::after { content: ""; display: table; clear: both; }\n
\n
header { background-color: #222; color: rgba(255, 255, 255, 0.75); font-size: 13px; height: 33px; line-height: 33px; padding: 0; }\n
header .container { display: flex; justify-content: space-between; }\n
.logo { flex: 1; font-size: 13px; font-weight: normal; margin: 0; padding: 0; }\n
.logo svg { height: 18px; width: 18px; opacity: .8; vertical-align: -5px; }\n
\n
.help-link { margin-left: 15px; }\n
.help-link a { color: inherit; }\n
.help-link .icon svg { height: 15px; width: 15px; opacity: .7; vertical-align: -2px; }\n
.help-link a:hover { color: #EEE; text-decoration: none; }\n
.help-link a:hover svg { opacity: .9; }\n
\n
.exception-summary { background: var(--background-error); border-bottom: 2px solid rgba(0, 0, 0, 0.1); border-top: 1px solid rgba(0, 0, 0, .3); flex: 0 0 auto; margin-bottom: 15px; }\n
.exception-metadata { background: rgba(0, 0, 0, 0.1); padding: 7px 0; }\n
.exception-metadata .container { display: flex; flex-direction: row; justify-content: space-between; }\n
.exception-metadata h2, .exception-metadata h2 > a { color: rgba(255, 255, 255, 0.8); font-size: 13px; font-weight: 400; margin: 0; }\n
.exception-http small { font-size: 13px; opacity: .7; }\n
.exception-hierarchy { flex: 1; }\n
.exception-hierarchy .icon { margin: 0 3px; opacity: .7; }\n
.exception-hierarchy .icon svg { height: 13px; width: 13px; vertical-align: -2px; }\n
\n
.exception-without-message .exception-message-wrapper { display: none; }\n
.exception-message-wrapper .container { display: flex; align-items: flex-start; min-height: 70px; padding: 10px 15px 8px; }\n
.exception-message { flex-grow: 1; }\n
.exception-message, .exception-message a { color: #FFF; font-size: 21px; font-weight: 400; margin: 0; }\n
.exception-message.long { font-size: 18px; }\n
.exception-message a { border-bottom: 1px solid rgba(255, 255, 255, 0.5); font-size: inherit; text-decoration: none; }\n
.exception-message a:hover { border-bottom-color: #ffffff; }\n
\n
.exception-illustration { flex-basis: 111px; flex-shrink: 0; height: 66px; margin-left: 15px; opacity: .7; }\n
\n
.trace + .trace { margin-top: 30px; }\n
.trace-head { background-color: var(--base-2); padding: 10px; position: relative; }\n
.trace-head .trace-class { color: var(--base-6); font-size: 18px; font-weight: bold; line-height: 1.3; margin: 0; position: relative; }\n
.trace-head .trace-namespace { color: #999; display: block; font-size: 13px; }\n
.trace-head .icon { position: absolute; right: 0; top: 0; }\n
.trace-head .icon svg { fill: var(--base-5); height: 24px; width: 24px; }\n
\n
.trace-details { background: var(--base-0); border: var(--border); box-shadow: 0px 0px 1px rgba(128, 128, 128, .2); margin: 1em 0; table-layout: fixed; }\n
\n
.trace-message { font-size: 14px; font-weight: normal; margin: .5em 0 0; }\n
\n
.trace-line { position: relative; padding-top: 8px; padding-bottom: 8px; }\n
.trace-line + .trace-line { border-top: var(--border); }\n
.trace-line:hover { background: var(--base-1); }\n
.trace-line a { color: var(--base-6); }\n
.trace-line .icon { opacity: .4; position: absolute; left: 10px; }\n
.trace-line .icon svg { fill: var(--base-5); height: 16px; width: 16px; }\n
.trace-line .icon.icon-copy { left: auto; top: auto; padding-left: 5px; display: none }\n
.trace-line:hover .icon.icon-copy:not(.hidden) { display: inline-block }\n
.trace-line-header { padding-left: 36px; padding-right: 10px; }\n
\n
.trace-file-path, .trace-file-path a { color: var(--base-6); font-size: 13px; }\n
.trace-class { color: var(--color-error); }\n
.trace-type { padding: 0 2px; }\n
.trace-method { color: var(--color-error); font-weight: bold; }\n
.trace-arguments { color: #777; font-weight: normal; padding-left: 2px; }\n
\n
.trace-code { background: var(--base-0); font-size: 12px; margin: 10px 10px 2px 10px; padding: 10px; overflow-x: auto; white-space: nowrap; }\n
.trace-code ol { margin: 0; float: left; }\n
.trace-code li { color: #969896; margin: 0; padding-left: 10px; float: left; width: 100%; }\n
.trace-code li + li { margin-top: 5px; }\n
.trace-code li.selected { background: var(--trace-selected-background); margin-top: 2px; }\n
.trace-code li code { color: var(--base-6); white-space: pre; }\n
\n
.trace-as-text .stacktrace { line-height: 1.8; margin: 0 0 15px; white-space: pre-wrap; }\n
\n
@media (min-width: 575px) {\n
    .hidden-xs-down { display: initial; }\n
    .help-link { margin-left: 30px; }\n
}</style>\n
        <style>.sf-reset .traces {\n
    padding-bottom: 14px;\n
}\n
.sf-reset .traces li {\n
    font-size: 12px;\n
    color: #868686;\n
    padding: 5px 4px;\n
    list-style-type: decimal;\n
    margin-left: 20px;\n
}\n
.sf-reset #logs .traces li.error {\n
    font-style: normal;\n
    color: #AA3333;\n
    background: #f9ecec;\n
}\n
.sf-reset #logs .traces li.warning {\n
    font-style: normal;\n
    background: #ffcc00;\n
}\n
/* fix for Opera not liking empty <li> */\n
.sf-reset .traces li:after {\n
    content: "\00A0";\n
}\n
.sf-reset .trace {\n
    border: 1px solid #D3D3D3;\n
    padding: 10px;\n
    overflow: auto;\n
    margin: 10px 0 20px;\n
}\n
.sf-reset .block-exception {\n
    -moz-border-radius: 16px;\n
    -webkit-border-radius: 16px;\n
    border-radius: 16px;\n
    margin-bottom: 20px;\n
    background-color: #f6f6f6;\n
    border: 1px solid #dfdfdf;\n
    padding: 30px 28px;\n
    word-wrap: break-word;\n
    overflow: hidden;\n
}\n
.sf-reset .block-exception div {\n
    color: #313131;\n
    font-size: 10px;\n
}\n
.sf-reset .block-exception-detected .illustration-exception,\n
.sf-reset .block-exception-detected .text-exception {\n
    float: left;\n
}\n
.sf-reset .block-exception-detected .illustration-exception {\n
    width: 152px;\n
}\n
.sf-reset .block-exception-detected .text-exception {\n
    width: 670px;\n
    padding: 30px 44px 24px 46px;\n
    position: relative;\n
}\n
.sf-reset .text-exception .open-quote,\n
.sf-reset .text-exception .close-quote {\n
    font-family: Arial, Helvetica, sans-serif;\n
    position: absolute;\n
    color: #C9C9C9;\n
    font-size: 8em;\n
}\n
.sf-reset .open-quote {\n
    top: 0;\n
    left: 0;\n
}\n
.sf-reset .close-quote {\n
    bottom: -0.5em;\n
    right: 50px;\n
}\n
.sf-reset .block-exception p {\n
    font-family: Arial, Helvetica, sans-serif;\n
}\n
.sf-reset .block-exception p a,\n
.sf-reset .block-exception p a:hover {\n
    color: #565656;\n
}\n
.sf-reset .logs h2 {\n
    float: left;\n
    width: 654px;\n
}\n
.sf-reset .error-count, .sf-reset .support {\n
    float: right;\n
    width: 170px;\n
    text-align: right;\n
}\n
.sf-reset .error-count span {\n
    display: inline-block;\n
    background-color: #aacd4e;\n
    -moz-border-radius: 6px;\n
    -webkit-border-radius: 6px;\n
    border-radius: 6px;\n
    padding: 4px;\n
    color: white;\n
    margin-right: 2px;\n
    font-size: 11px;\n
    font-weight: bold;\n
}\n
\n
.sf-reset .support a {\n
    display: inline-block;\n
    -moz-border-radius: 6px;\n
    -webkit-border-radius: 6px;\n
    border-radius: 6px;\n
    padding: 4px;\n
    color: #000000;\n
    margin-right: 2px;\n
    font-size: 11px;\n
    font-weight: bold;\n
}\n
\n
.sf-reset .toggle {\n
    vertical-align: middle;\n
}\n
.sf-reset .linked ul,\n
.sf-reset .linked li {\n
    display: inline;\n
}\n
.sf-reset #output-content {\n
    color: #000;\n
    font-size: 12px;\n
}\n
.sf-reset #traces-text pre {\n
    white-space: pre;\n
    font-size: 12px;\n
    font-family: monospace;\n
}</style>\n
    </head>\n
    <body>\n
        <script>\n
            document.body.classList.add(\n
                localStorage.getItem('symfony/profiler/theme') || (matchMedia('(prefers-color-scheme: dark)').matches ? 'theme-dark' : 'theme-light')\n
            );\n
        </script>\n
\n
                    <header>\n
                <div class="container">\n
                    <h1 class="logo"><svg xmlns="http://www.w3.org/2000/svg" width="24" height="24" viewBox="0 0 24 24"><path fill="#FFF" d="M12 .9C5.8.9.9 5.8.9 12a11 11 0 1 0 22.2 0A11 11 0 0 0 12 .9zm6.5 6c-.6 0-.9-.3-.9-.8 0-.2 0-.4.2-.6l.2-.4c0-.3-.5-.4-.6-.4-1.8.1-2.3 2.5-2.7 4.4l-.2 1c1 .2 1.8 0 2.2-.3.6-.4-.2-.7-.1-1.2.1-.3.5-.5.7-.6.5 0 .7.5.7.9 0 .7-1 1.8-3 1.8l-.6-.1-.6 2.4c-.4 1.6-.8 3.8-2.4 5.7-1.4 1.7-2.9 1.9-3.5 1.9-1.2 0-1.9-.6-2-1.5 0-.8.7-1.3 1.2-1.3.6 0 1.1.5 1.1 1s-.2.6-.4.6c-.1.1-.3.2-.3.4 0 .1.1.3.4.3.5 0 .8-.3 1.1-.5 1.2-.9 1.6-2.7 2.2-5.7l.1-.7.7-3.2c-.8-.6-1.3-1.4-2.4-1.7-.6-.1-1.1.1-1.5.5-.4.5-.2 1.1.2 1.5l.7.6c.7.8 1.2 1.6 1 2.5-.3 1.5-2 2.6-4 1.9-1.8-.6-2-1.8-1.8-2.5.2-.6.6-.7 1.1-.6.5.2.6.7.6 1.2l-.1.3c-.2.1-.3.3-.3.4-.1.4.4.6.7.7.7.3 1.6-.2 1.8-.8a1 1 0 0 0-.4-1.1l-.7-.8c-.4-.4-1.1-1.4-.7-2.6.1-.5.4-.9.7-1.3a4 4 0 0 1 2.8-.6c1.2.4 1.8 1.1 2.6 1.8.5-1.2 1-2.4 1.8-3.5.9-.9 1.9-1.6 3.1-1.7 1.3.2 2.2.7 2.2 1.6 0 .4-.2 1.1-.9 1.1z"/></svg> Symfony Exception</h1>\n
\n
                    <div class="help-link">\n
                        <a href="https://symfony.com/doc/5.4.42/index.html">\n
                            <span class="icon"><svg width="1792" height="1792" viewBox="0 0 1792 1792" xmlns="http://www.w3.org/2000/svg"><path fill="#FFF" d="M1703 478q40 57 18 129l-275 906q-19 64-76.5 107.5T1247 1664H324q-77 0-148.5-53.5T76 1479q-24-67-2-127 0-4 3-27t4-37q1-8-3-21.5t-3-19.5q2-11 8-21t16.5-23.5T116 1179q23-38 45-91.5t30-91.5q3-10 .5-30t-.5-28q3-11 17-28t17-23q21-36 42-92t25-90q1-9-2.5-32t.5-28q4-13 22-30.5t22-22.5q19-26 42.5-84.5T404 411q1-8-3-25.5t-2-26.5q2-8 9-18t18-23 17-21q8-12 16.5-30.5t15-35 16-36 19.5-32 26.5-23.5 36-11.5T620 134l-1 3q38-9 51-9h761q74 0 114 56t18 130l-274 906q-36 119-71.5 153.5T1089 1408H220q-27 0-38 15-11 16-1 43 24 70 144 70h923q29 0 56-15.5t35-41.5l300-987q7-22 5-57 38 15 59 43zm-1064 2q-4 13 2 22.5t20 9.5h608q13 0 25.5-9.5T1311 480l21-64q4-13-2-22.5t-20-9.5H702q-13 0-25.5 9.5T660 416zm-83 256q-4 13 2 22.5t20 9.5h608q13 0 25.5-9.5T1228 736l21-64q4-13-2-22.5t-20-9.5H619q-13 0-25.5 9.5T577 672z"/></svg></span>\n
                            <span class="hidden-xs-down">Symfony</span> Docs\n
                        </a>\n
                    </div>\n
                </div>\n
            </header>\n
        \n
        <div class="exception-summary ">\n
    <div class="exception-metadata">\n
        <div class="container">\n
            <h2 class="exception-hierarchy">\n
                                    <a href="#trace-box-2"><abbr title="Symfony\Component\Routing\Exception\ResourceNotFoundException">ResourceNotFoundException</abbr></a>\n
                    <span class="icon"><svg width="1792" height="1792" viewBox="0 0 1792 1792" xmlns="http://www.w3.org/2000/svg"><path fill="#FFF" d="M1363 877l-742 742q-19 19-45 19t-45-19l-166-166q-19-19-19-45t19-45l531-531-531-531q-19-19-19-45t19-45L531 45q19-19 45-19t45 19l742 742q19 19 19 45t-19 45z"/></svg></span>\n
                                <a href="#trace-box-1"><abbr title="Symfony\Component\HttpKernel\Exception\NotFoundHttpException">NotFoundHttpException</abbr></a>\n
            </h2>\n
            <h2 class="exception-http">\n
                HTTP 404 <small>Not Found</small>\n
            </h2>\n
        </div>\n
    </div>\n
\n
    <div class="exception-message-wrapper">\n
        <div class="container">\n
            <h1 class="break-long-words exception-message">No route found for &quot;GET http://localhost/admin&quot;</h1>\n
\n
            <div class="exception-illustration hidden-xs-down">\n
                <svg viewBox="0 0 136 81" xmlns="http://www.w3.org/2000/svg" fill-rule="evenodd" clip-rule="evenodd" stroke-linejoin="round" stroke-miterlimit="1.4"><path d="M92.4 20.4a23.2 23.2 0 0 1 9 1.9 23.7 23.7 0 0 1 5.2 3 24.3 24.3 0 0 1 3.4 3.4 24.8 24.8 0 0 1 5 9.4c.5 1.7.8 3.4 1 5.2v14.5h.4l.5.2a7.4 7.4 0 0 0 2.5.2l.2-.2.6-.8.8-1.3-.2-.1a5.5 5.5 0 0 1-.8-.3 5.6 5.6 0 0 1-2.3-1.8 5.7 5.7 0 0 1-.9-1.6 6.5 6.5 0 0 1-.2-2.8 7.3 7.3 0 0 1 .5-2l.3-.3.8-.9.3-.3c.2-.2.5-.3.8-.3H120.7c.2 0 .3-.1.4 0h.4l.2.1.3.2.2-.4.3-.4.1-.1 1.2-1 .3-.2.4-.1.4-.1h.3l1.5.1.4.1.8.5.1.2 1 1.1v.2H129.4l.4-.2 1.4-.5h1.1c.3 0 .7.2 1 .4.2 0 .3.2.5.3l.2.2.5.3.4.6.1.3.4 1.4.1.4v.6a7.8 7.8 0 0 1-.1.6 9.9 9.9 0 0 1-.8 2.4 7.8 7.8 0 0 1-3 3.3 6.4 6.4 0 0 1-1 .5 6.1 6.1 0 0 1-.6.2l-.7.1h-.1a23.4 23.4 0 0 1-.2 1.7 14.3 14.3 0 0 1-.6 2.1l-.8 2a9.2 9.2 0 0 1-.4.6l-.7 1a9.1 9.1 0 0 1-2.3 2.2c-.9.5-2 .6-3 .7l-1.4.1h-.5l-.4.1a15.8 15.8 0 0 1-2.8-.1v4.2a9.7 9.7 0 0 1-.7 3.5 9.6 9.6 0 0 1-1.7 2.8 9.3 9.3 0 0 1-3 2.3 9 9 0 0 1-5.4.7 9 9 0 0 1-3-1 9.4 9.4 0 0 1-2.7-2.5 10 10 0 0 1-1 1.2 9.3 9.3 0 0 1-2 1.3 9 9 0 0 1-2.4 1 9 9 0 0 1-6.5-1.1A9.4 9.4 0 0 1 85 77V77a10.9 10.9 0 0 1-.6.6 9.3 9.3 0 0 1-2.7 2 9 9 0 0 1-6 .8 9 9 0 0 1-2.4-1 9.3 9.3 0 0 1-2.3-1.7 9.6 9.6 0 0 1-1.8-2.8 9.7 9.7 0 0 1-.8-3.7v-4a18.5 18.5 0 0 1-2.9.2l-1.2-.1c-1.9-.3-3.7-1-5.1-2.2a8.2 8.2 0 0 1-1.1-1 10.2 10.2 0 0 1-.9-1.2 15.3 15.3 0 0 1-.7-1.3 20.8 20.8 0 0 1-1.9-6.2v-.2a6.5 6.5 0 0 1-1-.3 6.1 6.1 0 0 1-.6-.3 6.6 6.6 0 0 1-.9-.6 8.2 8.2 0 0 1-2.7-3.7 10 10 0 0 1-.3-1 10.3 10.3 0 0 1-.3-1.9V47v-.4l.1-.4.6-1.4.1-.2a2 2 0 0 1 .8-.8l.3-.2.3-.2a3.2 3.2 0 0 1 1.8-.5h.4l.3.2 1.4.6.2.2.4.3.3.4.7-.7.2-.2.4-.2.6-.2h2.1l.4.2.4.2.3.2.8 1 .2-.1h.1v-.1H63l1.1.1h.3l.8.5.3.4.7 1 .2.3.1.5a11 11 0 0 1 .2 1.5c0 .8 0 1.6-.3 2.3a6 6 0 0 1-.5 1.2 5.5 5.5 0 0 1-3.3 2.5 12.3 12.3 0 0 0 1.4 3h.1l.2.1 1 .2h1.5l.5-.2H67.8l.5-.2h.1V44v-.4a26.7 26.7 0 0 1 .3-2.3 24.7 24.7 0 0 1 5.7-12.5 24.2 24.2 0 0 1 3.5-3.3 23.7 23.7 0 0 1 4.9-3 23.2 23.2 0 0 1 5.6-1.7 23.7 23.7 0 0 1 4-.3zm-.3 2a21.2 21.2 0 0 0-8 1.7 21.6 21.6 0 0 0-4.8 2.7 22.2 22.2 0 0 0-3.2 3 22.7 22.7 0 0 0-5 9.2 23.4 23.4 0 0 0-.7 4.9v15.7l-.5.1a34.3 34.3 0 0 1-1.5.3h-.2l-.4.1h-.4l-.9.2a10 10 0 0 1-1.9 0c-.5 0-1-.2-1.5-.4a1.8 1.8 0 0 1-.3-.2 2 2 0 0 1-.3-.3 5.2 5.2 0 0 1-.1-.2 9 9 0 0 1-.6-.9 13.8 13.8 0 0 1-1-2 14.3 14.3 0 0 1-.6-2 14 14 0 0 1-.1-.8v-.2h.3a12.8 12.8 0 0 0 1.4-.2 4.4 4.4 0 0 0 .3 0 3.6 3.6 0 0 0 1.1-.7 3.4 3.4 0 0 0 1.2-1.7l.2-1.2a5.1 5.1 0 0 0 0-.8 7.2 7.2 0 0 0-.1-.8l-.7-1-1.2-.2-1 .7-.1 1.3a5 5 0 0 1 .1.4v.6a1 1 0 0 1 0 .3c-.1.3-.4.4-.7.5l-1.2.4v-.7A9.9 9.9 0 0 1 60 49l.3-.6v-.2l.1-.1v-1.6l-1-1.2h-1.5l-1 1.1v.4a5.3 5.3 0 0 0-.2.6 5.5 5.5 0 0 0 0 .5c0 .7 0 1.4.3 2 0 .4.2.8.4 1.2L57 51a9.5 9.5 0 0 1-1.1-.5h-.2a2 2 0 0 1-.4-.3c-.4-.4-.5-1-.6-1.6a5.6 5.6 0 0 1 0-.5v-.5-.5l-.6-1.5-1.4-.6-.9.3s-.2 0-.3.2a2 2 0 0 1-.1 0l-.6 1.4v.7a8.5 8.5 0 0 0 .5 2c.4 1.1 1 2.1 2 2.8a4.7 4.7 0 0 0 2.1.9h1a22.8 22.8 0 0 0 .1 1 18.1 18.1 0 0 0 .8 3.8 18.2 18.2 0 0 0 1.6 3.7l1 1.3c1 1 2.3 1.6 3.7 2a11.7 11.7 0 0 0 4.8 0h.4l.5-.2.5-.1.6-.2v6.6a8 8 0 0 0 .1 1.3 7.5 7.5 0 0 0 2.4 4.3 7.2 7.2 0 0 0 2.3 1.3 7 7 0 0 0 7-1.1 7.5 7.5 0 0 0 2-2.6A7.7 7.7 0 0 0 85 72V71a8.2 8.2 0 0 0 .2 1.3c0 .7.3 1.4.6 2a7.5 7.5 0 0 0 1.7 2.3 7.3 7.3 0 0 0 2.2 1.4 7.1 7.1 0 0 0 4.6.2 7.2 7.2 0 0 0 2.4-1.2 7.5 7.5 0 0 0 2.1-2.7 7.8 7.8 0 0 0 .7-2.4V71a9.3 9.3 0 0 0 .1.6 7.6 7.6 0 0 0 .6 2.5 7.5 7.5 0 0 0 2.4 3 7.1 7.1 0 0 0 7 .8 7.3 7.3 0 0 0 2.3-1.5 7.5 7.5 0 0 0 1.6-2.3 7.6 7.6 0 0 0 .5-2l.1-1.1v-6.7l.4.1a12.2 12.2 0 0 0 2 .5 11.1 11.1 0 0 0 2.5 0h.8l1.2-.1a9.5 9.5 0 0 0 1.4-.2l.9-.3a3.5 3.5 0 0 0 .6-.4l1.2-1.4a12.2 12.2 0 0 0 .8-1.2c0-.3.2-.5.3-.7a15.9 15.9 0 0 0 .7-2l.3-1.6v-1.3l.2-.9V54.6a15.5 15.5 0 0 0 1.8 0 4.5 4.5 0 0 0 1.4-.5 5.7 5.7 0 0 0 2.5-3.2 7.6 7.6 0 0 0 .4-1.5v-.3l-.4-1.4a5.2 5.2 0 0 1-.2-.1l-.4-.4a3.8 3.8 0 0 0-.2 0 1.4 1.4 0 0 0-.5-.2l-1.4.4-.7 1.3v.7a5.7 5.7 0 0 1-.1.8l-.7 1.4a1.9 1.9 0 0 1-.5.3h-.3a9.6 9.6 0 0 1-.8.3 8.8 8.8 0 0 1-.6 0l.2-.4.2-.5.2-.3v-.4l.1-.2V50l.1-1 .1-.6v-.6a4.8 4.8 0 0 0 0-.8v-.2l-1-1.1-1.5-.2-1.1 1-.2 1.4v.1l.2.4.2.3v.4l.1 1.1v.3l.1.5v.8a9.6 9.6 0 0 1-.8-.3l-.2-.1h-.3l-.8-.1h-.2a1.6 1.6 0 0 1-.2-.2.9.9 0 0 1-.2-.2 1 1 0 0 1-.1-.5l.2-.9v-1.2l-.9-.8h-1.2l-.8.9v.3a4.8 4.8 0 0 0-.3 2l.3.9a3.5 3.5 0 0 0 1.2 1.6l1 .5.8.2 1.4.1h.4l.2.1a12.1 12.1 0 0 1-1 2.6 13.2 13.2 0 0 1-.8 1.5 9.5 9.5 0 0 1-1 1.2l-.2.3a1.7 1.7 0 0 1-.4.3 2.4 2.4 0 0 1-.7.2h-2.5a7.8 7.8 0 0 1-.6-.2l-.7-.2h-.2a14.8 14.8 0 0 1-.6-.2 23.4 23.4 0 0 1-.4-.1l-.4-.1-.3-.1V43.9a34.6 34.6 0 0 0 0-.6 23.6 23.6 0 0 0-.4-3 22.7 22.7 0 0 0-1.5-4.7 22.6 22.6 0 0 0-4.6-6.7 21.9 21.9 0 0 0-6.9-4.7 21.2 21.2 0 0 0-8.1-1.8H92zm9.1 33.7l.3.1a1 1 0 0 1 .6.8v.4a8.4 8.4 0 0 1 0 .5 8.8 8.8 0 0 1-1.6 4.2l-1 1.3A10 10 0 0 1 95 66c-1.3.3-2.7.4-4 .3a10.4 10.4 0 0 1-2.7-.8 10 10 0 0 1-3.6-2.5 9.3 9.3 0 0 1-.8-1 9 9 0 0 1-.7-1.2 8.6 8.6 0 0 1-.8-3.4V57a1 1 0 0 1 .3-.6 1 1 0 0 1 1.3-.2 1 1 0 0 1 .4.8v.4a6.5 6.5 0 0 0 .5 2.2 7 7 0 0 0 2.1 2.8l1 .6c2.6 1.6 6 1.6 8.5 0a8 8 0 0 0 1.1-.6 7.6 7.6 0 0 0 1.2-1.2 7 7 0 0 0 1-1.7 6.5 6.5 0 0 0 .4-2.5 1 1 0 0 1 .7-1h.4zM30.7 43.7c-15.5 1-28.5-6-30.1-16.4C-1.2 15.7 11.6 4 29 1.3 46.6-1.7 62.3 5.5 64 17.1c1.6 10.4-8.7 21-23.7 25a31.2 31.2 0 0 0 0 .9v.3a19 19 0 0 0 .1 1l.1.4.1.9a4.7 4.7 0 0 0 .5 1l.7 1a9.2 9.2 0 0 0 1.2 1l1.5.8.6.8-.7.6-1.1.3a11.2 11.2 0 0 1-2.6.4 8.6 8.6 0 0 1-3-.5 8.5 8.5 0 0 1-1-.4 11.2 11.2 0 0 1-1.8-1.2 13.3 13.3 0 0 1-1-1 18 18 0 0 1-.7-.6l-.4-.4a23.4 23.4 0 0 1-1.3-1.8l-.1-.1-.3-.5V45l-.3-.6v-.7zM83.1 36c3.6 0 6.5 3.2 6.5 7.1 0 4-3 7.2-6.5 7.2S76.7 47 76.7 43 79.6 36 83 36zm18 0c3.6 0 6.5 3.2 6.5 7.1 0 4-2.9 7.2-6.4 7.2S94.7 47 94.7 43s3-7.1 6.5-7.1zm-18 6.1c2 0 3.5 1.6 3.5 3.6S85 49.2 83 49.2s-3.4-1.6-3.4-3.6S81.2 42 83 42zm17.9 0c1.9 0 3.4 1.6 3.4 3.6s-1.5 3.6-3.4 3.6c-2 0-3.5-1.6-3.5-3.6S99.1 42 101 42zM17 28c-.3 1.6-1.8 5-5.2 5.8-2.5.6-4.1-.8-4.5-2.6-.4-1.9.7-3.5 2.1-4.5A3.5 3.5 0 0 1 8 24.6c-.4-2 .8-3.7 3.2-4.2 1.9-.5 3.1.2 3.4 1.5.3 1.1-.5 2.2-1.8 2.5-.9.3-1.6 0-1.7-.6a1.4 1.4 0 0 1 0-.7s.3.2 1 0c.7-.1 1-.7.9-1.2-.2-.6-1-.8-1.8-.6-1 .2-2 1-1.7 2.6.3 1 .9 1.6 1.5 1.8l.7-.2c1-.2 1.5 0 1.6.5 0 .4-.2 1-1.2 1.2a3.3 3.3 0 0 1-1.5 0c-.9.7-1.6 1.9-1.3 3.2.3 1.3 1.3 2.2 3 1.8 2.5-.7 3.8-3.7 4.2-5-.3-.5-.6-1-.7-1.6-.1-.5.1-1 .9-1.2.4 0 .7.2.8.8a2.8 2.8 0 0 1 0 1l.7 1c.6-2 1.4-4 1.7-4 .6-.2 1.5.6 1.5.6-.8.7-1.7 2.4-2.3 4.2.8.6 1.6 1 2.1 1 .5-.1.8-.6 1-1.2-.3-2.2 1-4.3 2.3-4.6.7-.2 1.3.2 1.4.8.1.5 0 1.3-.9 1.7-.2-1-.6-1.3-1-1.3-.4.1-.7 1.4-.4 2.8.2 1 .7 1.5 1.3 1.4.8-.2 1.3-1.2 1.7-2.1-.3-2.1.9-4.2 2.2-4.5.7-.2 1.2.1 1.4 1 .4 1.4-1 2.8-2.2 3.4.3.7.7 1 1.3.9 1-.3 1.6-1.5 2-2.5l-.5-3v-.3s1.6-.3 1.8.6v.1c.2-.6.7-1.2 1.3-1.4.8-.1 1.5.6 1.7 1.6.5 2.2-.5 4.4-1.8 4.7H33a31.9 31.9 0 0 0 1 5.2c-.4.1-1.8.4-2-.4l-.5-5.6c-.5 1-1.3 2.2-2.5 2.4-1 .3-1.6-.3-2-1.1-.5 1-1.3 2.1-2.4 2.4-.8.2-1.5-.1-2-1-.3.8-.9 1.5-1.5 1.7-.7.1-1.5-.3-2.4-1-.3.8-.4 1.6-.4 2.2 0 0-.7 0-.8-.4-.1-.5 0-1.5.3-2.7a10.3 10.3 0 0 1-.7-.8zm38.2-17.8l.2.9c.5 1.9.4 4.4.8 6.4 0 .6-.4 3-1.4 3.3-.2 0-.3 0-.4-.4-.1-.7 0-1.6-.3-2.6-.2-1.1-.8-1.6-1.5-1.5-.8.2-1.3 1-1.6 2l-.1-.5c-.2-1-1.8-.6-1.8-.6a6.2 6.2 0 0 1 .4 1.3l.2 1c-.2.5-.6 1-1.2 1l-.2.1a7 7 0 0 0-.1-.8c-.3-1.1-1-2-1.6-1.8a.7.7 0 0 0-.4.3c-1.3.3-2.4 2-2.1 3.9-.2.9-.6 1.7-1 1.9-.5 0-.8-.5-1.1-1.8l-.1-1.2a4 4 0 0 0 0-1.7c0-.4-.4-.7-.8-.6-.7.2-.9 1.7-.5 3.8-.2 1-.6 2-1.3 2-.4.2-.8-.2-1-1l-.2-3c1.2-.5 2-1 1.8-1.7-.1-.5-.8-.7-.8-.7s0 .7-1 1.2l-.2-1.4c-.1-.6-.4-1-1.7-.6l.4 1 .2 1.5h-1v.8c0 .3.4.3 1 .2 0 1.3 0 2.7.2 3.6.3 1.4 1.2 2 2 1.7 1-.2 1.6-1.3 2-2.3.3 1.2 1 2 1.9 1.7.7-.2 1.2-1.1 1.6-2.2.4.8 1.1 1.1 2 1 1.2-.4 1.7-1.6 1.8-2.8h.2c.6-.2 1-.6 1.3-1 0 .8 0 1.5.2 2.1.1.5.3.7.6.6.5-.1 1-.9 1-.9a4 4 0 0 1-.3-1c-.3-1.3.3-3.6 1-3.7.2 0 .3.2.5.7v.8l.2 1.5v.7c.2.7.7 1.3 1.5 1 1.3-.2 2-2.6 2.1-3.9.3.2.6.2 1 .1-.6-2.2 0-6.1-.3-7.9-.1-.4-1-.5-1.7-.5h-.4zm-21.5 12c.4 0 .7.3 1 1.1.2 1.3-.3 2.6-.9 2.8-.2 0-.7 0-1-1.2v-.4c0-1.3.4-2 1-2.2zm-5.2 1c.3 0 .6.2.6.5.2.6-.3 1.3-1.2 2-.3-1.4.1-2.3.6-2.5zm18-.4c-.5.2-1-.4-1.2-1.2-.2-1 0-2.1.7-2.5v.5c.2.7.6 1.5 1.3 1.9 0 .7-.2 1.2-.7 1.3zm10-1.6c0 .5.4.7 1 .6.8-.2 1-1 .8-1.6 0-.5-.4-1-1-.8-.5.1-1 .9-.8 1.8zm-14.3-5.5c0-.4-.5-.7-1-.5-.8.2-1 1-.9 1.5.2.6.5 1 1 .8.5 0 1.1-1 1-1.8z" fill="#fff" fill-opacity=".6"/></svg>            </div>\n
        </div>\n
    </div>\n
</div>\n
\n
<div class="container">\n
    <div class="sf-tabs">\n
        <div class="tab">\n
                        <h3 class="tab-title">\n
                                    Exceptions <span class="badge">2</span>\n
                            </h3>\n
\n
            <div class="tab-content">\n
                <div class="trace trace-as-html" id="trace-box-1">\n
    <div class="trace-details">\n
        <div class="trace-head">\n
            <div class="sf-toggle" data-toggle-selector="#trace-html-1" data-toggle-initial="display">\n
                <span class="icon icon-close"><svg width="1792" height="1792" viewBox="0 0 1792 1792" xmlns="http://www.w3.org/2000/svg"><path d="M1344 800v64q0 14-9 23t-23 9H480q-14 0-23-9t-9-23v-64q0-14 9-23t23-9h832q14 0 23 9t9 23zm128 448V416q0-66-47-113t-113-47H480q-66 0-113 47t-47 113v832q0 66 47 113t113 47h832q66 0 113-47t47-113zm128-832v832q0 119-84.5 203.5T1312 1536H480q-119 0-203.5-84.5T192 1248V416q0-119 84.5-203.5T480 128h832q119 0 203.5 84.5T1600 416z"/></svg></span>\n
                <span class="icon icon-open"><svg width="1792" height="1792" viewBox="0 0 1792 1792" xmlns="http://www.w3.org/2000/svg"><path d="M1344 800v64q0 14-9 23t-23 9H960v352q0 14-9 23t-23 9h-64q-14 0-23-9t-9-23V896H480q-14 0-23-9t-9-23v-64q0-14 9-23t23-9h352V416q0-14 9-23t23-9h64q14 0 23 9t9 23v352h352q14 0 23 9t9 23zm128 448V416q0-66-47-113t-113-47H480q-66 0-113 47t-47 113v832q0 66 47 113t113 47h832q66 0 113-47t47-113zm128-832v832q0 119-84.5 203.5T1312 1536H480q-119 0-203.5-84.5T192 1248V416q0-119 84.5-203.5T480 128h832q119 0 203.5 84.5T1600 416z"/></svg></span>\n
                                                    <h3 class="trace-class">\n
                                                    <span class="trace-namespace">Symfony\Component\HttpKernel\Exception\</span>\n
                                                NotFoundHttpException                    </h3>\n
                                            </div>\n
        </div>\n
\n
        <div id="trace-html-1" class="sf-toggle-content">\n
                    <div class="trace-line trace-from-vendor">\n
                <div class="trace-line-header break-long-words sf-toggle" data-toggle-selector="#trace-html-1-0" data-toggle-initial="">\n
            <span class="icon icon-close"><svg width="1792" height="1792" viewBox="0 0 1792 1792" xmlns="http://www.w3.org/2000/svg"><path d="M1408 960V832q0-26-19-45t-45-19H448q-26 0-45 19t-19 45v128q0 26 19 45t45 19h896q26 0 45-19t19-45zm256-544v960q0 119-84.5 203.5T1376 1664H416q-119 0-203.5-84.5T128 1376V416q0-119 84.5-203.5T416 128h960q119 0 203.5 84.5T1664 416z"/></svg></span>\n
        <span class="icon icon-open"><svg width="1792" height="1792" viewBox="0 0 1792 1792" xmlns="http://www.w3.org/2000/svg"><path d="M1408 960V832q0-26-19-45t-45-19h-320V448q0-26-19-45t-45-19H832q-26 0-45 19t-19 45v320H448q-26 0-45 19t-19 45v128q0 26 19 45t45 19h320v320q0 26 19 45t45 19h128q26 0 45-19t19-45v-320h320q26 0 45-19t19-45zm256-544v960q0 119-84.5 203.5T1376 1664H416q-119 0-203.5-84.5T128 1376V416q0-119 84.5-203.5T416 128h960q119 0 203.5 84.5T1664 416z"/></svg></span>\n
    \n
    \n
                    <span class="block trace-file-path">\n
            in\n
            <a href="">\n
                vendor/symfony/http-kernel/EventListener/<strong>RouterListener.php</strong>\n
            </a>\n
                        (line 135)\n
            <span class="icon icon-copy hidden" data-clipboard-text="vendor/symfony/http-kernel/EventListener/RouterListener.php:135">\n
                <svg xmlns="http://www.w3.org/2000/svg" height="24" viewBox="0 0 24 24" width="24"><path d="M0 0h24v24H0z" fill="none"/><path d="M16 1H4c-1.1 0-2 .9-2 2v14h2V3h12V1zm3 4H8c-1.1 0-2 .9-2 2v14c0 1.1.9 2 2 2h11c1.1 0 2-.9 2-2V7c0-1.1-.9-2-2-2zm0 16H8V7h11v14z"/></svg>            </span>\n
        </span>\n
    </div>\n
    <div id="trace-html-1-0" class="trace-code sf-toggle-content">\n
        <ol start="130"><li><code><span style="color: var(--highlight-keyword)"></span></code></li>\n
<li><code><span style="color: var(--highlight-keyword)">&nbsp;&nbsp;&nbsp;&nbsp;&nbsp;&nbsp;&nbsp;&nbsp;&nbsp;&nbsp;&nbsp;&nbsp;if&nbsp;(</span><span style="color: var(--highlight-default)">$referer&nbsp;</span><span style="color: var(--highlight-keyword)">=&nbsp;</span><span style="color: var(--highlight-default)">$request</span><span style="color: var(--highlight-keyword)">-&gt;</span><span style="color: var(--highlight-default)">headers</span><span style="color: var(--highlight-keyword)">-&gt;</span><span style="color: var(--highlight-default)">get</span><span style="color: var(--highlight-keyword)">(</span><span style="color: var(--highlight-string)">'referer'</span><span style="color: var(--highlight-keyword)">))&nbsp;{</span></code></li>\n
<li><code><span style="color: var(--highlight-keyword)">&nbsp;&nbsp;&nbsp;&nbsp;&nbsp;&nbsp;&nbsp;&nbsp;&nbsp;&nbsp;&nbsp;&nbsp;&nbsp;&nbsp;&nbsp;&nbsp;</span><span style="color: var(--highlight-default)">$message&nbsp;</span><span style="color: var(--highlight-keyword)">.=&nbsp;</span><span style="color: var(--highlight-default)">sprintf</span><span style="color: var(--highlight-keyword)">(</span><span style="color: var(--highlight-string)">'&nbsp;(from&nbsp;"%s")'</span><span style="color: var(--highlight-keyword)">,&nbsp;</span><span style="color: var(--highlight-default)">$referer</span><span style="color: var(--highlight-keyword)">);</span></code></li>\n
<li><code><span style="color: var(--highlight-keyword)">&nbsp;&nbsp;&nbsp;&nbsp;&nbsp;&nbsp;&nbsp;&nbsp;&nbsp;&nbsp;&nbsp;&nbsp;}</span></code></li>\n
<li><code><span style="color: var(--highlight-keyword)"></span></code></li>\n
<li class="selected"><code><span style="color: var(--highlight-keyword)">&nbsp;&nbsp;&nbsp;&nbsp;&nbsp;&nbsp;&nbsp;&nbsp;&nbsp;&nbsp;&nbsp;&nbsp;throw&nbsp;new&nbsp;</span><span style="color: var(--highlight-default)">NotFoundHttpException</span><span style="color: var(--highlight-keyword)">(</span><span style="color: var(--highlight-default)">$message</span><span style="color: var(--highlight-keyword)">,&nbsp;</span><span style="color: var(--highlight-default)">$e</span><span style="color: var(--highlight-keyword)">);</span></code></li>\n
<li><code><span style="color: var(--highlight-keyword)">&nbsp;&nbsp;&nbsp;&nbsp;&nbsp;&nbsp;&nbsp;&nbsp;}&nbsp;catch&nbsp;(</span><span style="color: var(--highlight-default)">MethodNotAllowedException&nbsp;$e</span><span style="color: var(--highlight-keyword)">)&nbsp;{</span></code></li>\n
<li><code><span style="color: var(--highlight-keyword)">&nbsp;&nbsp;&nbsp;&nbsp;&nbsp;&nbsp;&nbsp;&nbsp;&nbsp;&nbsp;&nbsp;&nbsp;</span><span style="color: var(--highlight-default)">$message&nbsp;</span><span style="color: var(--highlight-keyword)">=&nbsp;</span><span style="color: var(--highlight-default)">sprintf</span><span style="color: var(--highlight-keyword)">(</span><span style="color: var(--highlight-string)">'No&nbsp;route&nbsp;found&nbsp;for&nbsp;"%s&nbsp;%s":&nbsp;Method&nbsp;Not&nbsp;Allowed&nbsp;(Allow:&nbsp;%s)'</span><span style="color: var(--highlight-keyword)">,&nbsp;</span><span style="color: var(--highlight-default)">$request</span><span style="color: var(--highlight-keyword)">-&gt;</span><span style="color: var(--highlight-default)">getMethod</span><span style="color: var(--highlight-keyword)">(),&nbsp;</span><span style="color: var(--highlight-default)">$request</span><span style="color: var(--highlight-keyword)">-&gt;</span><span style="color: var(--highlight-default)">getUriForPath</span><span style="color: var(--highlight-keyword)">(</span><span style="color: var(--highlight-default)">$request</span><span style="color: var(--highlight-keyword)">-&gt;</span><span style="color: var(--highlight-default)">getPathInfo</span><span style="color: var(--highlight-keyword)">()),&nbsp;</span><span style="color: var(--highlight-default)">implode</span><span style="color: var(--highlight-keyword)">(</span><span style="color: var(--highlight-string)">',&nbsp;'</span><span style="color: var(--highlight-keyword)">,&nbsp;</span><span style="color: var(--highlight-default)">$e</span><span style="color: var(--highlight-keyword)">-&gt;</span><span style="color: var(--highlight-default)">getAllowedMethods</span><span style="color: var(--highlight-keyword)">()));</span></code></li>\n
<li><code><span style="color: var(--highlight-keyword)"></span></code></li>\n
<li><code><span style="color: var(--highlight-keyword)">&nbsp;&nbsp;&nbsp;&nbsp;&nbsp;&nbsp;&nbsp;&nbsp;&nbsp;&nbsp;&nbsp;&nbsp;throw&nbsp;new&nbsp;</span><span style="color: var(--highlight-default)">MethodNotAllowedHttpException</span><span style="color: var(--highlight-keyword)">(</span><span style="color: var(--highlight-default)">$e</span><span style="color: var(--highlight-keyword)">-&gt;</span><span style="color: var(--highlight-default)">getAllowedMethods</span><span style="color: var(--highlight-keyword)">(),&nbsp;</span><span style="color: var(--highlight-default)">$message</span><span style="color: var(--highlight-keyword)">,&nbsp;</span><span style="color: var(--highlight-default)">$e</span><span style="color: var(--highlight-keyword)">);</span></code></li>\n
<li><code><span style="color: var(--highlight-keyword)">&nbsp;&nbsp;&nbsp;&nbsp;&nbsp;&nbsp;&nbsp;&nbsp;}</span></code></li></ol>    </div>            </div>\n
                        <div class="trace-line trace-from-vendor">\n
                <div class="trace-line-header break-long-words sf-toggle" data-toggle-selector="#trace-html-1-1" data-toggle-initial="">\n
            <span class="icon icon-close"><svg width="1792" height="1792" viewBox="0 0 1792 1792" xmlns="http://www.w3.org/2000/svg"><path d="M1408 960V832q0-26-19-45t-45-19H448q-26 0-45 19t-19 45v128q0 26 19 45t45 19h896q26 0 45-19t19-45zm256-544v960q0 119-84.5 203.5T1376 1664H416q-119 0-203.5-84.5T128 1376V416q0-119 84.5-203.5T416 128h960q119 0 203.5 84.5T1664 416z"/></svg></span>\n
        <span class="icon icon-open"><svg width="1792" height="1792" viewBox="0 0 1792 1792" xmlns="http://www.w3.org/2000/svg"><path d="M1408 960V832q0-26-19-45t-45-19h-320V448q0-26-19-45t-45-19H832q-26 0-45 19t-19 45v320H448q-26 0-45 19t-19 45v128q0 26 19 45t45 19h320v320q0 26 19 45t45 19h128q26 0 45-19t19-45v-320h320q26 0 45-19t19-45zm256-544v960q0 119-84.5 203.5T1376 1664H416q-119 0-203.5-84.5T128 1376V416q0-119 84.5-203.5T416 128h960q119 0 203.5 84.5T1664 416z"/></svg></span>\n
    \n
    \n
                    <span class="block trace-file-path">\n
            in\n
            <a href="">\n
                vendor/symfony/event-dispatcher/Debug/<strong>WrappedListener.php</strong>\n
            </a>\n
                            <span class="trace-type">-></span>\n
                <span class="trace-method">onKernelRequest</span>\n
                        (line 118)\n
            <span class="icon icon-copy hidden" data-clipboard-text="vendor/symfony/event-dispatcher/Debug/WrappedListener.php:118">\n
                <svg xmlns="http://www.w3.org/2000/svg" height="24" viewBox="0 0 24 24" width="24"><path d="M0 0h24v24H0z" fill="none"/><path d="M16 1H4c-1.1 0-2 .9-2 2v14h2V3h12V1zm3 4H8c-1.1 0-2 .9-2 2v14c0 1.1.9 2 2 2h11c1.1 0 2-.9 2-2V7c0-1.1-.9-2-2-2zm0 16H8V7h11v14z"/></svg>            </span>\n
        </span>\n
    </div>\n
    <div id="trace-html-1-1" class="trace-code sf-toggle-content">\n
        <ol start="113"><li><code><span style="color: var(--highlight-keyword)">&nbsp;&nbsp;&nbsp;&nbsp;&nbsp;&nbsp;&nbsp;&nbsp;</span><span style="color: var(--highlight-default)">$this</span><span style="color: var(--highlight-keyword)">-&gt;</span><span style="color: var(--highlight-default)">priority&nbsp;</span><span style="color: var(--highlight-keyword)">=&nbsp;</span><span style="color: var(--highlight-default)">$dispatcher</span><span style="color: var(--highlight-keyword)">-&gt;</span><span style="color: var(--highlight-default)">getListenerPriority</span><span style="color: var(--highlight-keyword)">(</span><span style="color: var(--highlight-default)">$eventName</span><span style="color: var(--highlight-keyword)">,&nbsp;</span><span style="color: var(--highlight-default)">$this</span><span style="color: var(--highlight-keyword)">-&gt;</span><span style="color: var(--highlight-default)">listener</span><span style="color: var(--highlight-keyword)">);</span></code></li>\n
<li><code><span style="color: var(--highlight-keyword)"></span></code></li>\n
<li><code><span style="color: var(--highlight-keyword)">&nbsp;&nbsp;&nbsp;&nbsp;&nbsp;&nbsp;&nbsp;&nbsp;</span><span style="color: var(--highlight-default)">$e&nbsp;</span><span style="color: var(--highlight-keyword)">=&nbsp;</span><span style="color: var(--highlight-default)">$this</span><span style="color: var(--highlight-keyword)">-&gt;</span><span style="color: var(--highlight-default)">stopwatch</span><span style="color: var(--highlight-keyword)">-&gt;</span><span style="color: var(--highlight-default)">start</span><span style="color: var(--highlight-keyword)">(</span><span style="color: var(--highlight-default)">$this</span><span style="color: var(--highlight-keyword)">-&gt;</span><span style="color: var(--highlight-default)">name</span><span style="color: var(--highlight-keyword)">,&nbsp;</span><span style="color: var(--highlight-string)">'event_listener'</span><span style="color: var(--highlight-keyword)">);</span></code></li>\n
<li><code><span style="color: var(--highlight-keyword)"></span></code></li>\n
<li><code><span style="color: var(--highlight-keyword)">&nbsp;&nbsp;&nbsp;&nbsp;&nbsp;&nbsp;&nbsp;&nbsp;try&nbsp;{</span></code></li>\n
<li class="selected"><code><span style="color: var(--highlight-keyword)">&nbsp;&nbsp;&nbsp;&nbsp;&nbsp;&nbsp;&nbsp;&nbsp;&nbsp;&nbsp;&nbsp;&nbsp;(</span><span style="color: var(--highlight-default)">$this</span><span style="color: var(--highlight-keyword)">-&gt;</span><span style="color: var(--highlight-default)">optimizedListener&nbsp;</span><span style="color: var(--highlight-keyword)">??&nbsp;</span><span style="color: var(--highlight-default)">$this</span><span style="color: var(--highlight-keyword)">-&gt;</span><span style="color: var(--highlight-default)">listener</span><span style="color: var(--highlight-keyword)">)(</span><span style="color: var(--highlight-default)">$event</span><span style="color: var(--highlight-keyword)">,&nbsp;</span><span style="color: var(--highlight-default)">$eventName</span><span style="color: var(--highlight-keyword)">,&nbsp;</span><span style="color: var(--highlight-default)">$dispatcher</span><span style="color: var(--highlight-keyword)">);</span></code></li>\n
<li><code><span style="color: var(--highlight-keyword)">&nbsp;&nbsp;&nbsp;&nbsp;&nbsp;&nbsp;&nbsp;&nbsp;}&nbsp;finally&nbsp;{</span></code></li>\n
<li><code><span style="color: var(--highlight-keyword)">&nbsp;&nbsp;&nbsp;&nbsp;&nbsp;&nbsp;&nbsp;&nbsp;&nbsp;&nbsp;&nbsp;&nbsp;if&nbsp;(</span><span style="color: var(--highlight-default)">$e</span><span style="color: var(--highlight-keyword)">-&gt;</span><span style="color: var(--highlight-default)">isStarted</span><span style="color: var(--highlight-keyword)">())&nbsp;{</span></code></li>\n
<li><code><span style="color: var(--highlight-keyword)">&nbsp;&nbsp;&nbsp;&nbsp;&nbsp;&nbsp;&nbsp;&nbsp;&nbsp;&nbsp;&nbsp;&nbsp;&nbsp;&nbsp;&nbsp;&nbsp;</span><span style="color: var(--highlight-default)">$e</span><span style="color: var(--highlight-keyword)">-&gt;</span><span style="color: var(--highlight-default)">stop</span><span style="color: var(--highlight-keyword)">();</span></code></li>\n
<li><code><span style="color: var(--highlight-keyword)">&nbsp;&nbsp;&nbsp;&nbsp;&nbsp;&nbsp;&nbsp;&nbsp;&nbsp;&nbsp;&nbsp;&nbsp;}</span></code></li>\n
<li><code><span style="color: var(--highlight-keyword)">&nbsp;&nbsp;&nbsp;&nbsp;&nbsp;&nbsp;&nbsp;&nbsp;}</span></code></li></ol>    </div>            </div>\n
                        <div class="trace-line trace-from-vendor">\n
                <div class="trace-line-header break-long-words sf-toggle" data-toggle-selector="#trace-html-1-2" data-toggle-initial="">\n
            <span class="icon icon-close"><svg width="1792" height="1792" viewBox="0 0 1792 1792" xmlns="http://www.w3.org/2000/svg"><path d="M1408 960V832q0-26-19-45t-45-19H448q-26 0-45 19t-19 45v128q0 26 19 45t45 19h896q26 0 45-19t19-45zm256-544v960q0 119-84.5 203.5T1376 1664H416q-119 0-203.5-84.5T128 1376V416q0-119 84.5-203.5T416 128h960q119 0 203.5 84.5T1664 416z"/></svg></span>\n
        <span class="icon icon-open"><svg width="1792" height="1792" viewBox="0 0 1792 1792" xmlns="http://www.w3.org/2000/svg"><path d="M1408 960V832q0-26-19-45t-45-19h-320V448q0-26-19-45t-45-19H832q-26 0-45 19t-19 45v320H448q-26 0-45 19t-19 45v128q0 26 19 45t45 19h320v320q0 26 19 45t45 19h128q26 0 45-19t19-45v-320h320q26 0 45-19t19-45zm256-544v960q0 119-84.5 203.5T1376 1664H416q-119 0-203.5-84.5T128 1376V416q0-119 84.5-203.5T416 128h960q119 0 203.5 84.5T1664 416z"/></svg></span>\n
    \n
    \n
                    <span class="block trace-file-path">\n
            in\n
            <a href="">\n
                vendor/symfony/event-dispatcher/<strong>EventDispatcher.php</strong>\n
            </a>\n
                            <span class="trace-type">-></span>\n
                <span class="trace-method">__invoke</span>\n
                        (line 230)\n
            <span class="icon icon-copy hidden" data-clipboard-text="vendor/symfony/event-dispatcher/EventDispatcher.php:230">\n
                <svg xmlns="http://www.w3.org/2000/svg" height="24" viewBox="0 0 24 24" width="24"><path d="M0 0h24v24H0z" fill="none"/><path d="M16 1H4c-1.1 0-2 .9-2 2v14h2V3h12V1zm3 4H8c-1.1 0-2 .9-2 2v14c0 1.1.9 2 2 2h11c1.1 0 2-.9 2-2V7c0-1.1-.9-2-2-2zm0 16H8V7h11v14z"/></svg>            </span>\n
        </span>\n
    </div>\n
    <div id="trace-html-1-2" class="trace-code sf-toggle-content">\n
        <ol start="225"><li><code><span style="color: var(--highlight-keyword)"></span></code></li>\n
<li><code><span style="color: var(--highlight-keyword)">&nbsp;&nbsp;&nbsp;&nbsp;&nbsp;&nbsp;&nbsp;&nbsp;foreach&nbsp;(</span><span style="color: var(--highlight-default)">$listeners&nbsp;</span><span style="color: var(--highlight-keyword)">as&nbsp;</span><span style="color: var(--highlight-default)">$listener</span><span style="color: var(--highlight-keyword)">)&nbsp;{</span></code></li>\n
<li><code><span style="color: var(--highlight-keyword)">&nbsp;&nbsp;&nbsp;&nbsp;&nbsp;&nbsp;&nbsp;&nbsp;&nbsp;&nbsp;&nbsp;&nbsp;if&nbsp;(</span><span style="color: var(--highlight-default)">$stoppable&nbsp;</span><span style="color: var(--highlight-keyword)">&amp;&amp;&nbsp;</span><span style="color: var(--highlight-default)">$event</span><span style="color: var(--highlight-keyword)">-&gt;</span><span style="color: var(--highlight-default)">isPropagationStopped</span><span style="color: var(--highlight-keyword)">())&nbsp;{</span></code></li>\n
<li><code><span style="color: var(--highlight-keyword)">&nbsp;&nbsp;&nbsp;&nbsp;&nbsp;&nbsp;&nbsp;&nbsp;&nbsp;&nbsp;&nbsp;&nbsp;&nbsp;&nbsp;&nbsp;&nbsp;break;</span></code></li>\n
<li><code><span style="color: var(--highlight-keyword)">&nbsp;&nbsp;&nbsp;&nbsp;&nbsp;&nbsp;&nbsp;&nbsp;&nbsp;&nbsp;&nbsp;&nbsp;}</span></code></li>\n
<li class="selected"><code><span style="color: var(--highlight-keyword)">&nbsp;&nbsp;&nbsp;&nbsp;&nbsp;&nbsp;&nbsp;&nbsp;&nbsp;&nbsp;&nbsp;&nbsp;</span><span style="color: var(--highlight-default)">$listener</span><span style="color: var(--highlight-keyword)">(</span><span style="color: var(--highlight-default)">$event</span><span style="color: var(--highlight-keyword)">,&nbsp;</span><span style="color: var(--highlight-default)">$eventName</span><span style="color: var(--highlight-keyword)">,&nbsp;</span><span style="color: var(--highlight-default)">$this</span><span style="color: var(--highlight-keyword)">);</span></code></li>\n
<li><code><span style="color: var(--highlight-keyword)">&nbsp;&nbsp;&nbsp;&nbsp;&nbsp;&nbsp;&nbsp;&nbsp;}</span></code></li>\n
<li><code><span style="color: var(--highlight-keyword)">&nbsp;&nbsp;&nbsp;&nbsp;}</span></code></li>\n
<li><code><span style="color: var(--highlight-keyword)"></span></code></li>\n
<li><code><span style="color: var(--highlight-keyword)">&nbsp;&nbsp;&nbsp;&nbsp;</span><span style="color: var(--highlight-comment)">/**</span></code></li>\n
<li><code><span style="color: var(--highlight-comment)">&nbsp;&nbsp;&nbsp;&nbsp;&nbsp;*&nbsp;Sorts&nbsp;the&nbsp;internal&nbsp;list&nbsp;of&nbsp;listeners&nbsp;for&nbsp;the&nbsp;given&nbsp;event&nbsp;by&nbsp;priority.</span></code></li></ol>    </div>            </div>\n
                        <div class="trace-line trace-from-vendor">\n
                <div class="trace-line-header break-long-words sf-toggle" data-toggle-selector="#trace-html-1-3" data-toggle-initial="">\n
            <span class="icon icon-close"><svg width="1792" height="1792" viewBox="0 0 1792 1792" xmlns="http://www.w3.org/2000/svg"><path d="M1408 960V832q0-26-19-45t-45-19H448q-26 0-45 19t-19 45v128q0 26 19 45t45 19h896q26 0 45-19t19-45zm256-544v960q0 119-84.5 203.5T1376 1664H416q-119 0-203.5-84.5T128 1376V416q0-119 84.5-203.5T416 128h960q119 0 203.5 84.5T1664 416z"/></svg></span>\n
        <span class="icon icon-open"><svg width="1792" height="1792" viewBox="0 0 1792 1792" xmlns="http://www.w3.org/2000/svg"><path d="M1408 960V832q0-26-19-45t-45-19h-320V448q0-26-19-45t-45-19H832q-26 0-45 19t-19 45v320H448q-26 0-45 19t-19 45v128q0 26 19 45t45 19h320v320q0 26 19 45t45 19h128q26 0 45-19t19-45v-320h320q26 0 45-19t19-45zm256-544v960q0 119-84.5 203.5T1376 1664H416q-119 0-203.5-84.5T128 1376V416q0-119 84.5-203.5T416 128h960q119 0 203.5 84.5T1664 416z"/></svg></span>\n
    \n
    \n
                    <span class="block trace-file-path">\n
            in\n
            <a href="">\n
                vendor/symfony/event-dispatcher/<strong>EventDispatcher.php</strong>\n
            </a>\n
                            <span class="trace-type">-></span>\n
                <span class="trace-method">callListeners</span>\n
                        (line 59)\n
            <span class="icon icon-copy hidden" data-clipboard-text="vendor/symfony/event-dispatcher/EventDispatcher.php:59">\n
                <svg xmlns="http://www.w3.org/2000/svg" height="24" viewBox="0 0 24 24" width="24"><path d="M0 0h24v24H0z" fill="none"/><path d="M16 1H4c-1.1 0-2 .9-2 2v14h2V3h12V1zm3 4H8c-1.1 0-2 .9-2 2v14c0 1.1.9 2 2 2h11c1.1 0 2-.9 2-2V7c0-1.1-.9-2-2-2zm0 16H8V7h11v14z"/></svg>            </span>\n
        </span>\n
    </div>\n
    <div id="trace-html-1-3" class="trace-code sf-toggle-content">\n
        <ol start="54"><li><code><span style="color: var(--highlight-keyword)">&nbsp;&nbsp;&nbsp;&nbsp;&nbsp;&nbsp;&nbsp;&nbsp;}&nbsp;else&nbsp;{</span></code></li>\n
<li><code><span style="color: var(--highlight-keyword)">&nbsp;&nbsp;&nbsp;&nbsp;&nbsp;&nbsp;&nbsp;&nbsp;&nbsp;&nbsp;&nbsp;&nbsp;</span><span style="color: var(--highlight-default)">$listeners&nbsp;</span><span style="color: var(--highlight-keyword)">=&nbsp;</span><span style="color: var(--highlight-default)">$this</span><span style="color: var(--highlight-keyword)">-&gt;</span><span style="color: var(--highlight-default)">getListeners</span><span style="color: var(--highlight-keyword)">(</span><span style="color: var(--highlight-default)">$eventName</span><span style="color: var(--highlight-keyword)">);</span></code></li>\n
<li><code><span style="color: var(--highlight-keyword)">&nbsp;&nbsp;&nbsp;&nbsp;&nbsp;&nbsp;&nbsp;&nbsp;}</span></code></li>\n
<li><code><span style="color: var(--highlight-keyword)"></span></code></li>\n
<li><code><span style="color: var(--highlight-keyword)">&nbsp;&nbsp;&nbsp;&nbsp;&nbsp;&nbsp;&nbsp;&nbsp;if&nbsp;(</span><span style="color: var(--highlight-default)">$listeners</span><span style="color: var(--highlight-keyword)">)&nbsp;{</span></code></li>\n
<li class="selected"><code><span style="color: var(--highlight-keyword)">&nbsp;&nbsp;&nbsp;&nbsp;&nbsp;&nbsp;&nbsp;&nbsp;&nbsp;&nbsp;&nbsp;&nbsp;</span><span style="color: var(--highlight-default)">$this</span><span style="color: var(--highlight-keyword)">-&gt;</span><span style="color: var(--highlight-default)">callListeners</span><span style="color: var(--highlight-keyword)">(</span><span style="color: var(--highlight-default)">$listeners</span><span style="color: var(--highlight-keyword)">,&nbsp;</span><span style="color: var(--highlight-default)">$eventName</span><span style="color: var(--highlight-keyword)">,&nbsp;</span><span style="color: var(--highlight-default)">$event</span><span style="color: var(--highlight-keyword)">);</span></code></li>\n
<li><code><span style="color: var(--highlight-keyword)">&nbsp;&nbsp;&nbsp;&nbsp;&nbsp;&nbsp;&nbsp;&nbsp;}</span></code></li>\n
<li><code><span style="color: var(--highlight-keyword)"></span></code></li>\n
<li><code><span style="color: var(--highlight-keyword)">&nbsp;&nbsp;&nbsp;&nbsp;&nbsp;&nbsp;&nbsp;&nbsp;return&nbsp;</span><span style="color: var(--highlight-default)">$event</span><span style="color: var(--highlight-keyword)">;</span></code></li>\n
<li><code><span style="color: var(--highlight-keyword)">&nbsp;&nbsp;&nbsp;&nbsp;}</span></code></li>\n
<li><code><span style="color: var(--highlight-keyword)"></span></code></li></ol>    </div>            </div>\n
                        <div class="trace-line trace-from-vendor">\n
                <div class="trace-line-header break-long-words sf-toggle" data-toggle-selector="#trace-html-1-4" data-toggle-initial="">\n
            <span class="icon icon-close"><svg width="1792" height="1792" viewBox="0 0 1792 1792" xmlns="http://www.w3.org/2000/svg"><path d="M1408 960V832q0-26-19-45t-45-19H448q-26 0-45 19t-19 45v128q0 26 19 45t45 19h896q26 0 45-19t19-45zm256-544v960q0 119-84.5 203.5T1376 1664H416q-119 0-203.5-84.5T128 1376V416q0-119 84.5-203.5T416 128h960q119 0 203.5 84.5T1664 416z"/></svg></span>\n
        <span class="icon icon-open"><svg width="1792" height="1792" viewBox="0 0 1792 1792" xmlns="http://www.w3.org/2000/svg"><path d="M1408 960V832q0-26-19-45t-45-19h-320V448q0-26-19-45t-45-19H832q-26 0-45 19t-19 45v320H448q-26 0-45 19t-19 45v128q0 26 19 45t45 19h320v320q0 26 19 45t45 19h128q26 0 45-19t19-45v-320h320q26 0 45-19t19-45zm256-544v960q0 119-84.5 203.5T1376 1664H416q-119 0-203.5-84.5T128 1376V416q0-119 84.5-203.5T416 128h960q119 0 203.5 84.5T1664 416z"/></svg></span>\n
    \n
    \n
                    <span class="block trace-file-path">\n
            in\n
            <a href="">\n
                vendor/symfony/event-dispatcher/Debug/<strong>TraceableEventDispatcher.php</strong>\n
            </a>\n
                            <span class="trace-type">-></span>\n
                <span class="trace-method">dispatch</span>\n
                        (line 154)\n
            <span class="icon icon-copy hidden" data-clipboard-text="vendor/symfony/event-dispatcher/Debug/TraceableEventDispatcher.php:154">\n
                <svg xmlns="http://www.w3.org/2000/svg" height="24" viewBox="0 0 24 24" width="24"><path d="M0 0h24v24H0z" fill="none"/><path d="M16 1H4c-1.1 0-2 .9-2 2v14h2V3h12V1zm3 4H8c-1.1 0-2 .9-2 2v14c0 1.1.9 2 2 2h11c1.1 0 2-.9 2-2V7c0-1.1-.9-2-2-2zm0 16H8V7h11v14z"/></svg>            </span>\n
        </span>\n
    </div>\n
    <div id="trace-html-1-4" class="trace-code sf-toggle-content">\n
        <ol start="149"><li><code><span style="color: var(--highlight-keyword)">&nbsp;&nbsp;&nbsp;&nbsp;&nbsp;&nbsp;&nbsp;&nbsp;try&nbsp;{</span></code></li>\n
<li><code><span style="color: var(--highlight-keyword)">&nbsp;&nbsp;&nbsp;&nbsp;&nbsp;&nbsp;&nbsp;&nbsp;&nbsp;&nbsp;&nbsp;&nbsp;</span><span style="color: var(--highlight-default)">$this</span><span style="color: var(--highlight-keyword)">-&gt;</span><span style="color: var(--highlight-default)">beforeDispatch</span><span style="color: var(--highlight-keyword)">(</span><span style="color: var(--highlight-default)">$eventName</span><span style="color: var(--highlight-keyword)">,&nbsp;</span><span style="color: var(--highlight-default)">$event</span><span style="color: var(--highlight-keyword)">);</span></code></li>\n
<li><code><span style="color: var(--highlight-keyword)">&nbsp;&nbsp;&nbsp;&nbsp;&nbsp;&nbsp;&nbsp;&nbsp;&nbsp;&nbsp;&nbsp;&nbsp;try&nbsp;{</span></code></li>\n
<li><code><span style="color: var(--highlight-keyword)">&nbsp;&nbsp;&nbsp;&nbsp;&nbsp;&nbsp;&nbsp;&nbsp;&nbsp;&nbsp;&nbsp;&nbsp;&nbsp;&nbsp;&nbsp;&nbsp;</span><span style="color: var(--highlight-default)">$e&nbsp;</span><span style="color: var(--highlight-keyword)">=&nbsp;</span><span style="color: var(--highlight-default)">$this</span><span style="color: var(--highlight-keyword)">-&gt;</span><span style="color: var(--highlight-default)">stopwatch</span><span style="color: var(--highlight-keyword)">-&gt;</span><span style="color: var(--highlight-default)">start</span><span style="color: var(--highlight-keyword)">(</span><span style="color: var(--highlight-default)">$eventName</span><span style="color: var(--highlight-keyword)">,&nbsp;</span><span style="color: var(--highlight-string)">'section'</span><span style="color: var(--highlight-keyword)">);</span></code></li>\n
<li><code><span style="color: var(--highlight-keyword)">&nbsp;&nbsp;&nbsp;&nbsp;&nbsp;&nbsp;&nbsp;&nbsp;&nbsp;&nbsp;&nbsp;&nbsp;&nbsp;&nbsp;&nbsp;&nbsp;try&nbsp;{</span></code></li>\n
<li class="selected"><code><span style="color: var(--highlight-keyword)">&nbsp;&nbsp;&nbsp;&nbsp;&nbsp;&nbsp;&nbsp;&nbsp;&nbsp;&nbsp;&nbsp;&nbsp;&nbsp;&nbsp;&nbsp;&nbsp;&nbsp;&nbsp;&nbsp;&nbsp;</span><span style="color: var(--highlight-default)">$this</span><span style="color: var(--highlight-keyword)">-&gt;</span><span style="color: var(--highlight-default)">dispatcher</span><span style="color: var(--highlight-keyword)">-&gt;</span><span style="color: var(--highlight-default)">dispatch</span><span style="color: var(--highlight-keyword)">(</span><span style="color: var(--highlight-default)">$event</span><span style="color: var(--highlight-keyword)">,&nbsp;</span><span style="color: var(--highlight-default)">$eventName</span><span style="color: var(--highlight-keyword)">);</span></code></li>\n
<li><code><span style="color: var(--highlight-keyword)">&nbsp;&nbsp;&nbsp;&nbsp;&nbsp;&nbsp;&nbsp;&nbsp;&nbsp;&nbsp;&nbsp;&nbsp;&nbsp;&nbsp;&nbsp;&nbsp;}&nbsp;finally&nbsp;{</span></code></li>\n
<li><code><span style="color: var(--highlight-keyword)">&nbsp;&nbsp;&nbsp;&nbsp;&nbsp;&nbsp;&nbsp;&nbsp;&nbsp;&nbsp;&nbsp;&nbsp;&nbsp;&nbsp;&nbsp;&nbsp;&nbsp;&nbsp;&nbsp;&nbsp;if&nbsp;(</span><span style="color: var(--highlight-default)">$e</span><span style="color: var(--highlight-keyword)">-&gt;</span><span style="color: var(--highlight-default)">isStarted</span><span style="color: var(--highlight-keyword)">())&nbsp;{</span></code></li>\n
<li><code><span style="color: var(--highlight-keyword)">&nbsp;&nbsp;&nbsp;&nbsp;&nbsp;&nbsp;&nbsp;&nbsp;&nbsp;&nbsp;&nbsp;&nbsp;&nbsp;&nbsp;&nbsp;&nbsp;&nbsp;&nbsp;&nbsp;&nbsp;&nbsp;&nbsp;&nbsp;&nbsp;</span><span style="color: var(--highlight-default)">$e</span><span style="color: var(--highlight-keyword)">-&gt;</span><span style="color: var(--highlight-default)">stop</span><span style="color: var(--highlight-keyword)">();</span></code></li>\n
<li><code><span style="color: var(--highlight-keyword)">&nbsp;&nbsp;&nbsp;&nbsp;&nbsp;&nbsp;&nbsp;&nbsp;&nbsp;&nbsp;&nbsp;&nbsp;&nbsp;&nbsp;&nbsp;&nbsp;&nbsp;&nbsp;&nbsp;&nbsp;}</span></code></li>\n
<li><code><span style="color: var(--highlight-keyword)">&nbsp;&nbsp;&nbsp;&nbsp;&nbsp;&nbsp;&nbsp;&nbsp;&nbsp;&nbsp;&nbsp;&nbsp;&nbsp;&nbsp;&nbsp;&nbsp;}</span></code></li></ol>    </div>            </div>\n
                        <div class="trace-line trace-from-vendor">\n
                <div class="trace-line-header break-long-words sf-toggle" data-toggle-selector="#trace-html-1-5" data-toggle-initial="">\n
            <span class="icon icon-close"><svg width="1792" height="1792" viewBox="0 0 1792 1792" xmlns="http://www.w3.org/2000/svg"><path d="M1408 960V832q0-26-19-45t-45-19H448q-26 0-45 19t-19 45v128q0 26 19 45t45 19h896q26 0 45-19t19-45zm256-544v960q0 119-84.5 203.5T1376 1664H416q-119 0-203.5-84.5T128 1376V416q0-119 84.5-203.5T416 128h960q119 0 203.5 84.5T1664 416z"/></svg></span>\n
        <span class="icon icon-open"><svg width="1792" height="1792" viewBox="0 0 1792 1792" xmlns="http://www.w3.org/2000/svg"><path d="M1408 960V832q0-26-19-45t-45-19h-320V448q0-26-19-45t-45-19H832q-26 0-45 19t-19 45v320H448q-26 0-45 19t-19 45v128q0 26 19 45t45 19h320v320q0 26 19 45t45 19h128q26 0 45-19t19-45v-320h320q26 0 45-19t19-45zm256-544v960q0 119-84.5 203.5T1376 1664H416q-119 0-203.5-84.5T128 1376V416q0-119 84.5-203.5T416 128h960q119 0 203.5 84.5T1664 416z"/></svg></span>\n
    \n
    \n
                    <span class="block trace-file-path">\n
            in\n
            <a href="">\n
                vendor/symfony/http-kernel/<strong>HttpKernel.php</strong>\n
            </a>\n
                            <span class="trace-type">-></span>\n
                <span class="trace-method">dispatch</span>\n
                        (line 139)\n
            <span class="icon icon-copy hidden" data-clipboard-text="vendor/symfony/http-kernel/HttpKernel.php:139">\n
                <svg xmlns="http://www.w3.org/2000/svg" height="24" viewBox="0 0 24 24" width="24"><path d="M0 0h24v24H0z" fill="none"/><path d="M16 1H4c-1.1 0-2 .9-2 2v14h2V3h12V1zm3 4H8c-1.1 0-2 .9-2 2v14c0 1.1.9 2 2 2h11c1.1 0 2-.9 2-2V7c0-1.1-.9-2-2-2zm0 16H8V7h11v14z"/></svg>            </span>\n
        </span>\n
    </div>\n
    <div id="trace-html-1-5" class="trace-code sf-toggle-content">\n
        <ol start="134"><li><code><span style="color: var(--highlight-comment)">&nbsp;&nbsp;&nbsp;&nbsp;&nbsp;*/</span></code></li>\n
<li><code><span style="color: var(--highlight-comment)">&nbsp;&nbsp;&nbsp;&nbsp;</span><span style="color: var(--highlight-keyword)">private&nbsp;function&nbsp;</span><span style="color: var(--highlight-default)">handleRaw</span><span style="color: var(--highlight-keyword)">(</span><span style="color: var(--highlight-default)">Request&nbsp;$request</span><span style="color: var(--highlight-keyword)">,&nbsp;</span><span style="color: var(--highlight-default)">int&nbsp;$type&nbsp;</span><span style="color: var(--highlight-keyword)">=&nbsp;</span><span style="color: var(--highlight-default)">self</span><span style="color: var(--highlight-keyword)">::</span><span style="color: var(--highlight-default)">MAIN_REQUEST</span><span style="color: var(--highlight-keyword)">):&nbsp;</span><span style="color: var(--highlight-default)">Response</span></code></li>\n
<li><code><span style="color: var(--highlight-default)">&nbsp;&nbsp;&nbsp;&nbsp;</span><span style="color: var(--highlight-keyword)">{</span></code></li>\n
<li><code><span style="color: var(--highlight-keyword)">&nbsp;&nbsp;&nbsp;&nbsp;&nbsp;&nbsp;&nbsp;&nbsp;</span><span style="color: var(--highlight-comment)">//&nbsp;request</span></code></li>\n
<li><code><span style="color: var(--highlight-comment)">&nbsp;&nbsp;&nbsp;&nbsp;&nbsp;&nbsp;&nbsp;&nbsp;</span><span style="color: var(--highlight-default)">$event&nbsp;</span><span style="color: var(--highlight-keyword)">=&nbsp;new&nbsp;</span><span style="color: var(--highlight-default)">RequestEvent</span><span style="color: var(--highlight-keyword)">(</span><span style="color: var(--highlight-default)">$this</span><span style="color: var(--highlight-keyword)">,&nbsp;</span><span style="color: var(--highlight-default)">$request</span><span style="color: var(--highlight-keyword)">,&nbsp;</span><span style="color: var(--highlight-default)">$type</span><span style="color: var(--highlight-keyword)">);</span></code></li>\n
<li class="selected"><code><span style="color: var(--highlight-keyword)">&nbsp;&nbsp;&nbsp;&nbsp;&nbsp;&nbsp;&nbsp;&nbsp;</span><span style="color: var(--highlight-default)">$this</span><span style="color: var(--highlight-keyword)">-&gt;</span><span style="color: var(--highlight-default)">dispatcher</span><span style="color: var(--highlight-keyword)">-&gt;</span><span style="color: var(--highlight-default)">dispatch</span><span style="color: var(--highlight-keyword)">(</span><span style="color: var(--highlight-default)">$event</span><span style="color: var(--highlight-keyword)">,&nbsp;</span><span style="color: var(--highlight-default)">KernelEvents</span><span style="color: var(--highlight-keyword)">::</span><span style="color: var(--highlight-default)">REQUEST</span><span style="color: var(--highlight-keyword)">);</span></code></li>\n
<li><code><span style="color: var(--highlight-keyword)"></span></code></li>\n
<li><code><span style="color: var(--highlight-keyword)">&nbsp;&nbsp;&nbsp;&nbsp;&nbsp;&nbsp;&nbsp;&nbsp;if&nbsp;(</span><span style="color: var(--highlight-default)">$event</span><span style="color: var(--highlight-keyword)">-&gt;</span><span style="color: var(--highlight-default)">hasResponse</span><span style="color: var(--highlight-keyword)">())&nbsp;{</span></code></li>\n
<li><code><span style="color: var(--highlight-keyword)">&nbsp;&nbsp;&nbsp;&nbsp;&nbsp;&nbsp;&nbsp;&nbsp;&nbsp;&nbsp;&nbsp;&nbsp;return&nbsp;</span><span style="color: var(--highlight-default)">$this</span><span style="color: var(--highlight-keyword)">-&gt;</span><span style="color: var(--highlight-default)">filterResponse</span><span style="color: var(--highlight-keyword)">(</span><span style="color: var(--highlight-default)">$event</span><span style="color: var(--highlight-keyword)">-&gt;</span><span style="color: var(--highlight-default)">getResponse</span><span style="color: var(--highlight-keyword)">(),&nbsp;</span><span style="color: var(--highlight-default)">$request</span><span style="color: var(--highlight-keyword)">,&nbsp;</span><span style="color: var(--highlight-default)">$type</span><span style="color: var(--highlight-keyword)">);</span></code></li>\n
<li><code><span style="color: var(--highlight-keyword)">&nbsp;&nbsp;&nbsp;&nbsp;&nbsp;&nbsp;&nbsp;&nbsp;}</span></code></li>\n
<li><code><span style="color: var(--highlight-keyword)"></span></code></li></ol>    </div>            </div>\n
                        <div class="trace-line trace-from-vendor">\n
                <div class="trace-line-header break-long-words sf-toggle" data-toggle-selector="#trace-html-1-6" data-toggle-initial="">\n
            <span class="icon icon-close"><svg width="1792" height="1792" viewBox="0 0 1792 1792" xmlns="http://www.w3.org/2000/svg"><path d="M1408 960V832q0-26-19-45t-45-19H448q-26 0-45 19t-19 45v128q0 26 19 45t45 19h896q26 0 45-19t19-45zm256-544v960q0 119-84.5 203.5T1376 1664H416q-119 0-203.5-84.5T128 1376V416q0-119 84.5-203.5T416 128h960q119 0 203.5 84.5T1664 416z"/></svg></span>\n
        <span class="icon icon-open"><svg width="1792" height="1792" viewBox="0 0 1792 1792" xmlns="http://www.w3.org/2000/svg"><path d="M1408 960V832q0-26-19-45t-45-19h-320V448q0-26-19-45t-45-19H832q-26 0-45 19t-19 45v320H448q-26 0-45 19t-19 45v128q0 26 19 45t45 19h320v320q0 26 19 45t45 19h128q26 0 45-19t19-45v-320h320q26 0 45-19t19-45zm256-544v960q0 119-84.5 203.5T1376 1664H416q-119 0-203.5-84.5T128 1376V416q0-119 84.5-203.5T416 128h960q119 0 203.5 84.5T1664 416z"/></svg></span>\n
    \n
    \n
                    <span class="block trace-file-path">\n
            in\n
            <a href="">\n
                vendor/symfony/http-kernel/<strong>HttpKernel.php</strong>\n
            </a>\n
                            <span class="trace-type">-></span>\n
                <span class="trace-method">handleRaw</span>\n
                        (line 75)\n
            <span class="icon icon-copy hidden" data-clipboard-text="vendor/symfony/http-kernel/HttpKernel.php:75">\n
                <svg xmlns="http://www.w3.org/2000/svg" height="24" viewBox="0 0 24 24" width="24"><path d="M0 0h24v24H0z" fill="none"/><path d="M16 1H4c-1.1 0-2 .9-2 2v14h2V3h12V1zm3 4H8c-1.1 0-2 .9-2 2v14c0 1.1.9 2 2 2h11c1.1 0 2-.9 2-2V7c0-1.1-.9-2-2-2zm0 16H8V7h11v14z"/></svg>            </span>\n
        </span>\n
    </div>\n
    <div id="trace-html-1-6" class="trace-code sf-toggle-content">\n
        <ol start="70"><li><code><span style="color: var(--highlight-keyword)">&nbsp;&nbsp;&nbsp;&nbsp;{</span></code></li>\n
<li><code><span style="color: var(--highlight-keyword)">&nbsp;&nbsp;&nbsp;&nbsp;&nbsp;&nbsp;&nbsp;&nbsp;</span><span style="color: var(--highlight-default)">$request</span><span style="color: var(--highlight-keyword)">-&gt;</span><span style="color: var(--highlight-default)">headers</span><span style="color: var(--highlight-keyword)">-&gt;</span><span style="color: var(--highlight-default)">set</span><span style="color: var(--highlight-keyword)">(</span><span style="color: var(--highlight-string)">'X-Php-Ob-Level'</span><span style="color: var(--highlight-keyword)">,&nbsp;(string)&nbsp;</span><span style="color: var(--highlight-default)">ob_get_level</span><span style="color: var(--highlight-keyword)">());</span></code></li>\n
<li><code><span style="color: var(--highlight-keyword)"></span></code></li>\n
<li><code><span style="color: var(--highlight-keyword)">&nbsp;&nbsp;&nbsp;&nbsp;&nbsp;&nbsp;&nbsp;&nbsp;</span><span style="color: var(--highlight-default)">$this</span><span style="color: var(--highlight-keyword)">-&gt;</span><span style="color: var(--highlight-default)">requestStack</span><span style="color: var(--highlight-keyword)">-&gt;</span><span style="color: var(--highlight-default)">push</span><span style="color: var(--highlight-keyword)">(</span><span style="color: var(--highlight-default)">$request</span><span style="color: var(--highlight-keyword)">);</span></code></li>\n
<li><code><span style="color: var(--highlight-keyword)">&nbsp;&nbsp;&nbsp;&nbsp;&nbsp;&nbsp;&nbsp;&nbsp;try&nbsp;{</span></code></li>\n
<li class="selected"><code><span style="color: var(--highlight-keyword)">&nbsp;&nbsp;&nbsp;&nbsp;&nbsp;&nbsp;&nbsp;&nbsp;&nbsp;&nbsp;&nbsp;&nbsp;return&nbsp;</span><span style="color: var(--highlight-default)">$this</span><span style="color: var(--highlight-keyword)">-&gt;</span><span style="color: var(--highlight-default)">handleRaw</span><span style="color: var(--highlight-keyword)">(</span><span style="color: var(--highlight-default)">$request</span><span style="color: var(--highlight-keyword)">,&nbsp;</span><span style="color: var(--highlight-default)">$type</span><span style="color: var(--highlight-keyword)">);</span></code></li>\n
<li><code><span style="color: var(--highlight-keyword)">&nbsp;&nbsp;&nbsp;&nbsp;&nbsp;&nbsp;&nbsp;&nbsp;}&nbsp;catch&nbsp;(</span><span style="color: var(--highlight-default)">\Exception&nbsp;$e</span><span style="color: var(--highlight-keyword)">)&nbsp;{</span></code></li>\n
<li><code><span style="color: var(--highlight-keyword)">&nbsp;&nbsp;&nbsp;&nbsp;&nbsp;&nbsp;&nbsp;&nbsp;&nbsp;&nbsp;&nbsp;&nbsp;if&nbsp;(</span><span style="color: var(--highlight-default)">$e&nbsp;</span><span style="color: var(--highlight-keyword)">instanceof&nbsp;</span><span style="color: var(--highlight-default)">RequestExceptionInterface</span><span style="color: var(--highlight-keyword)">)&nbsp;{</span></code></li>\n
<li><code><span style="color: var(--highlight-keyword)">&nbsp;&nbsp;&nbsp;&nbsp;&nbsp;&nbsp;&nbsp;&nbsp;&nbsp;&nbsp;&nbsp;&nbsp;&nbsp;&nbsp;&nbsp;&nbsp;</span><span style="color: var(--highlight-default)">$e&nbsp;</span><span style="color: var(--highlight-keyword)">=&nbsp;new&nbsp;</span><span style="color: var(--highlight-default)">BadRequestHttpException</span><span style="color: var(--highlight-keyword)">(</span><span style="color: var(--highlight-default)">$e</span><span style="color: var(--highlight-keyword)">-&gt;</span><span style="color: var(--highlight-default)">getMessage</span><span style="color: var(--highlight-keyword)">(),&nbsp;</span><span style="color: var(--highlight-default)">$e</span><span style="color: var(--highlight-keyword)">);</span></code></li>\n
<li><code><span style="color: var(--highlight-keyword)">&nbsp;&nbsp;&nbsp;&nbsp;&nbsp;&nbsp;&nbsp;&nbsp;&nbsp;&nbsp;&nbsp;&nbsp;}</span></code></li>\n
<li><code><span style="color: var(--highlight-keyword)">&nbsp;&nbsp;&nbsp;&nbsp;&nbsp;&nbsp;&nbsp;&nbsp;&nbsp;&nbsp;&nbsp;&nbsp;if&nbsp;(</span><span style="color: var(--highlight-default)">false&nbsp;</span><span style="color: var(--highlight-keyword)">===&nbsp;</span><span style="color: var(--highlight-default)">$catch</span><span style="color: var(--highlight-keyword)">)&nbsp;{</span></code></li></ol>    </div>            </div>\n
                        <div class="trace-line trace-from-vendor">\n
                <div class="trace-line-header break-long-words sf-toggle" data-toggle-selector="#trace-html-1-7" data-toggle-initial="">\n
            <span class="icon icon-close"><svg width="1792" height="1792" viewBox="0 0 1792 1792" xmlns="http://www.w3.org/2000/svg"><path d="M1408 960V832q0-26-19-45t-45-19H448q-26 0-45 19t-19 45v128q0 26 19 45t45 19h896q26 0 45-19t19-45zm256-544v960q0 119-84.5 203.5T1376 1664H416q-119 0-203.5-84.5T128 1376V416q0-119 84.5-203.5T416 128h960q119 0 203.5 84.5T1664 416z"/></svg></span>\n
        <span class="icon icon-open"><svg width="1792" height="1792" viewBox="0 0 1792 1792" xmlns="http://www.w3.org/2000/svg"><path d="M1408 960V832q0-26-19-45t-45-19h-320V448q0-26-19-45t-45-19H832q-26 0-45 19t-19 45v320H448q-26 0-45 19t-19 45v128q0 26 19 45t45 19h320v320q0 26 19 45t45 19h128q26 0 45-19t19-45v-320h320q26 0 45-19t19-45zm256-544v960q0 119-84.5 203.5T1376 1664H416q-119 0-203.5-84.5T128 1376V416q0-119 84.5-203.5T416 128h960q119 0 203.5 84.5T1664 416z"/></svg></span>\n
    \n
    \n
                    <span class="block trace-file-path">\n
            in\n
            <a href="">\n
                vendor/symfony/http-kernel/<strong>Kernel.php</strong>\n
            </a>\n
                            <span class="trace-type">-></span>\n
                <span class="trace-method">handle</span>\n
                        (line 202)\n
            <span class="icon icon-copy hidden" data-clipboard-text="vendor/symfony/http-kernel/Kernel.php:202">\n
                <svg xmlns="http://www.w3.org/2000/svg" height="24" viewBox="0 0 24 24" width="24"><path d="M0 0h24v24H0z" fill="none"/><path d="M16 1H4c-1.1 0-2 .9-2 2v14h2V3h12V1zm3 4H8c-1.1 0-2 .9-2 2v14c0 1.1.9 2 2 2h11c1.1 0 2-.9 2-2V7c0-1.1-.9-2-2-2zm0 16H8V7h11v14z"/></svg>            </span>\n
        </span>\n
    </div>\n
    <div id="trace-html-1-7" class="trace-code sf-toggle-content">\n
        <ol start="197"><li><code><span style="color: var(--highlight-keyword)">&nbsp;&nbsp;&nbsp;&nbsp;&nbsp;&nbsp;&nbsp;&nbsp;</span><span style="color: var(--highlight-default)">$this</span><span style="color: var(--highlight-keyword)">-&gt;</span><span style="color: var(--highlight-default)">boot</span><span style="color: var(--highlight-keyword)">();</span></code></li>\n
<li><code><span style="color: var(--highlight-keyword)">&nbsp;&nbsp;&nbsp;&nbsp;&nbsp;&nbsp;&nbsp;&nbsp;++</span><span style="color: var(--highlight-default)">$this</span><span style="color: var(--highlight-keyword)">-&gt;</span><span style="color: var(--highlight-default)">requestStackSize</span><span style="color: var(--highlight-keyword)">;</span></code></li>\n
<li><code><span style="color: var(--highlight-keyword)">&nbsp;&nbsp;&nbsp;&nbsp;&nbsp;&nbsp;&nbsp;&nbsp;</span><span style="color: var(--highlight-default)">$this</span><span style="color: var(--highlight-keyword)">-&gt;</span><span style="color: var(--highlight-default)">resetServices&nbsp;</span><span style="color: var(--highlight-keyword)">=&nbsp;</span><span style="color: var(--highlight-default)">true</span><span style="color: var(--highlight-keyword)">;</span></code></li>\n
<li><code><span style="color: var(--highlight-keyword)"></span></code></li>\n
<li><code><span style="color: var(--highlight-keyword)">&nbsp;&nbsp;&nbsp;&nbsp;&nbsp;&nbsp;&nbsp;&nbsp;try&nbsp;{</span></code></li>\n
<li class="selected"><code><span style="color: var(--highlight-keyword)">&nbsp;&nbsp;&nbsp;&nbsp;&nbsp;&nbsp;&nbsp;&nbsp;&nbsp;&nbsp;&nbsp;&nbsp;return&nbsp;</span><span style="color: var(--highlight-default)">$this</span><span style="color: var(--highlight-keyword)">-&gt;</span><span style="color: var(--highlight-default)">getHttpKernel</span><span style="color: var(--highlight-keyword)">()-&gt;</span><span style="color: var(--highlight-default)">handle</span><span style="color: var(--highlight-keyword)">(</span><span style="color: var(--highlight-default)">$request</span><span style="color: var(--highlight-keyword)">,&nbsp;</span><span style="color: var(--highlight-default)">$type</span><span style="color: var(--highlight-keyword)">,&nbsp;</span><span style="color: var(--highlight-default)">$catch</span><span style="color: var(--highlight-keyword)">);</span></code></li>\n
<li><code><span style="color: var(--highlight-keyword)">&nbsp;&nbsp;&nbsp;&nbsp;&nbsp;&nbsp;&nbsp;&nbsp;}&nbsp;finally&nbsp;{</span></code></li>\n
<li><code><span style="color: var(--highlight-keyword)">&nbsp;&nbsp;&nbsp;&nbsp;&nbsp;&nbsp;&nbsp;&nbsp;&nbsp;&nbsp;&nbsp;&nbsp;--</span><span style="color: var(--highlight-default)">$this</span><span style="color: var(--highlight-keyword)">-&gt;</span><span style="color: var(--highlight-default)">requestStackSize</span><span style="color: var(--highlight-keyword)">;</span></code></li>\n
<li><code><span style="color: var(--highlight-keyword)">&nbsp;&nbsp;&nbsp;&nbsp;&nbsp;&nbsp;&nbsp;&nbsp;}</span></code></li>\n
<li><code><span style="color: var(--highlight-keyword)">&nbsp;&nbsp;&nbsp;&nbsp;}</span></code></li>\n
<li><code><span style="color: var(--highlight-keyword)"></span></code></li></ol>    </div>            </div>\n
                        <div class="trace-line trace-from-vendor">\n
                <div class="trace-line-header break-long-words sf-toggle" data-toggle-selector="#trace-html-1-8" data-toggle-initial="">\n
            <span class="icon icon-close"><svg width="1792" height="1792" viewBox="0 0 1792 1792" xmlns="http://www.w3.org/2000/svg"><path d="M1408 960V832q0-26-19-45t-45-19H448q-26 0-45 19t-19 45v128q0 26 19 45t45 19h896q26 0 45-19t19-45zm256-544v960q0 119-84.5 203.5T1376 1664H416q-119 0-203.5-84.5T128 1376V416q0-119 84.5-203.5T416 128h960q119 0 203.5 84.5T1664 416z"/></svg></span>\n
        <span class="icon icon-open"><svg width="1792" height="1792" viewBox="0 0 1792 1792" xmlns="http://www.w3.org/2000/svg"><path d="M1408 960V832q0-26-19-45t-45-19h-320V448q0-26-19-45t-45-19H832q-26 0-45 19t-19 45v320H448q-26 0-45 19t-19 45v128q0 26 19 45t45 19h320v320q0 26 19 45t45 19h128q26 0 45-19t19-45v-320h320q26 0 45-19t19-45zm256-544v960q0 119-84.5 203.5T1376 1664H416q-119 0-203.5-84.5T128 1376V416q0-119 84.5-203.5T416 128h960q119 0 203.5 84.5T1664 416z"/></svg></span>\n
    \n
    \n
                    <span class="block trace-file-path">\n
            in\n
            <a href="">\n
                vendor/symfony/http-kernel/<strong>HttpKernelBrowser.php</strong>\n
            </a>\n
                            <span class="trace-type">-></span>\n
                <span class="trace-method">handle</span>\n
                        (line 65)\n
            <span class="icon icon-copy hidden" data-clipboard-text="vendor/symfony/http-kernel/HttpKernelBrowser.php:65">\n
                <svg xmlns="http://www.w3.org/2000/svg" height="24" viewBox="0 0 24 24" width="24"><path d="M0 0h24v24H0z" fill="none"/><path d="M16 1H4c-1.1 0-2 .9-2 2v14h2V3h12V1zm3 4H8c-1.1 0-2 .9-2 2v14c0 1.1.9 2 2 2h11c1.1 0 2-.9 2-2V7c0-1.1-.9-2-2-2zm0 16H8V7h11v14z"/></svg>            </span>\n
        </span>\n
    </div>\n
    <div id="trace-html-1-8" class="trace-code sf-toggle-content">\n
        <ol start="60"><li><code><span style="color: var(--highlight-comment)">&nbsp;&nbsp;&nbsp;&nbsp;&nbsp;*</span></code></li>\n
<li><code><span style="color: var(--highlight-comment)">&nbsp;&nbsp;&nbsp;&nbsp;&nbsp;*&nbsp;@return&nbsp;Response</span></code></li>\n
<li><code><span style="color: var(--highlight-comment)">&nbsp;&nbsp;&nbsp;&nbsp;&nbsp;*/</span></code></li>\n
<li><code><span style="color: var(--highlight-comment)">&nbsp;&nbsp;&nbsp;&nbsp;</span><span style="color: var(--highlight-keyword)">protected&nbsp;function&nbsp;</span><span style="color: var(--highlight-default)">doRequest</span><span style="color: var(--highlight-keyword)">(</span><span style="color: var(--highlight-default)">object&nbsp;$request</span><span style="color: var(--highlight-keyword)">)</span></code></li>\n
<li><code><span style="color: var(--highlight-keyword)">&nbsp;&nbsp;&nbsp;&nbsp;{</span></code></li>\n
<li class="selected"><code><span style="color: var(--highlight-keyword)">&nbsp;&nbsp;&nbsp;&nbsp;&nbsp;&nbsp;&nbsp;&nbsp;</span><span style="color: var(--highlight-default)">$response&nbsp;</span><span style="color: var(--highlight-keyword)">=&nbsp;</span><span style="color: var(--highlight-default)">$this</span><span style="color: var(--highlight-keyword)">-&gt;</span><span style="color: var(--highlight-default)">kernel</span><span style="color: var(--highlight-keyword)">-&gt;</span><span style="color: var(--highlight-default)">handle</span><span style="color: var(--highlight-keyword)">(</span><span style="color: var(--highlight-default)">$request</span><span style="color: var(--highlight-keyword)">,&nbsp;</span><span style="color: var(--highlight-default)">HttpKernelInterface</span><span style="color: var(--highlight-keyword)">::</span><span style="color: var(--highlight-default)">MAIN_REQUEST</span><span style="color: var(--highlight-keyword)">,&nbsp;</span><span style="color: var(--highlight-default)">$this</span><span style="color: var(--highlight-keyword)">-&gt;</span><span style="color: var(--highlight-default)">catchExceptions</span><span style="color: var(--highlight-keyword)">);</span></code></li>\n
<li><code><span style="color: var(--highlight-keyword)"></span></code></li>\n
<li><code><span style="color: var(--highlight-keyword)">&nbsp;&nbsp;&nbsp;&nbsp;&nbsp;&nbsp;&nbsp;&nbsp;if&nbsp;(</span><span style="color: var(--highlight-default)">$this</span><span style="color: var(--highlight-keyword)">-&gt;</span><span style="color: var(--highlight-default)">kernel&nbsp;</span><span style="color: var(--highlight-keyword)">instanceof&nbsp;</span><span style="color: var(--highlight-default)">TerminableInterface</span><span style="color: var(--highlight-keyword)">)&nbsp;{</span></code></li>\n
<li><code><span style="color: var(--highlight-keyword)">&nbsp;&nbsp;&nbsp;&nbsp;&nbsp;&nbsp;&nbsp;&nbsp;&nbsp;&nbsp;&nbsp;&nbsp;</span><span style="color: var(--highlight-default)">$this</span><span style="color: var(--highlight-keyword)">-&gt;</span><span style="color: var(--highlight-default)">kernel</span><span style="color: var(--highlight-keyword)">-&gt;</span><span style="color: var(--highlight-default)">terminate</span><span style="color: var(--highlight-keyword)">(</span><span style="color: var(--highlight-default)">$request</span><span style="color: var(--highlight-keyword)">,&nbsp;</span><span style="color: var(--highlight-default)">$response</span><span style="color: var(--highlight-keyword)">);</span></code></li>\n
<li><code><span style="color: var(--highlight-keyword)">&nbsp;&nbsp;&nbsp;&nbsp;&nbsp;&nbsp;&nbsp;&nbsp;}</span></code></li>\n
<li><code><span style="color: var(--highlight-keyword)"></span></code></li></ol>    </div>            </div>\n
                        <div class="trace-line trace-from-vendor">\n
                <div class="trace-line-header break-long-words sf-toggle" data-toggle-selector="#trace-html-1-9" data-toggle-initial="">\n
            <span class="icon icon-close"><svg width="1792" height="1792" viewBox="0 0 1792 1792" xmlns="http://www.w3.org/2000/svg"><path d="M1408 960V832q0-26-19-45t-45-19H448q-26 0-45 19t-19 45v128q0 26 19 45t45 19h896q26 0 45-19t19-45zm256-544v960q0 119-84.5 203.5T1376 1664H416q-119 0-203.5-84.5T128 1376V416q0-119 84.5-203.5T416 128h960q119 0 203.5 84.5T1664 416z"/></svg></span>\n
        <span class="icon icon-open"><svg width="1792" height="1792" viewBox="0 0 1792 1792" xmlns="http://www.w3.org/2000/svg"><path d="M1408 960V832q0-26-19-45t-45-19h-320V448q0-26-19-45t-45-19H832q-26 0-45 19t-19 45v320H448q-26 0-45 19t-19 45v128q0 26 19 45t45 19h320v320q0 26 19 45t45 19h128q26 0 45-19t19-45v-320h320q26 0 45-19t19-45zm256-544v960q0 119-84.5 203.5T1376 1664H416q-119 0-203.5-84.5T128 1376V416q0-119 84.5-203.5T416 128h960q119 0 203.5 84.5T1664 416z"/></svg></span>\n
    \n
    \n
                    <span class="block trace-file-path">\n
            in\n
            <a href="">\n
                vendor/symfony/framework-bundle/<strong>KernelBrowser.php</strong>\n
            </a>\n
                            <span class="trace-type">-></span>\n
                <span class="trace-method">doRequest</span>\n
                        (line 183)\n
            <span class="icon icon-copy hidden" data-clipboard-text="vendor/symfony/framework-bundle/KernelBrowser.php:183">\n
                <svg xmlns="http://www.w3.org/2000/svg" height="24" viewBox="0 0 24 24" width="24"><path d="M0 0h24v24H0z" fill="none"/><path d="M16 1H4c-1.1 0-2 .9-2 2v14h2V3h12V1zm3 4H8c-1.1 0-2 .9-2 2v14c0 1.1.9 2 2 2h11c1.1 0 2-.9 2-2V7c0-1.1-.9-2-2-2zm0 16H8V7h11v14z"/></svg>            </span>\n
        </span>\n
    </div>\n
    <div id="trace-html-1-9" class="trace-code sf-toggle-content">\n
        <ol start="178"><li><code><span style="color: var(--highlight-keyword)"></span></code></li>\n
<li><code><span style="color: var(--highlight-keyword)">&nbsp;&nbsp;&nbsp;&nbsp;&nbsp;&nbsp;&nbsp;&nbsp;&nbsp;&nbsp;&nbsp;&nbsp;</span><span style="color: var(--highlight-default)">$this</span><span style="color: var(--highlight-keyword)">-&gt;</span><span style="color: var(--highlight-default)">kernel</span><span style="color: var(--highlight-keyword)">-&gt;</span><span style="color: var(--highlight-default)">boot</span><span style="color: var(--highlight-keyword)">();</span></code></li>\n
<li><code><span style="color: var(--highlight-keyword)">&nbsp;&nbsp;&nbsp;&nbsp;&nbsp;&nbsp;&nbsp;&nbsp;&nbsp;&nbsp;&nbsp;&nbsp;</span><span style="color: var(--highlight-default)">$this</span><span style="color: var(--highlight-keyword)">-&gt;</span><span style="color: var(--highlight-default)">getContainer</span><span style="color: var(--highlight-keyword)">()-&gt;</span><span style="color: var(--highlight-default)">get</span><span style="color: var(--highlight-keyword)">(</span><span style="color: var(--highlight-string)">'profiler'</span><span style="color: var(--highlight-keyword)">)-&gt;</span><span style="color: var(--highlight-default)">enable</span><span style="color: var(--highlight-keyword)">();</span></code></li>\n
<li><code><span style="color: var(--highlight-keyword)">&nbsp;&nbsp;&nbsp;&nbsp;&nbsp;&nbsp;&nbsp;&nbsp;}</span></code></li>\n
<li><code><span style="color: var(--highlight-keyword)"></span></code></li>\n
<li class="selected"><code><span style="color: var(--highlight-keyword)">&nbsp;&nbsp;&nbsp;&nbsp;&nbsp;&nbsp;&nbsp;&nbsp;return&nbsp;</span><span style="color: var(--highlight-default)">parent</span><span style="color: var(--highlight-keyword)">::</span><span style="color: var(--highlight-default)">doRequest</span><span style="color: var(--highlight-keyword)">(</span><span style="color: var(--highlight-default)">$request</span><span style="color: var(--highlight-keyword)">);</span></code></li>\n
<li><code><span style="color: var(--highlight-keyword)">&nbsp;&nbsp;&nbsp;&nbsp;}</span></code></li>\n
<li><code><span style="color: var(--highlight-keyword)"></span></code></li>\n
<li><code><span style="color: var(--highlight-keyword)">&nbsp;&nbsp;&nbsp;&nbsp;</span><span style="color: var(--highlight-comment)">/**</span></code></li>\n
<li><code><span style="color: var(--highlight-comment)">&nbsp;&nbsp;&nbsp;&nbsp;&nbsp;*&nbsp;{@inheritdoc}</span></code></li>\n
<li><code><span style="color: var(--highlight-comment)">&nbsp;&nbsp;&nbsp;&nbsp;&nbsp;*</span></code></li></ol>    </div>            </div>\n
                        <div class="trace-line trace-from-vendor">\n
                <div class="trace-line-header break-long-words sf-toggle" data-toggle-selector="#trace-html-1-10" data-toggle-initial="">\n
            <span class="icon icon-close"><svg width="1792" height="1792" viewBox="0 0 1792 1792" xmlns="http://www.w3.org/2000/svg"><path d="M1408 960V832q0-26-19-45t-45-19H448q-26 0-45 19t-19 45v128q0 26 19 45t45 19h896q26 0 45-19t19-45zm256-544v960q0 119-84.5 203.5T1376 1664H416q-119 0-203.5-84.5T128 1376V416q0-119 84.5-203.5T416 128h960q119 0 203.5 84.5T1664 416z"/></svg></span>\n
        <span class="icon icon-open"><svg width="1792" height="1792" viewBox="0 0 1792 1792" xmlns="http://www.w3.org/2000/svg"><path d="M1408 960V832q0-26-19-45t-45-19h-320V448q0-26-19-45t-45-19H832q-26 0-45 19t-19 45v320H448q-26 0-45 19t-19 45v128q0 26 19 45t45 19h320v320q0 26 19 45t45 19h128q26 0 45-19t19-45v-320h320q26 0 45-19t19-45zm256-544v960q0 119-84.5 203.5T1376 1664H416q-119 0-203.5-84.5T128 1376V416q0-119 84.5-203.5T416 128h960q119 0 203.5 84.5T1664 416z"/></svg></span>\n
    \n
    \n
                    <span class="block trace-file-path">\n
            in\n
            <a href="">\n
                vendor/symfony/browser-kit/<strong>AbstractBrowser.php</strong>\n
            </a>\n
                            <span class="trace-type">-></span>\n
                <span class="trace-method">doRequest</span>\n
                        (line 398)\n
            <span class="icon icon-copy hidden" data-clipboard-text="vendor/symfony/browser-kit/AbstractBrowser.php:398">\n
                <svg xmlns="http://www.w3.org/2000/svg" height="24" viewBox="0 0 24 24" width="24"><path d="M0 0h24v24H0z" fill="none"/><path d="M16 1H4c-1.1 0-2 .9-2 2v14h2V3h12V1zm3 4H8c-1.1 0-2 .9-2 2v14c0 1.1.9 2 2 2h11c1.1 0 2-.9 2-2V7c0-1.1-.9-2-2-2zm0 16H8V7h11v14z"/></svg>            </span>\n
        </span>\n
    </div>\n
    <div id="trace-html-1-10" class="trace-code sf-toggle-content">\n
        <ol start="393"><li><code><span style="color: var(--highlight-keyword)">&nbsp;&nbsp;&nbsp;&nbsp;&nbsp;&nbsp;&nbsp;&nbsp;}</span></code></li>\n
<li><code><span style="color: var(--highlight-keyword)"></span></code></li>\n
<li><code><span style="color: var(--highlight-keyword)">&nbsp;&nbsp;&nbsp;&nbsp;&nbsp;&nbsp;&nbsp;&nbsp;if&nbsp;(</span><span style="color: var(--highlight-default)">$this</span><span style="color: var(--highlight-keyword)">-&gt;</span><span style="color: var(--highlight-default)">insulated</span><span style="color: var(--highlight-keyword)">)&nbsp;{</span></code></li>\n
<li><code><span style="color: var(--highlight-keyword)">&nbsp;&nbsp;&nbsp;&nbsp;&nbsp;&nbsp;&nbsp;&nbsp;&nbsp;&nbsp;&nbsp;&nbsp;</span><span style="color: var(--highlight-default)">$this</span><span style="color: var(--highlight-keyword)">-&gt;</span><span style="color: var(--highlight-default)">response&nbsp;</span><span style="color: var(--highlight-keyword)">=&nbsp;</span><span style="color: var(--highlight-default)">$this</span><span style="color: var(--highlight-keyword)">-&gt;</span><span style="color: var(--highlight-default)">doRequestInProcess</span><span style="color: var(--highlight-keyword)">(</span><span style="color: var(--highlight-default)">$this</span><span style="color: var(--highlight-keyword)">-&gt;</span><span style="color: var(--highlight-default)">request</span><span style="color: var(--highlight-keyword)">);</span></code></li>\n
<li><code><span style="color: var(--highlight-keyword)">&nbsp;&nbsp;&nbsp;&nbsp;&nbsp;&nbsp;&nbsp;&nbsp;}&nbsp;else&nbsp;{</span></code></li>\n
<li class="selected"><code><span style="color: var(--highlight-keyword)">&nbsp;&nbsp;&nbsp;&nbsp;&nbsp;&nbsp;&nbsp;&nbsp;&nbsp;&nbsp;&nbsp;&nbsp;</span><span style="color: var(--highlight-default)">$this</span><span style="color: var(--highlight-keyword)">-&gt;</span><span style="color: var(--highlight-default)">response&nbsp;</span><span style="color: var(--highlight-keyword)">=&nbsp;</span><span style="color: var(--highlight-default)">$this</span><span style="color: var(--highlight-keyword)">-&gt;</span><span style="color: var(--highlight-default)">doRequest</span><span style="color: var(--highlight-keyword)">(</span><span style="color: var(--highlight-default)">$this</span><span style="color: var(--highlight-keyword)">-&gt;</span><span style="color: var(--highlight-default)">request</span><span style="color: var(--highlight-keyword)">);</span></code></li>\n
<li><code><span style="color: var(--highlight-keyword)">&nbsp;&nbsp;&nbsp;&nbsp;&nbsp;&nbsp;&nbsp;&nbsp;}</span></code></li>\n
<li><code><span style="color: var(--highlight-keyword)"></span></code></li>\n
<li><code><span style="color: var(--highlight-keyword)">&nbsp;&nbsp;&nbsp;&nbsp;&nbsp;&nbsp;&nbsp;&nbsp;</span><span style="color: var(--highlight-default)">$this</span><span style="color: var(--highlight-keyword)">-&gt;</span><span style="color: var(--highlight-default)">internalResponse&nbsp;</span><span style="color: var(--highlight-keyword)">=&nbsp;</span><span style="color: var(--highlight-default)">$this</span><span style="color: var(--highlight-keyword)">-&gt;</span><span style="color: var(--highlight-default)">filterResponse</span><span style="color: var(--highlight-keyword)">(</span><span style="color: var(--highlight-default)">$this</span><span style="color: var(--highlight-keyword)">-&gt;</span><span style="color: var(--highlight-default)">response</span><span style="color: var(--highlight-keyword)">);</span></code></li>\n
<li><code><span style="color: var(--highlight-keyword)"></span></code></li>\n
<li><code><span style="color: var(--highlight-keyword)">&nbsp;&nbsp;&nbsp;&nbsp;&nbsp;&nbsp;&nbsp;&nbsp;</span><span style="color: var(--highlight-default)">$this</span><span style="color: var(--highlight-keyword)">-&gt;</span><span style="color: var(--highlight-default)">cookieJar</span><span style="color: var(--highlight-keyword)">-&gt;</span><span style="color: var(--highlight-default)">updateFromResponse</span><span style="color: var(--highlight-keyword)">(</span><span style="color: var(--highlight-default)">$this</span><span style="color: var(--highlight-keyword)">-&gt;</span><span style="color: var(--highlight-default)">internalResponse</span><span style="color: var(--highlight-keyword)">,&nbsp;</span><span style="color: var(--highlight-default)">$uri</span><span style="color: var(--highlight-keyword)">);</span></code></li></ol>    </div>            </div>\n
                        <div class="trace-line ">\n
                <div class="trace-line-header break-long-words sf-toggle" data-toggle-selector="#trace-html-1-11" data-toggle-initial="display">\n
            <span class="icon icon-close"><svg width="1792" height="1792" viewBox="0 0 1792 1792" xmlns="http://www.w3.org/2000/svg"><path d="M1408 960V832q0-26-19-45t-45-19H448q-26 0-45 19t-19 45v128q0 26 19 45t45 19h896q26 0 45-19t19-45zm256-544v960q0 119-84.5 203.5T1376 1664H416q-119 0-203.5-84.5T128 1376V416q0-119 84.5-203.5T416 128h960q119 0 203.5 84.5T1664 416z"/></svg></span>\n
        <span class="icon icon-open"><svg width="1792" height="1792" viewBox="0 0 1792 1792" xmlns="http://www.w3.org/2000/svg"><path d="M1408 960V832q0-26-19-45t-45-19h-320V448q0-26-19-45t-45-19H832q-26 0-45 19t-19 45v320H448q-26 0-45 19t-19 45v128q0 26 19 45t45 19h320v320q0 26 19 45t45 19h128q26 0 45-19t19-45v-320h320q26 0 45-19t19-45zm256-544v960q0 119-84.5 203.5T1376 1664H416q-119 0-203.5-84.5T128 1376V416q0-119 84.5-203.5T416 128h960q119 0 203.5 84.5T1664 416z"/></svg></span>\n
    \n
            <span class="trace-class"><abbr title="Symfony\Component\BrowserKit\AbstractBrowser">AbstractBrowser</abbr></span><span class="trace-type">-></span><span class="trace-method">request</span><span class="trace-arguments">()</span>    \n
                    <span class="block trace-file-path">\n
            in\n
            <a href="">\n
                tests/Functional/Controller/<strong>SecurityControllerTest.php</strong>\n
            </a>\n
                        (line 73)\n
            <span class="icon icon-copy hidden" data-clipboard-text="tests/Functional/Controller/SecurityControllerTest.php:73">\n
                <svg xmlns="http://www.w3.org/2000/svg" height="24" viewBox="0 0 24 24" width="24"><path d="M0 0h24v24H0z" fill="none"/><path d="M16 1H4c-1.1 0-2 .9-2 2v14h2V3h12V1zm3 4H8c-1.1 0-2 .9-2 2v14c0 1.1.9 2 2 2h11c1.1 0 2-.9 2-2V7c0-1.1-.9-2-2-2zm0 16H8V7h11v14z"/></svg>            </span>\n
        </span>\n
    </div>\n
    <div id="trace-html-1-11" class="trace-code sf-toggle-content">\n
        <ol start="68"><li><code><span style="color: var(--highlight-keyword)">&nbsp;&nbsp;&nbsp;&nbsp;&nbsp;&nbsp;&nbsp;&nbsp;</span><span style="color: var(--highlight-default)">$this</span><span style="color: var(--highlight-keyword)">-&gt;</span><span style="color: var(--highlight-default)">assertSelectorTextContains</span><span style="color: var(--highlight-keyword)">(</span><span style="color: var(--highlight-string)">'.alert-success'</span><span style="color: var(--highlight-keyword)">,&nbsp;</span><span style="color: var(--highlight-string)">'You&nbsp;have&nbsp;been&nbsp;logged&nbsp;out'</span><span style="color: var(--highlight-keyword)">);</span></code></li>\n
<li><code><span style="color: var(--highlight-keyword)">&nbsp;&nbsp;&nbsp;&nbsp;}</span></code></li>\n
<li><code><span style="color: var(--highlight-keyword)"></span></code></li>\n
<li><code><span style="color: var(--highlight-keyword)">&nbsp;&nbsp;&nbsp;&nbsp;public&nbsp;function&nbsp;</span><span style="color: var(--highlight-default)">testAccessDeniedRedirectsToLogin</span><span style="color: var(--highlight-keyword)">()</span></code></li>\n
<li><code><span style="color: var(--highlight-keyword)">&nbsp;&nbsp;&nbsp;&nbsp;{</span></code></li>\n
<li class="selected"><code><span style="color: var(--highlight-keyword)">&nbsp;&nbsp;&nbsp;&nbsp;&nbsp;&nbsp;&nbsp;&nbsp;</span><span style="color: var(--highlight-default)">$this</span><span style="color: var(--highlight-keyword)">-&gt;</span><span style="color: var(--highlight-default)">client</span><span style="color: var(--highlight-keyword)">-&gt;</span><span style="color: var(--highlight-default)">request</span><span style="color: var(--highlight-keyword)">(</span><span style="color: var(--highlight-string)">'GET'</span><span style="color: var(--highlight-keyword)">,&nbsp;</span><span style="color: var(--highlight-string)">'/admin'</span><span style="color: var(--highlight-keyword)">);</span></code></li>\n
<li><code><span style="color: var(--highlight-keyword)"></span></code></li>\n
<li><code><span style="color: var(--highlight-keyword)">&nbsp;&nbsp;&nbsp;&nbsp;&nbsp;&nbsp;&nbsp;&nbsp;</span><span style="color: var(--highlight-default)">$this</span><span style="color: var(--highlight-keyword)">-&gt;</span><span style="color: var(--highlight-default)">assertResponseRedirects</span><span style="color: var(--highlight-keyword)">(</span><span style="color: var(--highlight-string)">'/login'</span><span style="color: var(--highlight-keyword)">);</span></code></li>\n
<li><code><span style="color: var(--highlight-keyword)">&nbsp;&nbsp;&nbsp;&nbsp;}</span></code></li>\n
<li><code><span style="color: var(--highlight-keyword)">}</span></code></li></ol>    </div>            </div>\n
                        <div class="trace-line trace-from-vendor">\n
                <div class="trace-line-header break-long-words sf-toggle" data-toggle-selector="#trace-html-1-12" data-toggle-initial="">\n
            <span class="icon icon-close"><svg width="1792" height="1792" viewBox="0 0 1792 1792" xmlns="http://www.w3.org/2000/svg"><path d="M1408 960V832q0-26-19-45t-45-19H448q-26 0-45 19t-19 45v128q0 26 19 45t45 19h896q26 0 45-19t19-45zm256-544v960q0 119-84.5 203.5T1376 1664H416q-119 0-203.5-84.5T128 1376V416q0-119 84.5-203.5T416 128h960q119 0 203.5 84.5T1664 416z"/></svg></span>\n
        <span class="icon icon-open"><svg width="1792" height="1792" viewBox="0 0 1792 1792" xmlns="http://www.w3.org/2000/svg"><path d="M1408 960V832q0-26-19-45t-45-19h-320V448q0-26-19-45t-45-19H832q-26 0-45 19t-19 45v320H448q-26 0-45 19t-19 45v128q0 26 19 45t45 19h320v320q0 26 19 45t45 19h128q26 0 45-19t19-45v-320h320q26 0 45-19t19-45zm256-544v960q0 119-84.5 203.5T1376 1664H416q-119 0-203.5-84.5T128 1376V416q0-119 84.5-203.5T416 128h960q119 0 203.5 84.5T1664 416z"/></svg></span>\n
    \n
    \n
                    <span class="block trace-file-path">\n
            in\n
            <a href="">\n
                vendor/phpunit/phpunit/src/Framework/<strong>TestCase.php</strong>\n
            </a>\n
                            <span class="trace-type">-></span>\n
                <span class="trace-method">testAccessDeniedRedirectsToLogin</span>\n
                        (line 1188)\n
            <span class="icon icon-copy hidden" data-clipboard-text="vendor/phpunit/phpunit/src/Framework/TestCase.php:1188">\n
                <svg xmlns="http://www.w3.org/2000/svg" height="24" viewBox="0 0 24 24" width="24"><path d="M0 0h24v24H0z" fill="none"/><path d="M16 1H4c-1.1 0-2 .9-2 2v14h2V3h12V1zm3 4H8c-1.1 0-2 .9-2 2v14c0 1.1.9 2 2 2h11c1.1 0 2-.9 2-2V7c0-1.1-.9-2-2-2zm0 16H8V7h11v14z"/></svg>            </span>\n
        </span>\n
    </div>\n
    <div id="trace-html-1-12" class="trace-code sf-toggle-content">\n
        <ol start="1183"><li><code><span style="color: var(--highlight-keyword)">&nbsp;&nbsp;&nbsp;&nbsp;&nbsp;&nbsp;&nbsp;&nbsp;</span><span style="color: var(--highlight-default)">$testArguments&nbsp;</span><span style="color: var(--highlight-keyword)">=&nbsp;</span><span style="color: var(--highlight-default)">array_merge</span><span style="color: var(--highlight-keyword)">(</span><span style="color: var(--highlight-default)">$this</span><span style="color: var(--highlight-keyword)">-&gt;</span><span style="color: var(--highlight-default)">data</span><span style="color: var(--highlight-keyword)">,&nbsp;</span><span style="color: var(--highlight-default)">$this</span><span style="color: var(--highlight-keyword)">-&gt;</span><span style="color: var(--highlight-default)">dependencyInput</span><span style="color: var(--highlight-keyword)">);</span></code></li>\n
<li><code><span style="color: var(--highlight-keyword)"></span></code></li>\n
<li><code><span style="color: var(--highlight-keyword)">&nbsp;&nbsp;&nbsp;&nbsp;&nbsp;&nbsp;&nbsp;&nbsp;</span><span style="color: var(--highlight-default)">$this</span><span style="color: var(--highlight-keyword)">-&gt;</span><span style="color: var(--highlight-default)">registerMockObjectsFromTestArguments</span><span style="color: var(--highlight-keyword)">(</span><span style="color: var(--highlight-default)">$testArguments</span><span style="color: var(--highlight-keyword)">);</span></code></li>\n
<li><code><span style="color: var(--highlight-keyword)"></span></code></li>\n
<li><code><span style="color: var(--highlight-keyword)">&nbsp;&nbsp;&nbsp;&nbsp;&nbsp;&nbsp;&nbsp;&nbsp;try&nbsp;{</span></code></li>\n
<li class="selected"><code><span style="color: var(--highlight-keyword)">&nbsp;&nbsp;&nbsp;&nbsp;&nbsp;&nbsp;&nbsp;&nbsp;&nbsp;&nbsp;&nbsp;&nbsp;</span><span style="color: var(--highlight-default)">$testResult&nbsp;</span><span style="color: var(--highlight-keyword)">=&nbsp;</span><span style="color: var(--highlight-default)">$this</span><span style="color: var(--highlight-keyword)">-&gt;{</span><span style="color: var(--highlight-default)">$this</span><span style="color: var(--highlight-keyword)">-&gt;</span><span style="color: var(--highlight-default)">name</span><span style="color: var(--highlight-keyword)">}(...</span><span style="color: var(--highlight-default)">array_values</span><span style="color: var(--highlight-keyword)">(</span><span style="color: var(--highlight-default)">$testArguments</span><span style="color: var(--highlight-keyword)">));</span></code></li>\n
<li><code><span style="color: var(--highlight-keyword)">&nbsp;&nbsp;&nbsp;&nbsp;&nbsp;&nbsp;&nbsp;&nbsp;}&nbsp;catch&nbsp;(</span><span style="color: var(--highlight-default)">Throwable&nbsp;$exception</span><span style="color: var(--highlight-keyword)">)&nbsp;{</span></code></li>\n
<li><code><span style="color: var(--highlight-keyword)">&nbsp;&nbsp;&nbsp;&nbsp;&nbsp;&nbsp;&nbsp;&nbsp;&nbsp;&nbsp;&nbsp;&nbsp;if&nbsp;(!</span><span style="color: var(--highlight-default)">$this</span><span style="color: var(--highlight-keyword)">-&gt;</span><span style="color: var(--highlight-default)">shouldExceptionExpectationsBeVerified</span><span style="color: var(--highlight-keyword)">(</span><span style="color: var(--highlight-default)">$exception</span><span style="color: var(--highlight-keyword)">))&nbsp;{</span></code></li>\n
<li><code><span style="color: var(--highlight-keyword)">&nbsp;&nbsp;&nbsp;&nbsp;&nbsp;&nbsp;&nbsp;&nbsp;&nbsp;&nbsp;&nbsp;&nbsp;&nbsp;&nbsp;&nbsp;&nbsp;throw&nbsp;</span><span style="color: var(--highlight-default)">$exception</span><span style="color: var(--highlight-keyword)">;</span></code></li>\n
<li><code><span style="color: var(--highlight-keyword)">&nbsp;&nbsp;&nbsp;&nbsp;&nbsp;&nbsp;&nbsp;&nbsp;&nbsp;&nbsp;&nbsp;&nbsp;}</span></code></li>\n
<li><code><span style="color: var(--highlight-keyword)"></span></code></li></ol>    </div>            </div>\n
                        <div class="trace-line trace-from-vendor">\n
                <div class="trace-line-header break-long-words sf-toggle" data-toggle-selector="#trace-html-1-13" data-toggle-initial="">\n
            <span class="icon icon-close"><svg width="1792" height="1792" viewBox="0 0 1792 1792" xmlns="http://www.w3.org/2000/svg"><path d="M1408 960V832q0-26-19-45t-45-19H448q-26 0-45 19t-19 45v128q0 26 19 45t45 19h896q26 0 45-19t19-45zm256-544v960q0 119-84.5 203.5T1376 1664H416q-119 0-203.5-84.5T128 1376V416q0-119 84.5-203.5T416 128h960q119 0 203.5 84.5T1664 416z"/></svg></span>\n
        <span class="icon icon-open"><svg width="1792" height="1792" viewBox="0 0 1792 1792" xmlns="http://www.w3.org/2000/svg"><path d="M1408 960V832q0-26-19-45t-45-19h-320V448q0-26-19-45t-45-19H832q-26 0-45 19t-19 45v320H448q-26 0-45 19t-19 45v128q0 26 19 45t45 19h320v320q0 26 19 45t45 19h128q26 0 45-19t19-45v-320h320q26 0 45-19t19-45zm256-544v960q0 119-84.5 203.5T1376 1664H416q-119 0-203.5-84.5T128 1376V416q0-119 84.5-203.5T416 128h960q119 0 203.5 84.5T1664 416z"/></svg></span>\n
    \n
    \n
                    <span class="block trace-file-path">\n
            in\n
            <a href="">\n
                vendor/phpunit/phpunit/src/Framework/<strong>TestCase.php</strong>\n
            </a>\n
                            <span class="trace-type">-></span>\n
                <span class="trace-method">runTest</span>\n
                        (line 687)\n
            <span class="icon icon-copy hidden" data-clipboard-text="vendor/phpunit/phpunit/src/Framework/TestCase.php:687">\n
                <svg xmlns="http://www.w3.org/2000/svg" height="24" viewBox="0 0 24 24" width="24"><path d="M0 0h24v24H0z" fill="none"/><path d="M16 1H4c-1.1 0-2 .9-2 2v14h2V3h12V1zm3 4H8c-1.1 0-2 .9-2 2v14c0 1.1.9 2 2 2h11c1.1 0 2-.9 2-2V7c0-1.1-.9-2-2-2zm0 16H8V7h11v14z"/></svg>            </span>\n
        </span>\n
    </div>\n
    <div id="trace-html-1-13" class="trace-code sf-toggle-content">\n
        <ol start="682"><li><code><span style="color: var(--highlight-keyword)">&nbsp;&nbsp;&nbsp;&nbsp;&nbsp;&nbsp;&nbsp;&nbsp;&nbsp;&nbsp;&nbsp;&nbsp;</span><span style="color: var(--highlight-default)">$emitter</span><span style="color: var(--highlight-keyword)">-&gt;</span><span style="color: var(--highlight-default)">testPrepared</span><span style="color: var(--highlight-keyword)">(</span></code></li>\n
<li><code><span style="color: var(--highlight-keyword)">&nbsp;&nbsp;&nbsp;&nbsp;&nbsp;&nbsp;&nbsp;&nbsp;&nbsp;&nbsp;&nbsp;&nbsp;&nbsp;&nbsp;&nbsp;&nbsp;</span><span style="color: var(--highlight-default)">$this</span><span style="color: var(--highlight-keyword)">-&gt;</span><span style="color: var(--highlight-default)">valueObjectForEvents</span><span style="color: var(--highlight-keyword)">(),</span></code></li>\n
<li><code><span style="color: var(--highlight-keyword)">&nbsp;&nbsp;&nbsp;&nbsp;&nbsp;&nbsp;&nbsp;&nbsp;&nbsp;&nbsp;&nbsp;&nbsp;);</span></code></li>\n
<li><code><span style="color: var(--highlight-keyword)"></span></code></li>\n
<li><code><span style="color: var(--highlight-keyword)">&nbsp;&nbsp;&nbsp;&nbsp;&nbsp;&nbsp;&nbsp;&nbsp;&nbsp;&nbsp;&nbsp;&nbsp;</span><span style="color: var(--highlight-default)">$this</span><span style="color: var(--highlight-keyword)">-&gt;</span><span style="color: var(--highlight-default)">wasPrepared&nbsp;</span><span style="color: var(--highlight-keyword)">=&nbsp;</span><span style="color: var(--highlight-default)">true</span><span style="color: var(--highlight-keyword)">;</span></code></li>\n
<li class="selected"><code><span style="color: var(--highlight-keyword)">&nbsp;&nbsp;&nbsp;&nbsp;&nbsp;&nbsp;&nbsp;&nbsp;&nbsp;&nbsp;&nbsp;&nbsp;</span><span style="color: var(--highlight-default)">$this</span><span style="color: var(--highlight-keyword)">-&gt;</span><span style="color: var(--highlight-default)">testResult&nbsp;&nbsp;</span><span style="color: var(--highlight-keyword)">=&nbsp;</span><span style="color: var(--highlight-default)">$this</span><span style="color: var(--highlight-keyword)">-&gt;</span><span style="color: var(--highlight-default)">runTest</span><span style="color: var(--highlight-keyword)">();</span></code></li>\n
<li><code><span style="color: var(--highlight-keyword)"></span></code></li>\n
<li><code><span style="color: var(--highlight-keyword)">&nbsp;&nbsp;&nbsp;&nbsp;&nbsp;&nbsp;&nbsp;&nbsp;&nbsp;&nbsp;&nbsp;&nbsp;</span><span style="color: var(--highlight-default)">$this</span><span style="color: var(--highlight-keyword)">-&gt;</span><span style="color: var(--highlight-default)">verifyMockObjects</span><span style="color: var(--highlight-keyword)">();</span></code></li>\n
<li><code><span style="color: var(--highlight-keyword)">&nbsp;&nbsp;&nbsp;&nbsp;&nbsp;&nbsp;&nbsp;&nbsp;&nbsp;&nbsp;&nbsp;&nbsp;</span><span style="color: var(--highlight-default)">$this</span><span style="color: var(--highlight-keyword)">-&gt;</span><span style="color: var(--highlight-default)">invokePostConditionHookMethods</span><span style="color: var(--highlight-keyword)">(</span><span style="color: var(--highlight-default)">$hookMethods</span><span style="color: var(--highlight-keyword)">,&nbsp;</span><span style="color: var(--highlight-default)">$emitter</span><span style="color: var(--highlight-keyword)">);</span></code></li>\n
<li><code><span style="color: var(--highlight-keyword)"></span></code></li>\n
<li><code><span style="color: var(--highlight-keyword)">&nbsp;&nbsp;&nbsp;&nbsp;&nbsp;&nbsp;&nbsp;&nbsp;&nbsp;&nbsp;&nbsp;&nbsp;</span><span style="color: var(--highlight-default)">$this</span><span style="color: var(--highlight-keyword)">-&gt;</span><span style="color: var(--highlight-default)">status&nbsp;</span><span style="color: var(--highlight-keyword)">=&nbsp;</span><span style="color: var(--highlight-default)">TestStatus</span><span style="color: var(--highlight-keyword)">::</span><span style="color: var(--highlight-default)">success</span><span style="color: var(--highlight-keyword)">();</span></code></li></ol>    </div>            </div>\n
                        <div class="trace-line trace-from-vendor">\n
                <div class="trace-line-header break-long-words sf-toggle" data-toggle-selector="#trace-html-1-14" data-toggle-initial="">\n
            <span class="icon icon-close"><svg width="1792" height="1792" viewBox="0 0 1792 1792" xmlns="http://www.w3.org/2000/svg"><path d="M1408 960V832q0-26-19-45t-45-19H448q-26 0-45 19t-19 45v128q0 26 19 45t45 19h896q26 0 45-19t19-45zm256-544v960q0 119-84.5 203.5T1376 1664H416q-119 0-203.5-84.5T128 1376V416q0-119 84.5-203.5T416 128h960q119 0 203.5 84.5T1664 416z"/></svg></span>\n
        <span class="icon icon-open"><svg width="1792" height="1792" viewBox="0 0 1792 1792" xmlns="http://www.w3.org/2000/svg"><path d="M1408 960V832q0-26-19-45t-45-19h-320V448q0-26-19-45t-45-19H832q-26 0-45 19t-19 45v320H448q-26 0-45 19t-19 45v128q0 26 19 45t45 19h320v320q0 26 19 45t45 19h128q26 0 45-19t19-45v-320h320q26 0 45-19t19-45zm256-544v960q0 119-84.5 203.5T1376 1664H416q-119 0-203.5-84.5T128 1376V416q0-119 84.5-203.5T416 128h960q119 0 203.5 84.5T1664 416z"/></svg></span>\n
    \n
    \n
                    <span class="block trace-file-path">\n
            in\n
            <a href="">\n
                vendor/phpunit/phpunit/src/Framework/<strong>TestRunner.php</strong>\n
            </a>\n
                            <span class="trace-type">-></span>\n
                <span class="trace-method">runBare</span>\n
                        (line 106)\n
            <span class="icon icon-copy hidden" data-clipboard-text="vendor/phpunit/phpunit/src/Framework/TestRunner.php:106">\n
                <svg xmlns="http://www.w3.org/2000/svg" height="24" viewBox="0 0 24 24" width="24"><path d="M0 0h24v24H0z" fill="none"/><path d="M16 1H4c-1.1 0-2 .9-2 2v14h2V3h12V1zm3 4H8c-1.1 0-2 .9-2 2v14c0 1.1.9 2 2 2h11c1.1 0 2-.9 2-2V7c0-1.1-.9-2-2-2zm0 16H8V7h11v14z"/></svg>            </span>\n
        </span>\n
    </div>\n
    <div id="trace-html-1-14" class="trace-code sf-toggle-content">\n
        <ol start="101"><li><code><span style="color: var(--highlight-keyword)">&nbsp;&nbsp;&nbsp;&nbsp;&nbsp;&nbsp;&nbsp;&nbsp;try&nbsp;{</span></code></li>\n
<li><code><span style="color: var(--highlight-keyword)">&nbsp;&nbsp;&nbsp;&nbsp;&nbsp;&nbsp;&nbsp;&nbsp;&nbsp;&nbsp;&nbsp;&nbsp;if&nbsp;(</span><span style="color: var(--highlight-default)">$this</span><span style="color: var(--highlight-keyword)">-&gt;</span><span style="color: var(--highlight-default)">canTimeLimitBeEnforced</span><span style="color: var(--highlight-keyword)">()&nbsp;&amp;&amp;</span></code></li>\n
<li><code><span style="color: var(--highlight-keyword)">&nbsp;&nbsp;&nbsp;&nbsp;&nbsp;&nbsp;&nbsp;&nbsp;&nbsp;&nbsp;&nbsp;&nbsp;&nbsp;&nbsp;&nbsp;&nbsp;</span><span style="color: var(--highlight-default)">$this</span><span style="color: var(--highlight-keyword)">-&gt;</span><span style="color: var(--highlight-default)">shouldTimeLimitBeEnforced</span><span style="color: var(--highlight-keyword)">(</span><span style="color: var(--highlight-default)">$test</span><span style="color: var(--highlight-keyword)">))&nbsp;{</span></code></li>\n
<li><code><span style="color: var(--highlight-keyword)">&nbsp;&nbsp;&nbsp;&nbsp;&nbsp;&nbsp;&nbsp;&nbsp;&nbsp;&nbsp;&nbsp;&nbsp;&nbsp;&nbsp;&nbsp;&nbsp;</span><span style="color: var(--highlight-default)">$risky&nbsp;</span><span style="color: var(--highlight-keyword)">=&nbsp;</span><span style="color: var(--highlight-default)">$this</span><span style="color: var(--highlight-keyword)">-&gt;</span><span style="color: var(--highlight-default)">runTestWithTimeout</span><span style="color: var(--highlight-keyword)">(</span><span style="color: var(--highlight-default)">$test</span><span style="color: var(--highlight-keyword)">);</span></code></li>\n
<li><code><span style="color: var(--highlight-keyword)">&nbsp;&nbsp;&nbsp;&nbsp;&nbsp;&nbsp;&nbsp;&nbsp;&nbsp;&nbsp;&nbsp;&nbsp;}&nbsp;else&nbsp;{</span></code></li>\n
<li class="selected"><code><span style="color: var(--highlight-keyword)">&nbsp;&nbsp;&nbsp;&nbsp;&nbsp;&nbsp;&nbsp;&nbsp;&nbsp;&nbsp;&nbsp;&nbsp;&nbsp;&nbsp;&nbsp;&nbsp;</span><span style="color: var(--highlight-default)">$test</span><span style="color: var(--highlight-keyword)">-&gt;</span><span style="color: var(--highlight-default)">runBare</span><span style="color: var(--highlight-keyword)">();</span></code></li>\n
<li><code><span style="color: var(--highlight-keyword)">&nbsp;&nbsp;&nbsp;&nbsp;&nbsp;&nbsp;&nbsp;&nbsp;&nbsp;&nbsp;&nbsp;&nbsp;}</span></code></li>\n
<li><code><span style="color: var(--highlight-keyword)">&nbsp;&nbsp;&nbsp;&nbsp;&nbsp;&nbsp;&nbsp;&nbsp;}&nbsp;catch&nbsp;(</span><span style="color: var(--highlight-default)">AssertionFailedError&nbsp;$e</span><span style="color: var(--highlight-keyword)">)&nbsp;{</span></code></li>\n
<li><code><span style="color: var(--highlight-keyword)">&nbsp;&nbsp;&nbsp;&nbsp;&nbsp;&nbsp;&nbsp;&nbsp;&nbsp;&nbsp;&nbsp;&nbsp;</span><span style="color: var(--highlight-default)">$failure&nbsp;</span><span style="color: var(--highlight-keyword)">=&nbsp;</span><span style="color: var(--highlight-default)">true</span><span style="color: var(--highlight-keyword)">;</span></code></li>\n
<li><code><span style="color: var(--highlight-keyword)"></span></code></li>\n
<li><code><span style="color: var(--highlight-keyword)">&nbsp;&nbsp;&nbsp;&nbsp;&nbsp;&nbsp;&nbsp;&nbsp;&nbsp;&nbsp;&nbsp;&nbsp;if&nbsp;(</span><span style="color: var(--highlight-default)">$e&nbsp;</span><span style="color: var(--highlight-keyword)">instanceof&nbsp;</span><span style="color: var(--highlight-default)">IncompleteTestError</span><span style="color: var(--highlight-keyword)">)&nbsp;{</span></code></li></ol>    </div>            </div>\n
                        <div class="trace-line trace-from-vendor">\n
                <div class="trace-line-header break-long-words sf-toggle" data-toggle-selector="#trace-html-1-15" data-toggle-initial="">\n
            <span class="icon icon-close"><svg width="1792" height="1792" viewBox="0 0 1792 1792" xmlns="http://www.w3.org/2000/svg"><path d="M1408 960V832q0-26-19-45t-45-19H448q-26 0-45 19t-19 45v128q0 26 19 45t45 19h896q26 0 45-19t19-45zm256-544v960q0 119-84.5 203.5T1376 1664H416q-119 0-203.5-84.5T128 1376V416q0-119 84.5-203.5T416 128h960q119 0 203.5 84.5T1664 416z"/></svg></span>\n
        <span class="icon icon-open"><svg width="1792" height="1792" viewBox="0 0 1792 1792" xmlns="http://www.w3.org/2000/svg"><path d="M1408 960V832q0-26-19-45t-45-19h-320V448q0-26-19-45t-45-19H832q-26 0-45 19t-19 45v320H448q-26 0-45 19t-19 45v128q0 26 19 45t45 19h320v320q0 26 19 45t45 19h128q26 0 45-19t19-45v-320h320q26 0 45-19t19-45zm256-544v960q0 119-84.5 203.5T1376 1664H416q-119 0-203.5-84.5T128 1376V416q0-119 84.5-203.5T416 128h960q119 0 203.5 84.5T1664 416z"/></svg></span>\n
    \n
    \n
                    <span class="block trace-file-path">\n
            in\n
            <a href="">\n
                vendor/phpunit/phpunit/src/Framework/<strong>TestCase.php</strong>\n
            </a>\n
                            <span class="trace-type">-></span>\n
                <span class="trace-method">run</span>\n
                        (line 517)\n
            <span class="icon icon-copy hidden" data-clipboard-text="vendor/phpunit/phpunit/src/Framework/TestCase.php:517">\n
                <svg xmlns="http://www.w3.org/2000/svg" height="24" viewBox="0 0 24 24" width="24"><path d="M0 0h24v24H0z" fill="none"/><path d="M16 1H4c-1.1 0-2 .9-2 2v14h2V3h12V1zm3 4H8c-1.1 0-2 .9-2 2v14c0 1.1.9 2 2 2h11c1.1 0 2-.9 2-2V7c0-1.1-.9-2-2-2zm0 16H8V7h11v14z"/></svg>            </span>\n
        </span>\n
    </div>\n
    <div id="trace-html-1-15" class="trace-code sf-toggle-content">\n
        <ol start="512"><li><code><span style="color: var(--highlight-keyword)">&nbsp;&nbsp;&nbsp;&nbsp;&nbsp;&nbsp;&nbsp;&nbsp;if&nbsp;(!</span><span style="color: var(--highlight-default)">$this</span><span style="color: var(--highlight-keyword)">-&gt;</span><span style="color: var(--highlight-default)">handleDependencies</span><span style="color: var(--highlight-keyword)">())&nbsp;{</span></code></li>\n
<li><code><span style="color: var(--highlight-keyword)">&nbsp;&nbsp;&nbsp;&nbsp;&nbsp;&nbsp;&nbsp;&nbsp;&nbsp;&nbsp;&nbsp;&nbsp;return;</span></code></li>\n
<li><code><span style="color: var(--highlight-keyword)">&nbsp;&nbsp;&nbsp;&nbsp;&nbsp;&nbsp;&nbsp;&nbsp;}</span></code></li>\n
<li><code><span style="color: var(--highlight-keyword)"></span></code></li>\n
<li><code><span style="color: var(--highlight-keyword)">&nbsp;&nbsp;&nbsp;&nbsp;&nbsp;&nbsp;&nbsp;&nbsp;if&nbsp;(!</span><span style="color: var(--highlight-default)">$this</span><span style="color: var(--highlight-keyword)">-&gt;</span><span style="color: var(--highlight-default)">shouldRunInSeparateProcess</span><span style="color: var(--highlight-keyword)">())&nbsp;{</span></code></li>\n
<li class="selected"><code><span style="color: var(--highlight-keyword)">&nbsp;&nbsp;&nbsp;&nbsp;&nbsp;&nbsp;&nbsp;&nbsp;&nbsp;&nbsp;&nbsp;&nbsp;(new&nbsp;</span><span style="color: var(--highlight-default)">TestRunner</span><span style="color: var(--highlight-keyword)">)-&gt;</span><span style="color: var(--highlight-default)">run</span><span style="color: var(--highlight-keyword)">(</span><span style="color: var(--highlight-default)">$this</span><span style="color: var(--highlight-keyword)">);</span></code></li>\n
<li><code><span style="color: var(--highlight-keyword)">&nbsp;&nbsp;&nbsp;&nbsp;&nbsp;&nbsp;&nbsp;&nbsp;}&nbsp;else&nbsp;{</span></code></li>\n
<li><code><span style="color: var(--highlight-keyword)">&nbsp;&nbsp;&nbsp;&nbsp;&nbsp;&nbsp;&nbsp;&nbsp;&nbsp;&nbsp;&nbsp;&nbsp;(new&nbsp;</span><span style="color: var(--highlight-default)">TestRunner</span><span style="color: var(--highlight-keyword)">)-&gt;</span><span style="color: var(--highlight-default)">runInSeparateProcess</span><span style="color: var(--highlight-keyword)">(</span></code></li>\n
<li><code><span style="color: var(--highlight-keyword)">&nbsp;&nbsp;&nbsp;&nbsp;&nbsp;&nbsp;&nbsp;&nbsp;&nbsp;&nbsp;&nbsp;&nbsp;&nbsp;&nbsp;&nbsp;&nbsp;</span><span style="color: var(--highlight-default)">$this</span><span style="color: var(--highlight-keyword)">,</span></code></li>\n
<li><code><span style="color: var(--highlight-keyword)">&nbsp;&nbsp;&nbsp;&nbsp;&nbsp;&nbsp;&nbsp;&nbsp;&nbsp;&nbsp;&nbsp;&nbsp;&nbsp;&nbsp;&nbsp;&nbsp;</span><span style="color: var(--highlight-default)">$this</span><span style="color: var(--highlight-keyword)">-&gt;</span><span style="color: var(--highlight-default)">runClassInSeparateProcess&nbsp;</span><span style="color: var(--highlight-keyword)">&amp;&amp;&nbsp;!</span><span style="color: var(--highlight-default)">$this</span><span style="color: var(--highlight-keyword)">-&gt;</span><span style="color: var(--highlight-default)">runTestInSeparateProcess</span><span style="color: var(--highlight-keyword)">,</span></code></li>\n
<li><code><span style="color: var(--highlight-keyword)">&nbsp;&nbsp;&nbsp;&nbsp;&nbsp;&nbsp;&nbsp;&nbsp;&nbsp;&nbsp;&nbsp;&nbsp;&nbsp;&nbsp;&nbsp;&nbsp;</span><span style="color: var(--highlight-default)">$this</span><span style="color: var(--highlight-keyword)">-&gt;</span><span style="color: var(--highlight-default)">preserveGlobalState</span><span style="color: var(--highlight-keyword)">,</span></code></li></ol>    </div>            </div>\n
                        <div class="trace-line trace-from-vendor">\n
                <div class="trace-line-header break-long-words sf-toggle" data-toggle-selector="#trace-html-1-16" data-toggle-initial="">\n
            <span class="icon icon-close"><svg width="1792" height="1792" viewBox="0 0 1792 1792" xmlns="http://www.w3.org/2000/svg"><path d="M1408 960V832q0-26-19-45t-45-19H448q-26 0-45 19t-19 45v128q0 26 19 45t45 19h896q26 0 45-19t19-45zm256-544v960q0 119-84.5 203.5T1376 1664H416q-119 0-203.5-84.5T128 1376V416q0-119 84.5-203.5T416 128h960q119 0 203.5 84.5T1664 416z"/></svg></span>\n
        <span class="icon icon-open"><svg width="1792" height="1792" viewBox="0 0 1792 1792" xmlns="http://www.w3.org/2000/svg"><path d="M1408 960V832q0-26-19-45t-45-19h-320V448q0-26-19-45t-45-19H832q-26 0-45 19t-19 45v320H448q-26 0-45 19t-19 45v128q0 26 19 45t45 19h320v320q0 26 19 45t45 19h128q26 0 45-19t19-45v-320h320q26 0 45-19t19-45zm256-544v960q0 119-84.5 203.5T1376 1664H416q-119 0-203.5-84.5T128 1376V416q0-119 84.5-203.5T416 128h960q119 0 203.5 84.5T1664 416z"/></svg></span>\n
    \n
    \n
                    <span class="block trace-file-path">\n
            in\n
            <a href="">\n
                vendor/phpunit/phpunit/src/Framework/<strong>TestSuite.php</strong>\n
            </a>\n
                            <span class="trace-type">-></span>\n
                <span class="trace-method">run</span>\n
                        (line 380)\n
            <span class="icon icon-copy hidden" data-clipboard-text="vendor/phpunit/phpunit/src/Framework/TestSuite.php:380">\n
                <svg xmlns="http://www.w3.org/2000/svg" height="24" viewBox="0 0 24 24" width="24"><path d="M0 0h24v24H0z" fill="none"/><path d="M16 1H4c-1.1 0-2 .9-2 2v14h2V3h12V1zm3 4H8c-1.1 0-2 .9-2 2v14c0 1.1.9 2 2 2h11c1.1 0 2-.9 2-2V7c0-1.1-.9-2-2-2zm0 16H8V7h11v14z"/></svg>            </span>\n
        </span>\n
    </div>\n
    <div id="trace-html-1-16" class="trace-code sf-toggle-content">\n
        <ol start="375"><li><code><span style="color: var(--highlight-keyword)">&nbsp;&nbsp;&nbsp;&nbsp;&nbsp;&nbsp;&nbsp;&nbsp;&nbsp;&nbsp;&nbsp;&nbsp;&nbsp;&nbsp;&nbsp;&nbsp;</span><span style="color: var(--highlight-default)">$emitter</span><span style="color: var(--highlight-keyword)">-&gt;</span><span style="color: var(--highlight-default)">testRunnerExecutionAborted</span><span style="color: var(--highlight-keyword)">();</span></code></li>\n
<li><code><span style="color: var(--highlight-keyword)"></span></code></li>\n
<li><code><span style="color: var(--highlight-keyword)">&nbsp;&nbsp;&nbsp;&nbsp;&nbsp;&nbsp;&nbsp;&nbsp;&nbsp;&nbsp;&nbsp;&nbsp;&nbsp;&nbsp;&nbsp;&nbsp;break;</span></code></li>\n
<li><code><span style="color: var(--highlight-keyword)">&nbsp;&nbsp;&nbsp;&nbsp;&nbsp;&nbsp;&nbsp;&nbsp;&nbsp;&nbsp;&nbsp;&nbsp;}</span></code></li>\n
<li><code><span style="color: var(--highlight-keyword)"></span></code></li>\n
<li class="selected"><code><span style="color: var(--highlight-keyword)">&nbsp;&nbsp;&nbsp;&nbsp;&nbsp;&nbsp;&nbsp;&nbsp;&nbsp;&nbsp;&nbsp;&nbsp;</span><span style="color: var(--highlight-default)">$test</span><span style="color: var(--highlight-keyword)">-&gt;</span><span style="color: var(--highlight-default)">run</span><span style="color: var(--highlight-keyword)">();</span></code></li>\n
<li><code><span style="color: var(--highlight-keyword)">&nbsp;&nbsp;&nbsp;&nbsp;&nbsp;&nbsp;&nbsp;&nbsp;}</span></code></li>\n
<li><code><span style="color: var(--highlight-keyword)"></span></code></li>\n
<li><code><span style="color: var(--highlight-keyword)">&nbsp;&nbsp;&nbsp;&nbsp;&nbsp;&nbsp;&nbsp;&nbsp;</span><span style="color: var(--highlight-default)">$this</span><span style="color: var(--highlight-keyword)">-&gt;</span><span style="color: var(--highlight-default)">invokeMethodsAfterLastTest</span><span style="color: var(--highlight-keyword)">(</span><span style="color: var(--highlight-default)">$emitter</span><span style="color: var(--highlight-keyword)">);</span></code></li>\n
<li><code><span style="color: var(--highlight-keyword)"></span></code></li>\n
<li><code><span style="color: var(--highlight-keyword)">&nbsp;&nbsp;&nbsp;&nbsp;&nbsp;&nbsp;&nbsp;&nbsp;</span><span style="color: var(--highlight-default)">$emitter</span><span style="color: var(--highlight-keyword)">-&gt;</span><span style="color: var(--highlight-default)">testSuiteFinished</span><span style="color: var(--highlight-keyword)">(</span><span style="color: var(--highlight-default)">$testSuiteValueObjectForEvents</span><span style="color: var(--highlight-keyword)">);</span></code></li></ol>    </div>            </div>\n
                        <div class="trace-line trace-from-vendor">\n
                <div class="trace-line-header break-long-words sf-toggle" data-toggle-selector="#trace-html-1-17" data-toggle-initial="">\n
            <span class="icon icon-close"><svg width="1792" height="1792" viewBox="0 0 1792 1792" xmlns="http://www.w3.org/2000/svg"><path d="M1408 960V832q0-26-19-45t-45-19H448q-26 0-45 19t-19 45v128q0 26 19 45t45 19h896q26 0 45-19t19-45zm256-544v960q0 119-84.5 203.5T1376 1664H416q-119 0-203.5-84.5T128 1376V416q0-119 84.5-203.5T416 128h960q119 0 203.5 84.5T1664 416z"/></svg></span>\n
        <span class="icon icon-open"><svg width="1792" height="1792" viewBox="0 0 1792 1792" xmlns="http://www.w3.org/2000/svg"><path d="M1408 960V832q0-26-19-45t-45-19h-320V448q0-26-19-45t-45-19H832q-26 0-45 19t-19 45v320H448q-26 0-45 19t-19 45v128q0 26 19 45t45 19h320v320q0 26 19 45t45 19h128q26 0 45-19t19-45v-320h320q26 0 45-19t19-45zm256-544v960q0 119-84.5 203.5T1376 1664H416q-119 0-203.5-84.5T128 1376V416q0-119 84.5-203.5T416 128h960q119 0 203.5 84.5T1664 416z"/></svg></span>\n
    \n
    \n
                    <span class="block trace-file-path">\n
            in\n
            <a href="">\n
                vendor/phpunit/phpunit/src/Framework/<strong>TestSuite.php</strong>\n
            </a>\n
                            <span class="trace-type">-></span>\n
                <span class="trace-method">run</span>\n
                        (line 380)\n
            <span class="icon icon-copy hidden" data-clipboard-text="vendor/phpunit/phpunit/src/Framework/TestSuite.php:380">\n
                <svg xmlns="http://www.w3.org/2000/svg" height="24" viewBox="0 0 24 24" width="24"><path d="M0 0h24v24H0z" fill="none"/><path d="M16 1H4c-1.1 0-2 .9-2 2v14h2V3h12V1zm3 4H8c-1.1 0-2 .9-2 2v14c0 1.1.9 2 2 2h11c1.1 0 2-.9 2-2V7c0-1.1-.9-2-2-2zm0 16H8V7h11v14z"/></svg>            </span>\n
        </span>\n
    </div>\n
    <div id="trace-html-1-17" class="trace-code sf-toggle-content">\n
        <ol start="375"><li><code><span style="color: var(--highlight-keyword)">&nbsp;&nbsp;&nbsp;&nbsp;&nbsp;&nbsp;&nbsp;&nbsp;&nbsp;&nbsp;&nbsp;&nbsp;&nbsp;&nbsp;&nbsp;&nbsp;</span><span style="color: var(--highlight-default)">$emitter</span><span style="color: var(--highlight-keyword)">-&gt;</span><span style="color: var(--highlight-default)">testRunnerExecutionAborted</span><span style="color: var(--highlight-keyword)">();</span></code></li>\n
<li><code><span style="color: var(--highlight-keyword)"></span></code></li>\n
<li><code><span style="color: var(--highlight-keyword)">&nbsp;&nbsp;&nbsp;&nbsp;&nbsp;&nbsp;&nbsp;&nbsp;&nbsp;&nbsp;&nbsp;&nbsp;&nbsp;&nbsp;&nbsp;&nbsp;break;</span></code></li>\n
<li><code><span style="color: var(--highlight-keyword)">&nbsp;&nbsp;&nbsp;&nbsp;&nbsp;&nbsp;&nbsp;&nbsp;&nbsp;&nbsp;&nbsp;&nbsp;}</span></code></li>\n
<li><code><span style="color: var(--highlight-keyword)"></span></code></li>\n
<li class="selected"><code><span style="color: var(--highlight-keyword)">&nbsp;&nbsp;&nbsp;&nbsp;&nbsp;&nbsp;&nbsp;&nbsp;&nbsp;&nbsp;&nbsp;&nbsp;</span><span style="color: var(--highlight-default)">$test</span><span style="color: var(--highlight-keyword)">-&gt;</span><span style="color: var(--highlight-default)">run</span><span style="color: var(--highlight-keyword)">();</span></code></li>\n
<li><code><span style="color: var(--highlight-keyword)">&nbsp;&nbsp;&nbsp;&nbsp;&nbsp;&nbsp;&nbsp;&nbsp;}</span></code></li>\n
<li><code><span style="color: var(--highlight-keyword)"></span></code></li>\n
<li><code><span style="color: var(--highlight-keyword)">&nbsp;&nbsp;&nbsp;&nbsp;&nbsp;&nbsp;&nbsp;&nbsp;</span><span style="color: var(--highlight-default)">$this</span><span style="color: var(--highlight-keyword)">-&gt;</span><span style="color: var(--highlight-default)">invokeMethodsAfterLastTest</span><span style="color: var(--highlight-keyword)">(</span><span style="color: var(--highlight-default)">$emitter</span><span style="color: var(--highlight-keyword)">);</span></code></li>\n
<li><code><span style="color: var(--highlight-keyword)"></span></code></li>\n
<li><code><span style="color: var(--highlight-keyword)">&nbsp;&nbsp;&nbsp;&nbsp;&nbsp;&nbsp;&nbsp;&nbsp;</span><span style="color: var(--highlight-default)">$emitter</span><span style="color: var(--highlight-keyword)">-&gt;</span><span style="color: var(--highlight-default)">testSuiteFinished</span><span style="color: var(--highlight-keyword)">(</span><span style="color: var(--highlight-default)">$testSuiteValueObjectForEvents</span><span style="color: var(--highlight-keyword)">);</span></code></li></ol>    </div>            </div>\n
                        <div class="trace-line trace-from-vendor">\n
                <div class="trace-line-header break-long-words sf-toggle" data-toggle-selector="#trace-html-1-18" data-toggle-initial="">\n
            <span class="icon icon-close"><svg width="1792" height="1792" viewBox="0 0 1792 1792" xmlns="http://www.w3.org/2000/svg"><path d="M1408 960V832q0-26-19-45t-45-19H448q-26 0-45 19t-19 45v128q0 26 19 45t45 19h896q26 0 45-19t19-45zm256-544v960q0 119-84.5 203.5T1376 1664H416q-119 0-203.5-84.5T128 1376V416q0-119 84.5-203.5T416 128h960q119 0 203.5 84.5T1664 416z"/></svg></span>\n
        <span class="icon icon-open"><svg width="1792" height="1792" viewBox="0 0 1792 1792" xmlns="http://www.w3.org/2000/svg"><path d="M1408 960V832q0-26-19-45t-45-19h-320V448q0-26-19-45t-45-19H832q-26 0-45 19t-19 45v320H448q-26 0-45 19t-19 45v128q0 26 19 45t45 19h320v320q0 26 19 45t45 19h128q26 0 45-19t19-45v-320h320q26 0 45-19t19-45zm256-544v960q0 119-84.5 203.5T1376 1664H416q-119 0-203.5-84.5T128 1376V416q0-119 84.5-203.5T416 128h960q119 0 203.5 84.5T1664 416z"/></svg></span>\n
    \n
    \n
                    <span class="block trace-file-path">\n
            in\n
            <a href="">\n
                vendor/phpunit/phpunit/src/Framework/<strong>TestSuite.php</strong>\n
            </a>\n
                            <span class="trace-type">-></span>\n
                <span class="trace-method">run</span>\n
                        (line 380)\n
            <span class="icon icon-copy hidden" data-clipboard-text="vendor/phpunit/phpunit/src/Framework/TestSuite.php:380">\n
                <svg xmlns="http://www.w3.org/2000/svg" height="24" viewBox="0 0 24 24" width="24"><path d="M0 0h24v24H0z" fill="none"/><path d="M16 1H4c-1.1 0-2 .9-2 2v14h2V3h12V1zm3 4H8c-1.1 0-2 .9-2 2v14c0 1.1.9 2 2 2h11c1.1 0 2-.9 2-2V7c0-1.1-.9-2-2-2zm0 16H8V7h11v14z"/></svg>            </span>\n
        </span>\n
    </div>\n
    <div id="trace-html-1-18" class="trace-code sf-toggle-content">\n
        <ol start="375"><li><code><span style="color: var(--highlight-keyword)">&nbsp;&nbsp;&nbsp;&nbsp;&nbsp;&nbsp;&nbsp;&nbsp;&nbsp;&nbsp;&nbsp;&nbsp;&nbsp;&nbsp;&nbsp;&nbsp;</span><span style="color: var(--highlight-default)">$emitter</span><span style="color: var(--highlight-keyword)">-&gt;</span><span style="color: var(--highlight-default)">testRunnerExecutionAborted</span><span style="color: var(--highlight-keyword)">();</span></code></li>\n
<li><code><span style="color: var(--highlight-keyword)"></span></code></li>\n
<li><code><span style="color: var(--highlight-keyword)">&nbsp;&nbsp;&nbsp;&nbsp;&nbsp;&nbsp;&nbsp;&nbsp;&nbsp;&nbsp;&nbsp;&nbsp;&nbsp;&nbsp;&nbsp;&nbsp;break;</span></code></li>\n
<li><code><span style="color: var(--highlight-keyword)">&nbsp;&nbsp;&nbsp;&nbsp;&nbsp;&nbsp;&nbsp;&nbsp;&nbsp;&nbsp;&nbsp;&nbsp;}</span></code></li>\n
<li><code><span style="color: var(--highlight-keyword)"></span></code></li>\n
<li class="selected"><code><span style="color: var(--highlight-keyword)">&nbsp;&nbsp;&nbsp;&nbsp;&nbsp;&nbsp;&nbsp;&nbsp;&nbsp;&nbsp;&nbsp;&nbsp;</span><span style="color: var(--highlight-default)">$test</span><span style="color: var(--highlight-keyword)">-&gt;</span><span style="color: var(--highlight-default)">run</span><span style="color: var(--highlight-keyword)">();</span></code></li>\n
<li><code><span style="color: var(--highlight-keyword)">&nbsp;&nbsp;&nbsp;&nbsp;&nbsp;&nbsp;&nbsp;&nbsp;}</span></code></li>\n
<li><code><span style="color: var(--highlight-keyword)"></span></code></li>\n
<li><code><span style="color: var(--highlight-keyword)">&nbsp;&nbsp;&nbsp;&nbsp;&nbsp;&nbsp;&nbsp;&nbsp;</span><span style="color: var(--highlight-default)">$this</span><span style="color: var(--highlight-keyword)">-&gt;</span><span style="color: var(--highlight-default)">invokeMethodsAfterLastTest</span><span style="color: var(--highlight-keyword)">(</span><span style="color: var(--highlight-default)">$emitter</span><span style="color: var(--highlight-keyword)">);</span></code></li>\n
<li><code><span style="color: var(--highlight-keyword)"></span></code></li>\n
<li><code><span style="color: var(--highlight-keyword)">&nbsp;&nbsp;&nbsp;&nbsp;&nbsp;&nbsp;&nbsp;&nbsp;</span><span style="color: var(--highlight-default)">$emitter</span><span style="color: var(--highlight-keyword)">-&gt;</span><span style="color: var(--highlight-default)">testSuiteFinished</span><span style="color: var(--highlight-keyword)">(</span><span style="color: var(--highlight-default)">$testSuiteValueObjectForEvents</span><span style="color: var(--highlight-keyword)">);</span></code></li></ol>    </div>            </div>\n
                        <div class="trace-line trace-from-vendor">\n
                <div class="trace-line-header break-long-words sf-toggle" data-toggle-selector="#trace-html-1-19" data-toggle-initial="">\n
            <span class="icon icon-close"><svg width="1792" height="1792" viewBox="0 0 1792 1792" xmlns="http://www.w3.org/2000/svg"><path d="M1408 960V832q0-26-19-45t-45-19H448q-26 0-45 19t-19 45v128q0 26 19 45t45 19h896q26 0 45-19t19-45zm256-544v960q0 119-84.5 203.5T1376 1664H416q-119 0-203.5-84.5T128 1376V416q0-119 84.5-203.5T416 128h960q119 0 203.5 84.5T1664 416z"/></svg></span>\n
        <span class="icon icon-open"><svg width="1792" height="1792" viewBox="0 0 1792 1792" xmlns="http://www.w3.org/2000/svg"><path d="M1408 960V832q0-26-19-45t-45-19h-320V448q0-26-19-45t-45-19H832q-26 0-45 19t-19 45v320H448q-26 0-45 19t-19 45v128q0 26 19 45t45 19h320v320q0 26 19 45t45 19h128q26 0 45-19t19-45v-320h320q26 0 45-19t19-45zm256-544v960q0 119-84.5 203.5T1376 1664H416q-119 0-203.5-84.5T128 1376V416q0-119 84.5-203.5T416 128h960q119 0 203.5 84.5T1664 416z"/></svg></span>\n
    \n
    \n
                    <span class="block trace-file-path">\n
            in\n
            <a href="">\n
                vendor/phpunit/phpunit/src/TextUI/<strong>TestRunner.php</strong>\n
            </a>\n
                            <span class="trace-type">-></span>\n
                <span class="trace-method">run</span>\n
                        (line 64)\n
            <span class="icon icon-copy hidden" data-clipboard-text="vendor/phpunit/phpunit/src/TextUI/TestRunner.php:64">\n
                <svg xmlns="http://www.w3.org/2000/svg" height="24" viewBox="0 0 24 24" width="24"><path d="M0 0h24v24H0z" fill="none"/><path d="M16 1H4c-1.1 0-2 .9-2 2v14h2V3h12V1zm3 4H8c-1.1 0-2 .9-2 2v14c0 1.1.9 2 2 2h11c1.1 0 2-.9 2-2V7c0-1.1-.9-2-2-2zm0 16H8V7h11v14z"/></svg>            </span>\n
        </span>\n
    </div>\n
    <div id="trace-html-1-19" class="trace-code sf-toggle-content">\n
        <ol start="59"><li><code><span style="color: var(--highlight-keyword)"></span></code></li>\n
<li><code><span style="color: var(--highlight-keyword)">&nbsp;&nbsp;&nbsp;&nbsp;&nbsp;&nbsp;&nbsp;&nbsp;&nbsp;&nbsp;&nbsp;&nbsp;</span><span style="color: var(--highlight-default)">Event\Facade</span><span style="color: var(--highlight-keyword)">::</span><span style="color: var(--highlight-default)">emitter</span><span style="color: var(--highlight-keyword)">()-&gt;</span><span style="color: var(--highlight-default)">testRunnerExecutionStarted</span><span style="color: var(--highlight-keyword)">(</span></code></li>\n
<li><code><span style="color: var(--highlight-keyword)">&nbsp;&nbsp;&nbsp;&nbsp;&nbsp;&nbsp;&nbsp;&nbsp;&nbsp;&nbsp;&nbsp;&nbsp;&nbsp;&nbsp;&nbsp;&nbsp;</span><span style="color: var(--highlight-default)">Event\TestSuite\TestSuiteBuilder</span><span style="color: var(--highlight-keyword)">::</span><span style="color: var(--highlight-default)">from</span><span style="color: var(--highlight-keyword)">(</span><span style="color: var(--highlight-default)">$suite</span><span style="color: var(--highlight-keyword)">),</span></code></li>\n
<li><code><span style="color: var(--highlight-keyword)">&nbsp;&nbsp;&nbsp;&nbsp;&nbsp;&nbsp;&nbsp;&nbsp;&nbsp;&nbsp;&nbsp;&nbsp;);</span></code></li>\n
<li><code><span style="color: var(--highlight-keyword)"></span></code></li>\n
<li class="selected"><code><span style="color: var(--highlight-keyword)">&nbsp;&nbsp;&nbsp;&nbsp;&nbsp;&nbsp;&nbsp;&nbsp;&nbsp;&nbsp;&nbsp;&nbsp;</span><span style="color: var(--highlight-default)">$suite</span><span style="color: var(--highlight-keyword)">-&gt;</span><span style="color: var(--highlight-default)">run</span><span style="color: var(--highlight-keyword)">();</span></code></li>\n
<li><code><span style="color: var(--highlight-keyword)"></span></code></li>\n
<li><code><span style="color: var(--highlight-keyword)">&nbsp;&nbsp;&nbsp;&nbsp;&nbsp;&nbsp;&nbsp;&nbsp;&nbsp;&nbsp;&nbsp;&nbsp;</span><span style="color: var(--highlight-default)">Event\Facade</span><span style="color: var(--highlight-keyword)">::</span><span style="color: var(--highlight-default)">emitter</span><span style="color: var(--highlight-keyword)">()-&gt;</span><span style="color: var(--highlight-default)">testRunnerExecutionFinished</span><span style="color: var(--highlight-keyword)">();</span></code></li>\n
<li><code><span style="color: var(--highlight-keyword)">&nbsp;&nbsp;&nbsp;&nbsp;&nbsp;&nbsp;&nbsp;&nbsp;&nbsp;&nbsp;&nbsp;&nbsp;</span><span style="color: var(--highlight-default)">Event\Facade</span><span style="color: var(--highlight-keyword)">::</span><span style="color: var(--highlight-default)">emitter</span><span style="color: var(--highlight-keyword)">()-&gt;</span><span style="color: var(--highlight-default)">testRunnerFinished</span><span style="color: var(--highlight-keyword)">();</span></code></li>\n
<li><code><span style="color: var(--highlight-keyword)">&nbsp;&nbsp;&nbsp;&nbsp;&nbsp;&nbsp;&nbsp;&nbsp;}&nbsp;catch&nbsp;(</span><span style="color: var(--highlight-default)">Throwable&nbsp;$t</span><span style="color: var(--highlight-keyword)">)&nbsp;{</span></code></li>\n
<li><code><span style="color: var(--highlight-keyword)">&nbsp;&nbsp;&nbsp;&nbsp;&nbsp;&nbsp;&nbsp;&nbsp;&nbsp;&nbsp;&nbsp;&nbsp;throw&nbsp;new&nbsp;</span><span style="color: var(--highlight-default)">RuntimeException</span><span style="color: var(--highlight-keyword)">(</span></code></li></ol>    </div>            </div>\n
                        <div class="trace-line trace-from-vendor">\n
                <div class="trace-line-header break-long-words sf-toggle" data-toggle-selector="#trace-html-1-20" data-toggle-initial="">\n
            <span class="icon icon-close"><svg width="1792" height="1792" viewBox="0 0 1792 1792" xmlns="http://www.w3.org/2000/svg"><path d="M1408 960V832q0-26-19-45t-45-19H448q-26 0-45 19t-19 45v128q0 26 19 45t45 19h896q26 0 45-19t19-45zm256-544v960q0 119-84.5 203.5T1376 1664H416q-119 0-203.5-84.5T128 1376V416q0-119 84.5-203.5T416 128h960q119 0 203.5 84.5T1664 416z"/></svg></span>\n
        <span class="icon icon-open"><svg width="1792" height="1792" viewBox="0 0 1792 1792" xmlns="http://www.w3.org/2000/svg"><path d="M1408 960V832q0-26-19-45t-45-19h-320V448q0-26-19-45t-45-19H832q-26 0-45 19t-19 45v320H448q-26 0-45 19t-19 45v128q0 26 19 45t45 19h320v320q0 26 19 45t45 19h128q26 0 45-19t19-45v-320h320q26 0 45-19t19-45zm256-544v960q0 119-84.5 203.5T1376 1664H416q-119 0-203.5-84.5T128 1376V416q0-119 84.5-203.5T416 128h960q119 0 203.5 84.5T1664 416z"/></svg></span>\n
    \n
    \n
                    <span class="block trace-file-path">\n
            in\n
            <a href="">\n
                vendor/phpunit/phpunit/src/TextUI/<strong>Application.php</strong>\n
            </a>\n
                            <span class="trace-type">-></span>\n
                <span class="trace-method">run</span>\n
                        (line 203)\n
            <span class="icon icon-copy hidden" data-clipboard-text="vendor/phpunit/phpunit/src/TextUI/Application.php:203">\n
                <svg xmlns="http://www.w3.org/2000/svg" height="24" viewBox="0 0 24 24" width="24"><path d="M0 0h24v24H0z" fill="none"/><path d="M16 1H4c-1.1 0-2 .9-2 2v14h2V3h12V1zm3 4H8c-1.1 0-2 .9-2 2v14c0 1.1.9 2 2 2h11c1.1 0 2-.9 2-2V7c0-1.1-.9-2-2-2zm0 16H8V7h11v14z"/></svg>            </span>\n
        </span>\n
    </div>\n
    <div id="trace-html-1-20" class="trace-code sf-toggle-content">\n
        <ol start="198"><li><code><span style="color: var(--highlight-keyword)">&nbsp;&nbsp;&nbsp;&nbsp;&nbsp;&nbsp;&nbsp;&nbsp;&nbsp;&nbsp;&nbsp;&nbsp;</span><span style="color: var(--highlight-default)">$timer</span><span style="color: var(--highlight-keyword)">-&gt;</span><span style="color: var(--highlight-default)">start</span><span style="color: var(--highlight-keyword)">();</span></code></li>\n
<li><code><span style="color: var(--highlight-keyword)"></span></code></li>\n
<li><code><span style="color: var(--highlight-keyword)">&nbsp;&nbsp;&nbsp;&nbsp;&nbsp;&nbsp;&nbsp;&nbsp;&nbsp;&nbsp;&nbsp;&nbsp;</span><span style="color: var(--highlight-default)">$runner&nbsp;</span><span style="color: var(--highlight-keyword)">=&nbsp;new&nbsp;</span><span style="color: var(--highlight-default)">TestRunner</span><span style="color: var(--highlight-keyword)">;</span></code></li>\n
<li><code><span style="color: var(--highlight-keyword)"></span></code></li>\n
<li><code><span style="color: var(--highlight-keyword)">&nbsp;&nbsp;&nbsp;&nbsp;&nbsp;&nbsp;&nbsp;&nbsp;&nbsp;&nbsp;&nbsp;&nbsp;</span><span style="color: var(--highlight-default)">$runner</span><span style="color: var(--highlight-keyword)">-&gt;</span><span style="color: var(--highlight-default)">run</span><span style="color: var(--highlight-keyword)">(</span></code></li>\n
<li class="selected"><code><span style="color: var(--highlight-keyword)">&nbsp;&nbsp;&nbsp;&nbsp;&nbsp;&nbsp;&nbsp;&nbsp;&nbsp;&nbsp;&nbsp;&nbsp;&nbsp;&nbsp;&nbsp;&nbsp;</span><span style="color: var(--highlight-default)">$configuration</span><span style="color: var(--highlight-keyword)">,</span></code></li>\n
<li><code><span style="color: var(--highlight-keyword)">&nbsp;&nbsp;&nbsp;&nbsp;&nbsp;&nbsp;&nbsp;&nbsp;&nbsp;&nbsp;&nbsp;&nbsp;&nbsp;&nbsp;&nbsp;&nbsp;</span><span style="color: var(--highlight-default)">$resultCache</span><span style="color: var(--highlight-keyword)">,</span></code></li>\n
<li><code><span style="color: var(--highlight-keyword)">&nbsp;&nbsp;&nbsp;&nbsp;&nbsp;&nbsp;&nbsp;&nbsp;&nbsp;&nbsp;&nbsp;&nbsp;&nbsp;&nbsp;&nbsp;&nbsp;</span><span style="color: var(--highlight-default)">$testSuite</span><span style="color: var(--highlight-keyword)">,</span></code></li>\n
<li><code><span style="color: var(--highlight-keyword)">&nbsp;&nbsp;&nbsp;&nbsp;&nbsp;&nbsp;&nbsp;&nbsp;&nbsp;&nbsp;&nbsp;&nbsp;);</span></code></li>\n
<li><code><span style="color: var(--highlight-keyword)"></span></code></li>\n
<li><code><span style="color: var(--highlight-keyword)">&nbsp;&nbsp;&nbsp;&nbsp;&nbsp;&nbsp;&nbsp;&nbsp;&nbsp;&nbsp;&nbsp;&nbsp;</span><span style="color: var(--highlight-default)">$duration&nbsp;</span><span style="color: var(--highlight-keyword)">=&nbsp;</span><span style="color: var(--highlight-default)">$timer</span><span style="color: var(--highlight-keyword)">-&gt;</span><span style="color: var(--highlight-default)">stop</span><span style="color: var(--highlight-keyword)">();</span></code></li></ol>    </div>            </div>\n
                        <div class="trace-line trace-from-vendor">\n
                <div class="trace-line-header break-long-words sf-toggle" data-toggle-selector="#trace-html-1-21" data-toggle-initial="">\n
            <span class="icon icon-close"><svg width="1792" height="1792" viewBox="0 0 1792 1792" xmlns="http://www.w3.org/2000/svg"><path d="M1408 960V832q0-26-19-45t-45-19H448q-26 0-45 19t-19 45v128q0 26 19 45t45 19h896q26 0 45-19t19-45zm256-544v960q0 119-84.5 203.5T1376 1664H416q-119 0-203.5-84.5T128 1376V416q0-119 84.5-203.5T416 128h960q119 0 203.5 84.5T1664 416z"/></svg></span>\n
        <span class="icon icon-open"><svg width="1792" height="1792" viewBox="0 0 1792 1792" xmlns="http://www.w3.org/2000/svg"><path d="M1408 960V832q0-26-19-45t-45-19h-320V448q0-26-19-45t-45-19H832q-26 0-45 19t-19 45v320H448q-26 0-45 19t-19 45v128q0 26 19 45t45 19h320v320q0 26 19 45t45 19h128q26 0 45-19t19-45v-320h320q26 0 45-19t19-45zm256-544v960q0 119-84.5 203.5T1376 1664H416q-119 0-203.5-84.5T128 1376V416q0-119 84.5-203.5T416 128h960q119 0 203.5 84.5T1664 416z"/></svg></span>\n
    \n
    \n
                    <span class="block trace-file-path">\n
            in\n
            <a href="">\n
                vendor/phpunit/phpunit/<strong>phpunit</strong>\n
            </a>\n
                            <span class="trace-type">-></span>\n
                <span class="trace-method">run</span>\n
                        (line 104)\n
            <span class="icon icon-copy hidden" data-clipboard-text="vendor/phpunit/phpunit/phpunit:104">\n
                <svg xmlns="http://www.w3.org/2000/svg" height="24" viewBox="0 0 24 24" width="24"><path d="M0 0h24v24H0z" fill="none"/><path d="M16 1H4c-1.1 0-2 .9-2 2v14h2V3h12V1zm3 4H8c-1.1 0-2 .9-2 2v14c0 1.1.9 2 2 2h11c1.1 0 2-.9 2-2V7c0-1.1-.9-2-2-2zm0 16H8V7h11v14z"/></svg>            </span>\n
        </span>\n
    </div>\n
    <div id="trace-html-1-21" class="trace-code sf-toggle-content">\n
        <ol start="99"><li><code><span style="color: var(--highlight-keyword)">}</span></code></li>\n
<li><code><span style="color: var(--highlight-keyword)"></span></code></li>\n
<li><code><span style="color: var(--highlight-keyword)">unset(</span><span style="color: var(--highlight-default)">$requiredExtensions</span><span style="color: var(--highlight-keyword)">,&nbsp;</span><span style="color: var(--highlight-default)">$unavailableExtensions</span><span style="color: var(--highlight-keyword)">);</span></code></li>\n
<li><code><span style="color: var(--highlight-keyword)"></span></code></li>\n
<li><code><span style="color: var(--highlight-keyword)">exit((new&nbsp;</span><span style="color: var(--highlight-default)">PHPUnit\TextUI\Application</span><span style="color: var(--highlight-keyword)">)-&gt;</span><span style="color: var(--highlight-default)">run</span><span style="color: var(--highlight-keyword)">(</span><span style="color: var(--highlight-default)">$_SERVER</span><span style="color: var(--highlight-keyword)">[</span><span style="color: var(--highlight-string)">'argv'</span><span style="color: var(--highlight-keyword)">]));</span></code></li>\n
<li class="selected"><code><span style="color: var(--highlight-keyword)"></span></code></li></ol>    </div>            </div>\n
                        <div class="trace-line trace-from-vendor">\n
                <div class="trace-line-header break-long-words sf-toggle" data-toggle-selector="#trace-html-1-22" data-toggle-initial="">\n
            <span class="icon icon-close"><svg width="1792" height="1792" viewBox="0 0 1792 1792" xmlns="http://www.w3.org/2000/svg"><path d="M1408 960V832q0-26-19-45t-45-19H448q-26 0-45 19t-19 45v128q0 26 19 45t45 19h896q26 0 45-19t19-45zm256-544v960q0 119-84.5 203.5T1376 1664H416q-119 0-203.5-84.5T128 1376V416q0-119 84.5-203.5T416 128h960q119 0 203.5 84.5T1664 416z"/></svg></span>\n
        <span class="icon icon-open"><svg width="1792" height="1792" viewBox="0 0 1792 1792" xmlns="http://www.w3.org/2000/svg"><path d="M1408 960V832q0-26-19-45t-45-19h-320V448q0-26-19-45t-45-19H832q-26 0-45 19t-19 45v320H448q-26 0-45 19t-19 45v128q0 26 19 45t45 19h320v320q0 26 19 45t45 19h128q26 0 45-19t19-45v-320h320q26 0 45-19t19-45zm256-544v960q0 119-84.5 203.5T1376 1664H416q-119 0-203.5-84.5T128 1376V416q0-119 84.5-203.5T416 128h960q119 0 203.5 84.5T1664 416z"/></svg></span>\n
    \n
    \n
                    <span class="block trace-file-path">\n
            in\n
            <a href="">\n
                vendor/bin/<strong>phpunit</strong>\n
            </a>\n
                            <span class="trace-type"></span>\n
                <span class="trace-method">include</span>\n
                        (line 122)\n
            <span class="icon icon-copy hidden" data-clipboard-text="vendor/bin/phpunit:122">\n
                <svg xmlns="http://www.w3.org/2000/svg" height="24" viewBox="0 0 24 24" width="24"><path d="M0 0h24v24H0z" fill="none"/><path d="M16 1H4c-1.1 0-2 .9-2 2v14h2V3h12V1zm3 4H8c-1.1 0-2 .9-2 2v14c0 1.1.9 2 2 2h11c1.1 0 2-.9 2-2V7c0-1.1-.9-2-2-2zm0 16H8V7h11v14z"/></svg>            </span>\n
        </span>\n
    </div>\n
    <div id="trace-html-1-22" class="trace-code sf-toggle-content">\n
        <ol start="117"><li><code><span style="color: var(--highlight-keyword)">&nbsp;&nbsp;&nbsp;&nbsp;&nbsp;&nbsp;&nbsp;&nbsp;return&nbsp;include(</span><span style="color: var(--highlight-string)">"phpvfscomposer://"&nbsp;</span><span style="color: var(--highlight-keyword)">.&nbsp;</span><span style="color: var(--highlight-default)">__DIR__&nbsp;</span><span style="color: var(--highlight-keyword)">.&nbsp;</span><span style="color: var(--highlight-string)">'/..'</span><span style="color: var(--highlight-keyword)">.</span><span style="color: var(--highlight-string)">'/phpunit/phpunit/phpunit'</span><span style="color: var(--highlight-keyword)">);</span></code></li>\n
<li><code><span style="color: var(--highlight-keyword)">&nbsp;&nbsp;&nbsp;&nbsp;}</span></code></li>\n
<li><code><span style="color: var(--highlight-keyword)">}</span></code></li>\n
<li><code><span style="color: var(--highlight-keyword)"></span></code></li>\n
<li><code><span style="color: var(--highlight-keyword)">return&nbsp;include&nbsp;</span><span style="color: var(--highlight-default)">__DIR__&nbsp;</span><span style="color: var(--highlight-keyword)">.&nbsp;</span><span style="color: var(--highlight-string)">'/..'</span><span style="color: var(--highlight-keyword)">.</span><span style="color: var(--highlight-string)">'/phpunit/phpunit/phpunit'</span><span style="color: var(--highlight-keyword)">;</span></code></li>\n
<li class="selected"><code><span style="color: var(--highlight-keyword)"></span></code></li></ol>    </div>            </div>\n
                    </div>\n
    </div>\n
</div><div class="trace trace-as-html" id="trace-box-2">\n
    <div class="trace-details">\n
        <div class="trace-head">\n
            <div class="sf-toggle" data-toggle-selector="#trace-html-2" data-toggle-initial="">\n
                <span class="icon icon-close"><svg width="1792" height="1792" viewBox="0 0 1792 1792" xmlns="http://www.w3.org/2000/svg"><path d="M1344 800v64q0 14-9 23t-23 9H480q-14 0-23-9t-9-23v-64q0-14 9-23t23-9h832q14 0 23 9t9 23zm128 448V416q0-66-47-113t-113-47H480q-66 0-113 47t-47 113v832q0 66 47 113t113 47h832q66 0 113-47t47-113zm128-832v832q0 119-84.5 203.5T1312 1536H480q-119 0-203.5-84.5T192 1248V416q0-119 84.5-203.5T480 128h832q119 0 203.5 84.5T1600 416z"/></svg></span>\n
                <span class="icon icon-open"><svg width="1792" height="1792" viewBox="0 0 1792 1792" xmlns="http://www.w3.org/2000/svg"><path d="M1344 800v64q0 14-9 23t-23 9H960v352q0 14-9 23t-23 9h-64q-14 0-23-9t-9-23V896H480q-14 0-23-9t-9-23v-64q0-14 9-23t23-9h352V416q0-14 9-23t23-9h64q14 0 23 9t9 23v352h352q14 0 23 9t9 23zm128 448V416q0-66-47-113t-113-47H480q-66 0-113 47t-47 113v832q0 66 47 113t113 47h832q66 0 113-47t47-113zm128-832v832q0 119-84.5 203.5T1312 1536H480q-119 0-203.5-84.5T192 1248V416q0-119 84.5-203.5T480 128h832q119 0 203.5 84.5T1600 416z"/></svg></span>\n
                                                    <h3 class="trace-class">\n
                                                    <span class="trace-namespace">Symfony\Component\Routing\Exception\</span>\n
                                                ResourceNotFoundException                    </h3>\n
                                                    <p class="break-long-words trace-message">No routes found for &quot;/admin/&quot;.</p>\n
                            </div>\n
        </div>\n
\n
        <div id="trace-html-2" class="sf-toggle-content">\n
                    <div class="trace-line trace-from-vendor">\n
                <div class="trace-line-header break-long-words sf-toggle" data-toggle-selector="#trace-html-2-0" data-toggle-initial="">\n
            <span class="icon icon-close"><svg width="1792" height="1792" viewBox="0 0 1792 1792" xmlns="http://www.w3.org/2000/svg"><path d="M1408 960V832q0-26-19-45t-45-19H448q-26 0-45 19t-19 45v128q0 26 19 45t45 19h896q26 0 45-19t19-45zm256-544v960q0 119-84.5 203.5T1376 1664H416q-119 0-203.5-84.5T128 1376V416q0-119 84.5-203.5T416 128h960q119 0 203.5 84.5T1664 416z"/></svg></span>\n
        <span class="icon icon-open"><svg width="1792" height="1792" viewBox="0 0 1792 1792" xmlns="http://www.w3.org/2000/svg"><path d="M1408 960V832q0-26-19-45t-45-19h-320V448q0-26-19-45t-45-19H832q-26 0-45 19t-19 45v320H448q-26 0-45 19t-19 45v128q0 26 19 45t45 19h320v320q0 26 19 45t45 19h128q26 0 45-19t19-45v-320h320q26 0 45-19t19-45zm256-544v960q0 119-84.5 203.5T1376 1664H416q-119 0-203.5-84.5T128 1376V416q0-119 84.5-203.5T416 128h960q119 0 203.5 84.5T1664 416z"/></svg></span>\n
    \n
    \n
                    <span class="block trace-file-path">\n
            in\n
            <a href="">\n
                vendor/symfony/routing/Matcher/Dumper/<strong>CompiledUrlMatcherTrait.php</strong>\n
            </a>\n
                        (line 74)\n
            <span class="icon icon-copy hidden" data-clipboard-text="vendor/symfony/routing/Matcher/Dumper/CompiledUrlMatcherTrait.php:74">\n
                <svg xmlns="http://www.w3.org/2000/svg" height="24" viewBox="0 0 24 24" width="24"><path d="M0 0h24v24H0z" fill="none"/><path d="M16 1H4c-1.1 0-2 .9-2 2v14h2V3h12V1zm3 4H8c-1.1 0-2 .9-2 2v14c0 1.1.9 2 2 2h11c1.1 0 2-.9 2-2V7c0-1.1-.9-2-2-2zm0 16H8V7h11v14z"/></svg>            </span>\n
        </span>\n
    </div>\n
    <div id="trace-html-2-0" class="trace-code sf-toggle-content">\n
        <ol start="69"><li><code><span style="color: var(--highlight-keyword)">&nbsp;&nbsp;&nbsp;&nbsp;&nbsp;&nbsp;&nbsp;&nbsp;&nbsp;&nbsp;&nbsp;&nbsp;if&nbsp;(</span><span style="color: var(--highlight-default)">$allowSchemes</span><span style="color: var(--highlight-keyword)">)&nbsp;{</span></code></li>\n
<li><code><span style="color: var(--highlight-keyword)">&nbsp;&nbsp;&nbsp;&nbsp;&nbsp;&nbsp;&nbsp;&nbsp;&nbsp;&nbsp;&nbsp;&nbsp;&nbsp;&nbsp;&nbsp;&nbsp;goto&nbsp;</span><span style="color: var(--highlight-default)">redirect_scheme</span><span style="color: var(--highlight-keyword)">;</span></code></li>\n
<li><code><span style="color: var(--highlight-keyword)">&nbsp;&nbsp;&nbsp;&nbsp;&nbsp;&nbsp;&nbsp;&nbsp;&nbsp;&nbsp;&nbsp;&nbsp;}</span></code></li>\n
<li><code><span style="color: var(--highlight-keyword)">&nbsp;&nbsp;&nbsp;&nbsp;&nbsp;&nbsp;&nbsp;&nbsp;}</span></code></li>\n
<li><code><span style="color: var(--highlight-keyword)"></span></code></li>\n
<li class="selected"><code><span style="color: var(--highlight-keyword)">&nbsp;&nbsp;&nbsp;&nbsp;&nbsp;&nbsp;&nbsp;&nbsp;throw&nbsp;new&nbsp;</span><span style="color: var(--highlight-default)">ResourceNotFoundException</span><span style="color: var(--highlight-keyword)">(</span><span style="color: var(--highlight-default)">sprintf</span><span style="color: var(--highlight-keyword)">(</span><span style="color: var(--highlight-string)">'No&nbsp;routes&nbsp;found&nbsp;for&nbsp;"%s".'</span><span style="color: var(--highlight-keyword)">,&nbsp;</span><span style="color: var(--highlight-default)">$pathinfo</span><span style="color: var(--highlight-keyword)">));</span></code></li>\n
<li><code><span style="color: var(--highlight-keyword)">&nbsp;&nbsp;&nbsp;&nbsp;}</span></code></li>\n
<li><code><span style="color: var(--highlight-keyword)"></span></code></li>\n
<li><code><span style="color: var(--highlight-keyword)">&nbsp;&nbsp;&nbsp;&nbsp;private&nbsp;function&nbsp;</span><span style="color: var(--highlight-default)">doMatch</span><span style="color: var(--highlight-keyword)">(</span><span style="color: var(--highlight-default)">string&nbsp;$pathinfo</span><span style="color: var(--highlight-keyword)">,&nbsp;array&nbsp;&amp;</span><span style="color: var(--highlight-default)">$allow&nbsp;</span><span style="color: var(--highlight-keyword)">=&nbsp;[],&nbsp;array&nbsp;&amp;</span><span style="color: var(--highlight-default)">$allowSchemes&nbsp;</span><span style="color: var(--highlight-keyword)">=&nbsp;[]):&nbsp;array</span></code></li>\n
<li><code><span style="color: var(--highlight-keyword)">&nbsp;&nbsp;&nbsp;&nbsp;{</span></code></li>\n
<li><code><span style="color: var(--highlight-keyword)">&nbsp;&nbsp;&nbsp;&nbsp;&nbsp;&nbsp;&nbsp;&nbsp;</span><span style="color: var(--highlight-default)">$allow&nbsp;</span><span style="color: var(--highlight-keyword)">=&nbsp;</span><span style="color: var(--highlight-default)">$allowSchemes&nbsp;</span><span style="color: var(--highlight-keyword)">=&nbsp;[];</span></code></li></ol>    </div>            </div>\n
                        <div class="trace-line trace-from-vendor">\n
                <div class="trace-line-header break-long-words sf-toggle" data-toggle-selector="#trace-html-2-1" data-toggle-initial="">\n
            <span class="icon icon-close"><svg width="1792" height="1792" viewBox="0 0 1792 1792" xmlns="http://www.w3.org/2000/svg"><path d="M1408 960V832q0-26-19-45t-45-19H448q-26 0-45 19t-19 45v128q0 26 19 45t45 19h896q26 0 45-19t19-45zm256-544v960q0 119-84.5 203.5T1376 1664H416q-119 0-203.5-84.5T128 1376V416q0-119 84.5-203.5T416 128h960q119 0 203.5 84.5T1664 416z"/></svg></span>\n
        <span class="icon icon-open"><svg width="1792" height="1792" viewBox="0 0 1792 1792" xmlns="http://www.w3.org/2000/svg"><path d="M1408 960V832q0-26-19-45t-45-19h-320V448q0-26-19-45t-45-19H832q-26 0-45 19t-19 45v320H448q-26 0-45 19t-19 45v128q0 26 19 45t45 19h320v320q0 26 19 45t45 19h128q26 0 45-19t19-45v-320h320q26 0 45-19t19-45zm256-544v960q0 119-84.5 203.5T1376 1664H416q-119 0-203.5-84.5T128 1376V416q0-119 84.5-203.5T416 128h960q119 0 203.5 84.5T1664 416z"/></svg></span>\n
    \n
    \n
                    <span class="block trace-file-path">\n
            in\n
            <a href="">\n
                vendor/symfony/routing/Matcher/<strong>UrlMatcher.php</strong>\n
            </a>\n
                            <span class="trace-type">-></span>\n
                <span class="trace-method">match</span>\n
                        (line 106)\n
            <span class="icon icon-copy hidden" data-clipboard-text="vendor/symfony/routing/Matcher/UrlMatcher.php:106">\n
                <svg xmlns="http://www.w3.org/2000/svg" height="24" viewBox="0 0 24 24" width="24"><path d="M0 0h24v24H0z" fill="none"/><path d="M16 1H4c-1.1 0-2 .9-2 2v14h2V3h12V1zm3 4H8c-1.1 0-2 .9-2 2v14c0 1.1.9 2 2 2h11c1.1 0 2-.9 2-2V7c0-1.1-.9-2-2-2zm0 16H8V7h11v14z"/></svg>            </span>\n
        </span>\n
    </div>\n
    <div id="trace-html-2-1" class="trace-code sf-toggle-content">\n
        <ol start="101"><li><code><span style="color: var(--highlight-comment)">&nbsp;&nbsp;&nbsp;&nbsp;&nbsp;*/</span></code></li>\n
<li><code><span style="color: var(--highlight-comment)">&nbsp;&nbsp;&nbsp;&nbsp;</span><span style="color: var(--highlight-keyword)">public&nbsp;function&nbsp;</span><span style="color: var(--highlight-default)">matchRequest</span><span style="color: var(--highlight-keyword)">(</span><span style="color: var(--highlight-default)">Request&nbsp;$request</span><span style="color: var(--highlight-keyword)">)</span></code></li>\n
<li><code><span style="color: var(--highlight-keyword)">&nbsp;&nbsp;&nbsp;&nbsp;{</span></code></li>\n
<li><code><span style="color: var(--highlight-keyword)">&nbsp;&nbsp;&nbsp;&nbsp;&nbsp;&nbsp;&nbsp;&nbsp;</span><span style="color: var(--highlight-default)">$this</span><span style="color: var(--highlight-keyword)">-&gt;</span><span style="color: var(--highlight-default)">request&nbsp;</span><span style="color: var(--highlight-keyword)">=&nbsp;</span><span style="color: var(--highlight-default)">$request</span><span style="color: var(--highlight-keyword)">;</span></code></li>\n
<li><code><span style="color: var(--highlight-keyword)"></span></code></li>\n
<li class="selected"><code><span style="color: var(--highlight-keyword)">&nbsp;&nbsp;&nbsp;&nbsp;&nbsp;&nbsp;&nbsp;&nbsp;</span><span style="color: var(--highlight-default)">$ret&nbsp;</span><span style="color: var(--highlight-keyword)">=&nbsp;</span><span style="color: var(--highlight-default)">$this</span><span style="color: var(--highlight-keyword)">-&gt;</span><span style="color: var(--highlight-default)">match</span><span style="color: var(--highlight-keyword)">(</span><span style="color: var(--highlight-default)">$request</span><span style="color: var(--highlight-keyword)">-&gt;</span><span style="color: var(--highlight-default)">getPathInfo</span><span style="color: var(--highlight-keyword)">());</span></code></li>\n
<li><code><span style="color: var(--highlight-keyword)"></span></code></li>\n
<li><code><span style="color: var(--highlight-keyword)">&nbsp;&nbsp;&nbsp;&nbsp;&nbsp;&nbsp;&nbsp;&nbsp;</span><span style="color: var(--highlight-default)">$this</span><span style="color: var(--highlight-keyword)">-&gt;</span><span style="color: var(--highlight-default)">request&nbsp;</span><span style="color: var(--highlight-keyword)">=&nbsp;</span><span style="color: var(--highlight-default)">null</span><span style="color: var(--highlight-keyword)">;</span></code></li>\n
<li><code><span style="color: var(--highlight-keyword)"></span></code></li>\n
<li><code><span style="color: var(--highlight-keyword)">&nbsp;&nbsp;&nbsp;&nbsp;&nbsp;&nbsp;&nbsp;&nbsp;return&nbsp;</span><span style="color: var(--highlight-default)">$ret</span><span style="color: var(--highlight-keyword)">;</span></code></li>\n
<li><code><span style="color: var(--highlight-keyword)">&nbsp;&nbsp;&nbsp;&nbsp;}</span></code></li></ol>    </div>            </div>\n
                        <div class="trace-line trace-from-vendor">\n
                <div class="trace-line-header break-long-words sf-toggle" data-toggle-selector="#trace-html-2-2" data-toggle-initial="">\n
            <span class="icon icon-close"><svg width="1792" height="1792" viewBox="0 0 1792 1792" xmlns="http://www.w3.org/2000/svg"><path d="M1408 960V832q0-26-19-45t-45-19H448q-26 0-45 19t-19 45v128q0 26 19 45t45 19h896q26 0 45-19t19-45zm256-544v960q0 119-84.5 203.5T1376 1664H416q-119 0-203.5-84.5T128 1376V416q0-119 84.5-203.5T416 128h960q119 0 203.5 84.5T1664 416z"/></svg></span>\n
        <span class="icon icon-open"><svg width="1792" height="1792" viewBox="0 0 1792 1792" xmlns="http://www.w3.org/2000/svg"><path d="M1408 960V832q0-26-19-45t-45-19h-320V448q0-26-19-45t-45-19H832q-26 0-45 19t-19 45v320H448q-26 0-45 19t-19 45v128q0 26 19 45t45 19h320v320q0 26 19 45t45 19h128q26 0 45-19t19-45v-320h320q26 0 45-19t19-45zm256-544v960q0 119-84.5 203.5T1376 1664H416q-119 0-203.5-84.5T128 1376V416q0-119 84.5-203.5T416 128h960q119 0 203.5 84.5T1664 416z"/></svg></span>\n
    \n
    \n
                    <span class="block trace-file-path">\n
            in\n
            <a href="">\n
                vendor/symfony/routing/<strong>Router.php</strong>\n
            </a>\n
                            <span class="trace-type">-></span>\n
                <span class="trace-method">matchRequest</span>\n
                        (line 257)\n
            <span class="icon icon-copy hidden" data-clipboard-text="vendor/symfony/routing/Router.php:257">\n
                <svg xmlns="http://www.w3.org/2000/svg" height="24" viewBox="0 0 24 24" width="24"><path d="M0 0h24v24H0z" fill="none"/><path d="M16 1H4c-1.1 0-2 .9-2 2v14h2V3h12V1zm3 4H8c-1.1 0-2 .9-2 2v14c0 1.1.9 2 2 2h11c1.1 0 2-.9 2-2V7c0-1.1-.9-2-2-2zm0 16H8V7h11v14z"/></svg>            </span>\n
        </span>\n
    </div>\n
    <div id="trace-html-2-2" class="trace-code sf-toggle-content">\n
        <ol start="252"><li><code><span style="color: var(--highlight-keyword)">&nbsp;&nbsp;&nbsp;&nbsp;&nbsp;&nbsp;&nbsp;&nbsp;if&nbsp;(!</span><span style="color: var(--highlight-default)">$matcher&nbsp;</span><span style="color: var(--highlight-keyword)">instanceof&nbsp;</span><span style="color: var(--highlight-default)">RequestMatcherInterface</span><span style="color: var(--highlight-keyword)">)&nbsp;{</span></code></li>\n
<li><code><span style="color: var(--highlight-keyword)">&nbsp;&nbsp;&nbsp;&nbsp;&nbsp;&nbsp;&nbsp;&nbsp;&nbsp;&nbsp;&nbsp;&nbsp;</span><span style="color: var(--highlight-comment)">//&nbsp;fallback&nbsp;to&nbsp;the&nbsp;default&nbsp;UrlMatcherInterface</span></code></li>\n
<li><code><span style="color: var(--highlight-comment)">&nbsp;&nbsp;&nbsp;&nbsp;&nbsp;&nbsp;&nbsp;&nbsp;&nbsp;&nbsp;&nbsp;&nbsp;</span><span style="color: var(--highlight-keyword)">return&nbsp;</span><span style="color: var(--highlight-default)">$matcher</span><span style="color: var(--highlight-keyword)">-&gt;</span><span style="color: var(--highlight-default)">match</span><span style="color: var(--highlight-keyword)">(</span><span style="color: var(--highlight-default)">$request</span><span style="color: var(--highlight-keyword)">-&gt;</span><span style="color: var(--highlight-default)">getPathInfo</span><span style="color: var(--highlight-keyword)">());</span></code></li>\n
<li><code><span style="color: var(--highlight-keyword)">&nbsp;&nbsp;&nbsp;&nbsp;&nbsp;&nbsp;&nbsp;&nbsp;}</span></code></li>\n
<li><code><span style="color: var(--highlight-keyword)"></span></code></li>\n
<li class="selected"><code><span style="color: var(--highlight-keyword)">&nbsp;&nbsp;&nbsp;&nbsp;&nbsp;&nbsp;&nbsp;&nbsp;return&nbsp;</span><span style="color: var(--highlight-default)">$matcher</span><span style="color: var(--highlight-keyword)">-&gt;</span><span style="color: var(--highlight-default)">matchRequest</span><span style="color: var(--highlight-keyword)">(</span><span style="color: var(--highlight-default)">$request</span><span style="color: var(--highlight-keyword)">);</span></code></li>\n
<li><code><span style="color: var(--highlight-keyword)">&nbsp;&nbsp;&nbsp;&nbsp;}</span></code></li>\n
<li><code><span style="color: var(--highlight-keyword)"></span></code></li>\n
<li><code><span style="color: var(--highlight-keyword)">&nbsp;&nbsp;&nbsp;&nbsp;</span><span style="color: var(--highlight-comment)">/**</span></code></li>\n
<li><code><span style="color: var(--highlight-comment)">&nbsp;&nbsp;&nbsp;&nbsp;&nbsp;*&nbsp;Gets&nbsp;the&nbsp;UrlMatcher&nbsp;or&nbsp;RequestMatcher&nbsp;instance&nbsp;associated&nbsp;with&nbsp;this&nbsp;Router.</span></code></li>\n
<li><code><span style="color: var(--highlight-comment)">&nbsp;&nbsp;&nbsp;&nbsp;&nbsp;*</span></code></li></ol>    </div>            </div>\n
                        <div class="trace-line trace-from-vendor">\n
                <div class="trace-line-header break-long-words sf-toggle" data-toggle-selector="#trace-html-2-3" data-toggle-initial="">\n
            <span class="icon icon-close"><svg width="1792" height="1792" viewBox="0 0 1792 1792" xmlns="http://www.w3.org/2000/svg"><path d="M1408 960V832q0-26-19-45t-45-19H448q-26 0-45 19t-19 45v128q0 26 19 45t45 19h896q26 0 45-19t19-45zm256-544v960q0 119-84.5 203.5T1376 1664H416q-119 0-203.5-84.5T128 1376V416q0-119 84.5-203.5T416 128h960q119 0 203.5 84.5T1664 416z"/></svg></span>\n
        <span class="icon icon-open"><svg width="1792" height="1792" viewBox="0 0 1792 1792" xmlns="http://www.w3.org/2000/svg"><path d="M1408 960V832q0-26-19-45t-45-19h-320V448q0-26-19-45t-45-19H832q-26 0-45 19t-19 45v320H448q-26 0-45 19t-19 45v128q0 26 19 45t45 19h320v320q0 26 19 45t45 19h128q26 0 45-19t19-45v-320h320q26 0 45-19t19-45zm256-544v960q0 119-84.5 203.5T1376 1664H416q-119 0-203.5-84.5T128 1376V416q0-119 84.5-203.5T416 128h960q119 0 203.5 84.5T1664 416z"/></svg></span>\n
    \n
    \n
                    <span class="block trace-file-path">\n
            in\n
            <a href="">\n
                vendor/symfony/http-kernel/EventListener/<strong>RouterListener.php</strong>\n
            </a>\n
                            <span class="trace-type">-></span>\n
                <span class="trace-method">matchRequest</span>\n
                        (line 111)\n
            <span class="icon icon-copy hidden" data-clipboard-text="vendor/symfony/http-kernel/EventListener/RouterListener.php:111">\n
                <svg xmlns="http://www.w3.org/2000/svg" height="24" viewBox="0 0 24 24" width="24"><path d="M0 0h24v24H0z" fill="none"/><path d="M16 1H4c-1.1 0-2 .9-2 2v14h2V3h12V1zm3 4H8c-1.1 0-2 .9-2 2v14c0 1.1.9 2 2 2h11c1.1 0 2-.9 2-2V7c0-1.1-.9-2-2-2zm0 16H8V7h11v14z"/></svg>            </span>\n
        </span>\n
    </div>\n
    <div id="trace-html-2-3" class="trace-code sf-toggle-content">\n
        <ol start="106"><li><code><span style="color: var(--highlight-keyword)"></span></code></li>\n
<li><code><span style="color: var(--highlight-keyword)">&nbsp;&nbsp;&nbsp;&nbsp;&nbsp;&nbsp;&nbsp;&nbsp;</span><span style="color: var(--highlight-comment)">//&nbsp;add&nbsp;attributes&nbsp;based&nbsp;on&nbsp;the&nbsp;request&nbsp;(routing)</span></code></li>\n
<li><code><span style="color: var(--highlight-comment)">&nbsp;&nbsp;&nbsp;&nbsp;&nbsp;&nbsp;&nbsp;&nbsp;</span><span style="color: var(--highlight-keyword)">try&nbsp;{</span></code></li>\n
<li><code><span style="color: var(--highlight-keyword)">&nbsp;&nbsp;&nbsp;&nbsp;&nbsp;&nbsp;&nbsp;&nbsp;&nbsp;&nbsp;&nbsp;&nbsp;</span><span style="color: var(--highlight-comment)">//&nbsp;matching&nbsp;a&nbsp;request&nbsp;is&nbsp;more&nbsp;powerful&nbsp;than&nbsp;matching&nbsp;a&nbsp;URL&nbsp;path&nbsp;+&nbsp;context,&nbsp;so&nbsp;try&nbsp;that&nbsp;first</span></code></li>\n
<li><code><span style="color: var(--highlight-comment)">&nbsp;&nbsp;&nbsp;&nbsp;&nbsp;&nbsp;&nbsp;&nbsp;&nbsp;&nbsp;&nbsp;&nbsp;</span><span style="color: var(--highlight-keyword)">if&nbsp;(</span><span style="color: var(--highlight-default)">$this</span><span style="color: var(--highlight-keyword)">-&gt;</span><span style="color: var(--highlight-default)">matcher&nbsp;</span><span style="color: var(--highlight-keyword)">instanceof&nbsp;</span><span style="color: var(--highlight-default)">RequestMatcherInterface</span><span style="color: var(--highlight-keyword)">)&nbsp;{</span></code></li>\n
<li class="selected"><code><span style="color: var(--highlight-keyword)">&nbsp;&nbsp;&nbsp;&nbsp;&nbsp;&nbsp;&nbsp;&nbsp;&nbsp;&nbsp;&nbsp;&nbsp;&nbsp;&nbsp;&nbsp;&nbsp;</span><span style="color: var(--highlight-default)">$parameters&nbsp;</span><span style="color: var(--highlight-keyword)">=&nbsp;</span><span style="color: var(--highlight-default)">$this</span><span style="color: var(--highlight-keyword)">-&gt;</span><span style="color: var(--highlight-default)">matcher</span><span style="color: var(--highlight-keyword)">-&gt;</span><span style="color: var(--highlight-default)">matchRequest</span><span style="color: var(--highlight-keyword)">(</span><span style="color: var(--highlight-default)">$request</span><span style="color: var(--highlight-keyword)">);</span></code></li>\n
<li><code><span style="color: var(--highlight-keyword)">&nbsp;&nbsp;&nbsp;&nbsp;&nbsp;&nbsp;&nbsp;&nbsp;&nbsp;&nbsp;&nbsp;&nbsp;}&nbsp;else&nbsp;{</span></code></li>\n
<li><code><span style="color: var(--highlight-keyword)">&nbsp;&nbsp;&nbsp;&nbsp;&nbsp;&nbsp;&nbsp;&nbsp;&nbsp;&nbsp;&nbsp;&nbsp;&nbsp;&nbsp;&nbsp;&nbsp;</span><span style="color: var(--highlight-default)">$parameters&nbsp;</span><span style="color: var(--highlight-keyword)">=&nbsp;</span><span style="color: var(--highlight-default)">$this</span><span style="color: var(--highlight-keyword)">-&gt;</span><span style="color: var(--highlight-default)">matcher</span><span style="color: var(--highlight-keyword)">-&gt;</span><span style="color: var(--highlight-default)">match</span><span style="color: var(--highlight-keyword)">(</span><span style="color: var(--highlight-default)">$request</span><span style="color: var(--highlight-keyword)">-&gt;</span><span style="color: var(--highlight-default)">getPathInfo</span><span style="color: var(--highlight-keyword)">());</span></code></li>\n
<li><code><span style="color: var(--highlight-keyword)">&nbsp;&nbsp;&nbsp;&nbsp;&nbsp;&nbsp;&nbsp;&nbsp;&nbsp;&nbsp;&nbsp;&nbsp;}</span></code></li>\n
<li><code><span style="color: var(--highlight-keyword)"></span></code></li>\n
<li><code><span style="color: var(--highlight-keyword)">&nbsp;&nbsp;&nbsp;&nbsp;&nbsp;&nbsp;&nbsp;&nbsp;&nbsp;&nbsp;&nbsp;&nbsp;if&nbsp;(</span><span style="color: var(--highlight-default)">null&nbsp;</span><span style="color: var(--highlight-keyword)">!==&nbsp;</span><span style="color: var(--highlight-default)">$this</span><span style="color: var(--highlight-keyword)">-&gt;</span><span style="color: var(--highlight-default)">logger</span><span style="color: var(--highlight-keyword)">)&nbsp;{</span></code></li></ol>    </div>            </div>\n
                        <div class="trace-line trace-from-vendor">\n
                <div class="trace-line-header break-long-words sf-toggle" data-toggle-selector="#trace-html-2-4" data-toggle-initial="">\n
            <span class="icon icon-close"><svg width="1792" height="1792" viewBox="0 0 1792 1792" xmlns="http://www.w3.org/2000/svg"><path d="M1408 960V832q0-26-19-45t-45-19H448q-26 0-45 19t-19 45v128q0 26 19 45t45 19h896q26 0 45-19t19-45zm256-544v960q0 119-84.5 203.5T1376 1664H416q-119 0-203.5-84.5T128 1376V416q0-119 84.5-203.5T416 128h960q119 0 203.5 84.5T1664 416z"/></svg></span>\n
        <span class="icon icon-open"><svg width="1792" height="1792" viewBox="0 0 1792 1792" xmlns="http://www.w3.org/2000/svg"><path d="M1408 960V832q0-26-19-45t-45-19h-320V448q0-26-19-45t-45-19H832q-26 0-45 19t-19 45v320H448q-26 0-45 19t-19 45v128q0 26 19 45t45 19h320v320q0 26 19 45t45 19h128q26 0 45-19t19-45v-320h320q26 0 45-19t19-45zm256-544v960q0 119-84.5 203.5T1376 1664H416q-119 0-203.5-84.5T128 1376V416q0-119 84.5-203.5T416 128h960q119 0 203.5 84.5T1664 416z"/></svg></span>\n
    \n
    \n
                    <span class="block trace-file-path">\n
            in\n
            <a href="">\n
                vendor/symfony/event-dispatcher/Debug/<strong>WrappedListener.php</strong>\n
            </a>\n
                            <span class="trace-type">-></span>\n
                <span class="trace-method">onKernelRequest</span>\n
                        (line 118)\n
            <span class="icon icon-copy hidden" data-clipboard-text="vendor/symfony/event-dispatcher/Debug/WrappedListener.php:118">\n
                <svg xmlns="http://www.w3.org/2000/svg" height="24" viewBox="0 0 24 24" width="24"><path d="M0 0h24v24H0z" fill="none"/><path d="M16 1H4c-1.1 0-2 .9-2 2v14h2V3h12V1zm3 4H8c-1.1 0-2 .9-2 2v14c0 1.1.9 2 2 2h11c1.1 0 2-.9 2-2V7c0-1.1-.9-2-2-2zm0 16H8V7h11v14z"/></svg>            </span>\n
        </span>\n
    </div>\n
    <div id="trace-html-2-4" class="trace-code sf-toggle-content">\n
        <ol start="113"><li><code><span style="color: var(--highlight-keyword)">&nbsp;&nbsp;&nbsp;&nbsp;&nbsp;&nbsp;&nbsp;&nbsp;</span><span style="color: var(--highlight-default)">$this</span><span style="color: var(--highlight-keyword)">-&gt;</span><span style="color: var(--highlight-default)">priority&nbsp;</span><span style="color: var(--highlight-keyword)">=&nbsp;</span><span style="color: var(--highlight-default)">$dispatcher</span><span style="color: var(--highlight-keyword)">-&gt;</span><span style="color: var(--highlight-default)">getListenerPriority</span><span style="color: var(--highlight-keyword)">(</span><span style="color: var(--highlight-default)">$eventName</span><span style="color: var(--highlight-keyword)">,&nbsp;</span><span style="color: var(--highlight-default)">$this</span><span style="color: var(--highlight-keyword)">-&gt;</span><span style="color: var(--highlight-default)">listener</span><span style="color: var(--highlight-keyword)">);</span></code></li>\n
<li><code><span style="color: var(--highlight-keyword)"></span></code></li>\n
<li><code><span style="color: var(--highlight-keyword)">&nbsp;&nbsp;&nbsp;&nbsp;&nbsp;&nbsp;&nbsp;&nbsp;</span><span style="color: var(--highlight-default)">$e&nbsp;</span><span style="color: var(--highlight-keyword)">=&nbsp;</span><span style="color: var(--highlight-default)">$this</span><span style="color: var(--highlight-keyword)">-&gt;</span><span style="color: var(--highlight-default)">stopwatch</span><span style="color: var(--highlight-keyword)">-&gt;</span><span style="color: var(--highlight-default)">start</span><span style="color: var(--highlight-keyword)">(</span><span style="color: var(--highlight-default)">$this</span><span style="color: var(--highlight-keyword)">-&gt;</span><span style="color: var(--highlight-default)">name</span><span style="color: var(--highlight-keyword)">,&nbsp;</span><span style="color: var(--highlight-string)">'event_listener'</span><span style="color: var(--highlight-keyword)">);</span></code></li>\n
<li><code><span style="color: var(--highlight-keyword)"></span></code></li>\n
<li><code><span style="color: var(--highlight-keyword)">&nbsp;&nbsp;&nbsp;&nbsp;&nbsp;&nbsp;&nbsp;&nbsp;try&nbsp;{</span></code></li>\n
<li class="selected"><code><span style="color: var(--highlight-keyword)">&nbsp;&nbsp;&nbsp;&nbsp;&nbsp;&nbsp;&nbsp;&nbsp;&nbsp;&nbsp;&nbsp;&nbsp;(</span><span style="color: var(--highlight-default)">$this</span><span style="color: var(--highlight-keyword)">-&gt;</span><span style="color: var(--highlight-default)">optimizedListener&nbsp;</span><span style="color: var(--highlight-keyword)">??&nbsp;</span><span style="color: var(--highlight-default)">$this</span><span style="color: var(--highlight-keyword)">-&gt;</span><span style="color: var(--highlight-default)">listener</span><span style="color: var(--highlight-keyword)">)(</span><span style="color: var(--highlight-default)">$event</span><span style="color: var(--highlight-keyword)">,&nbsp;</span><span style="color: var(--highlight-default)">$eventName</span><span style="color: var(--highlight-keyword)">,&nbsp;</span><span style="color: var(--highlight-default)">$dispatcher</span><span style="color: var(--highlight-keyword)">);</span></code></li>\n
<li><code><span style="color: var(--highlight-keyword)">&nbsp;&nbsp;&nbsp;&nbsp;&nbsp;&nbsp;&nbsp;&nbsp;}&nbsp;finally&nbsp;{</span></code></li>\n
<li><code><span style="color: var(--highlight-keyword)">&nbsp;&nbsp;&nbsp;&nbsp;&nbsp;&nbsp;&nbsp;&nbsp;&nbsp;&nbsp;&nbsp;&nbsp;if&nbsp;(</span><span style="color: var(--highlight-default)">$e</span><span style="color: var(--highlight-keyword)">-&gt;</span><span style="color: var(--highlight-default)">isStarted</span><span style="color: var(--highlight-keyword)">())&nbsp;{</span></code></li>\n
<li><code><span style="color: var(--highlight-keyword)">&nbsp;&nbsp;&nbsp;&nbsp;&nbsp;&nbsp;&nbsp;&nbsp;&nbsp;&nbsp;&nbsp;&nbsp;&nbsp;&nbsp;&nbsp;&nbsp;</span><span style="color: var(--highlight-default)">$e</span><span style="color: var(--highlight-keyword)">-&gt;</span><span style="color: var(--highlight-default)">stop</span><span style="color: var(--highlight-keyword)">();</span></code></li>\n
<li><code><span style="color: var(--highlight-keyword)">&nbsp;&nbsp;&nbsp;&nbsp;&nbsp;&nbsp;&nbsp;&nbsp;&nbsp;&nbsp;&nbsp;&nbsp;}</span></code></li>\n
<li><code><span style="color: var(--highlight-keyword)">&nbsp;&nbsp;&nbsp;&nbsp;&nbsp;&nbsp;&nbsp;&nbsp;}</span></code></li></ol>    </div>            </div>\n
                        <div class="trace-line trace-from-vendor">\n
                <div class="trace-line-header break-long-words sf-toggle" data-toggle-selector="#trace-html-2-5" data-toggle-initial="">\n
            <span class="icon icon-close"><svg width="1792" height="1792" viewBox="0 0 1792 1792" xmlns="http://www.w3.org/2000/svg"><path d="M1408 960V832q0-26-19-45t-45-19H448q-26 0-45 19t-19 45v128q0 26 19 45t45 19h896q26 0 45-19t19-45zm256-544v960q0 119-84.5 203.5T1376 1664H416q-119 0-203.5-84.5T128 1376V416q0-119 84.5-203.5T416 128h960q119 0 203.5 84.5T1664 416z"/></svg></span>\n
        <span class="icon icon-open"><svg width="1792" height="1792" viewBox="0 0 1792 1792" xmlns="http://www.w3.org/2000/svg"><path d="M1408 960V832q0-26-19-45t-45-19h-320V448q0-26-19-45t-45-19H832q-26 0-45 19t-19 45v320H448q-26 0-45 19t-19 45v128q0 26 19 45t45 19h320v320q0 26 19 45t45 19h128q26 0 45-19t19-45v-320h320q26 0 45-19t19-45zm256-544v960q0 119-84.5 203.5T1376 1664H416q-119 0-203.5-84.5T128 1376V416q0-119 84.5-203.5T416 128h960q119 0 203.5 84.5T1664 416z"/></svg></span>\n
    \n
    \n
                    <span class="block trace-file-path">\n
            in\n
            <a href="">\n
                vendor/symfony/event-dispatcher/<strong>EventDispatcher.php</strong>\n
            </a>\n
                            <span class="trace-type">-></span>\n
                <span class="trace-method">__invoke</span>\n
                        (line 230)\n
            <span class="icon icon-copy hidden" data-clipboard-text="vendor/symfony/event-dispatcher/EventDispatcher.php:230">\n
                <svg xmlns="http://www.w3.org/2000/svg" height="24" viewBox="0 0 24 24" width="24"><path d="M0 0h24v24H0z" fill="none"/><path d="M16 1H4c-1.1 0-2 .9-2 2v14h2V3h12V1zm3 4H8c-1.1 0-2 .9-2 2v14c0 1.1.9 2 2 2h11c1.1 0 2-.9 2-2V7c0-1.1-.9-2-2-2zm0 16H8V7h11v14z"/></svg>            </span>\n
        </span>\n
    </div>\n
    <div id="trace-html-2-5" class="trace-code sf-toggle-content">\n
        <ol start="225"><li><code><span style="color: var(--highlight-keyword)"></span></code></li>\n
<li><code><span style="color: var(--highlight-keyword)">&nbsp;&nbsp;&nbsp;&nbsp;&nbsp;&nbsp;&nbsp;&nbsp;foreach&nbsp;(</span><span style="color: var(--highlight-default)">$listeners&nbsp;</span><span style="color: var(--highlight-keyword)">as&nbsp;</span><span style="color: var(--highlight-default)">$listener</span><span style="color: var(--highlight-keyword)">)&nbsp;{</span></code></li>\n
<li><code><span style="color: var(--highlight-keyword)">&nbsp;&nbsp;&nbsp;&nbsp;&nbsp;&nbsp;&nbsp;&nbsp;&nbsp;&nbsp;&nbsp;&nbsp;if&nbsp;(</span><span style="color: var(--highlight-default)">$stoppable&nbsp;</span><span style="color: var(--highlight-keyword)">&amp;&amp;&nbsp;</span><span style="color: var(--highlight-default)">$event</span><span style="color: var(--highlight-keyword)">-&gt;</span><span style="color: var(--highlight-default)">isPropagationStopped</span><span style="color: var(--highlight-keyword)">())&nbsp;{</span></code></li>\n
<li><code><span style="color: var(--highlight-keyword)">&nbsp;&nbsp;&nbsp;&nbsp;&nbsp;&nbsp;&nbsp;&nbsp;&nbsp;&nbsp;&nbsp;&nbsp;&nbsp;&nbsp;&nbsp;&nbsp;break;</span></code></li>\n
<li><code><span style="color: var(--highlight-keyword)">&nbsp;&nbsp;&nbsp;&nbsp;&nbsp;&nbsp;&nbsp;&nbsp;&nbsp;&nbsp;&nbsp;&nbsp;}</span></code></li>\n
<li class="selected"><code><span style="color: var(--highlight-keyword)">&nbsp;&nbsp;&nbsp;&nbsp;&nbsp;&nbsp;&nbsp;&nbsp;&nbsp;&nbsp;&nbsp;&nbsp;</span><span style="color: var(--highlight-default)">$listener</span><span style="color: var(--highlight-keyword)">(</span><span style="color: var(--highlight-default)">$event</span><span style="color: var(--highlight-keyword)">,&nbsp;</span><span style="color: var(--highlight-default)">$eventName</span><span style="color: var(--highlight-keyword)">,&nbsp;</span><span style="color: var(--highlight-default)">$this</span><span style="color: var(--highlight-keyword)">);</span></code></li>\n
<li><code><span style="color: var(--highlight-keyword)">&nbsp;&nbsp;&nbsp;&nbsp;&nbsp;&nbsp;&nbsp;&nbsp;}</span></code></li>\n
<li><code><span style="color: var(--highlight-keyword)">&nbsp;&nbsp;&nbsp;&nbsp;}</span></code></li>\n
<li><code><span style="color: var(--highlight-keyword)"></span></code></li>\n
<li><code><span style="color: var(--highlight-keyword)">&nbsp;&nbsp;&nbsp;&nbsp;</span><span style="color: var(--highlight-comment)">/**</span></code></li>\n
<li><code><span style="color: var(--highlight-comment)">&nbsp;&nbsp;&nbsp;&nbsp;&nbsp;*&nbsp;Sorts&nbsp;the&nbsp;internal&nbsp;list&nbsp;of&nbsp;listeners&nbsp;for&nbsp;the&nbsp;given&nbsp;event&nbsp;by&nbsp;priority.</span></code></li></ol>    </div>            </div>\n
                        <div class="trace-line trace-from-vendor">\n
                <div class="trace-line-header break-long-words sf-toggle" data-toggle-selector="#trace-html-2-6" data-toggle-initial="">\n
            <span class="icon icon-close"><svg width="1792" height="1792" viewBox="0 0 1792 1792" xmlns="http://www.w3.org/2000/svg"><path d="M1408 960V832q0-26-19-45t-45-19H448q-26 0-45 19t-19 45v128q0 26 19 45t45 19h896q26 0 45-19t19-45zm256-544v960q0 119-84.5 203.5T1376 1664H416q-119 0-203.5-84.5T128 1376V416q0-119 84.5-203.5T416 128h960q119 0 203.5 84.5T1664 416z"/></svg></span>\n
        <span class="icon icon-open"><svg width="1792" height="1792" viewBox="0 0 1792 1792" xmlns="http://www.w3.org/2000/svg"><path d="M1408 960V832q0-26-19-45t-45-19h-320V448q0-26-19-45t-45-19H832q-26 0-45 19t-19 45v320H448q-26 0-45 19t-19 45v128q0 26 19 45t45 19h320v320q0 26 19 45t45 19h128q26 0 45-19t19-45v-320h320q26 0 45-19t19-45zm256-544v960q0 119-84.5 203.5T1376 1664H416q-119 0-203.5-84.5T128 1376V416q0-119 84.5-203.5T416 128h960q119 0 203.5 84.5T1664 416z"/></svg></span>\n
    \n
    \n
                    <span class="block trace-file-path">\n
            in\n
            <a href="">\n
                vendor/symfony/event-dispatcher/<strong>EventDispatcher.php</strong>\n
            </a>\n
                            <span class="trace-type">-></span>\n
                <span class="trace-method">callListeners</span>\n
                        (line 59)\n
            <span class="icon icon-copy hidden" data-clipboard-text="vendor/symfony/event-dispatcher/EventDispatcher.php:59">\n
                <svg xmlns="http://www.w3.org/2000/svg" height="24" viewBox="0 0 24 24" width="24"><path d="M0 0h24v24H0z" fill="none"/><path d="M16 1H4c-1.1 0-2 .9-2 2v14h2V3h12V1zm3 4H8c-1.1 0-2 .9-2 2v14c0 1.1.9 2 2 2h11c1.1 0 2-.9 2-2V7c0-1.1-.9-2-2-2zm0 16H8V7h11v14z"/></svg>            </span>\n
        </span>\n
    </div>\n
    <div id="trace-html-2-6" class="trace-code sf-toggle-content">\n
        <ol start="54"><li><code><span style="color: var(--highlight-keyword)">&nbsp;&nbsp;&nbsp;&nbsp;&nbsp;&nbsp;&nbsp;&nbsp;}&nbsp;else&nbsp;{</span></code></li>\n
<li><code><span style="color: var(--highlight-keyword)">&nbsp;&nbsp;&nbsp;&nbsp;&nbsp;&nbsp;&nbsp;&nbsp;&nbsp;&nbsp;&nbsp;&nbsp;</span><span style="color: var(--highlight-default)">$listeners&nbsp;</span><span style="color: var(--highlight-keyword)">=&nbsp;</span><span style="color: var(--highlight-default)">$this</span><span style="color: var(--highlight-keyword)">-&gt;</span><span style="color: var(--highlight-default)">getListeners</span><span style="color: var(--highlight-keyword)">(</span><span style="color: var(--highlight-default)">$eventName</span><span style="color: var(--highlight-keyword)">);</span></code></li>\n
<li><code><span style="color: var(--highlight-keyword)">&nbsp;&nbsp;&nbsp;&nbsp;&nbsp;&nbsp;&nbsp;&nbsp;}</span></code></li>\n
<li><code><span style="color: var(--highlight-keyword)"></span></code></li>\n
<li><code><span style="color: var(--highlight-keyword)">&nbsp;&nbsp;&nbsp;&nbsp;&nbsp;&nbsp;&nbsp;&nbsp;if&nbsp;(</span><span style="color: var(--highlight-default)">$listeners</span><span style="color: var(--highlight-keyword)">)&nbsp;{</span></code></li>\n
<li class="selected"><code><span style="color: var(--highlight-keyword)">&nbsp;&nbsp;&nbsp;&nbsp;&nbsp;&nbsp;&nbsp;&nbsp;&nbsp;&nbsp;&nbsp;&nbsp;</span><span style="color: var(--highlight-default)">$this</span><span style="color: var(--highlight-keyword)">-&gt;</span><span style="color: var(--highlight-default)">callListeners</span><span style="color: var(--highlight-keyword)">(</span><span style="color: var(--highlight-default)">$listeners</span><span style="color: var(--highlight-keyword)">,&nbsp;</span><span style="color: var(--highlight-default)">$eventName</span><span style="color: var(--highlight-keyword)">,&nbsp;</span><span style="color: var(--highlight-default)">$event</span><span style="color: var(--highlight-keyword)">);</span></code></li>\n
<li><code><span style="color: var(--highlight-keyword)">&nbsp;&nbsp;&nbsp;&nbsp;&nbsp;&nbsp;&nbsp;&nbsp;}</span></code></li>\n
<li><code><span style="color: var(--highlight-keyword)"></span></code></li>\n
<li><code><span style="color: var(--highlight-keyword)">&nbsp;&nbsp;&nbsp;&nbsp;&nbsp;&nbsp;&nbsp;&nbsp;return&nbsp;</span><span style="color: var(--highlight-default)">$event</span><span style="color: var(--highlight-keyword)">;</span></code></li>\n
<li><code><span style="color: var(--highlight-keyword)">&nbsp;&nbsp;&nbsp;&nbsp;}</span></code></li>\n
<li><code><span style="color: var(--highlight-keyword)"></span></code></li></ol>    </div>            </div>\n
                        <div class="trace-line trace-from-vendor">\n
                <div class="trace-line-header break-long-words sf-toggle" data-toggle-selector="#trace-html-2-7" data-toggle-initial="">\n
            <span class="icon icon-close"><svg width="1792" height="1792" viewBox="0 0 1792 1792" xmlns="http://www.w3.org/2000/svg"><path d="M1408 960V832q0-26-19-45t-45-19H448q-26 0-45 19t-19 45v128q0 26 19 45t45 19h896q26 0 45-19t19-45zm256-544v960q0 119-84.5 203.5T1376 1664H416q-119 0-203.5-84.5T128 1376V416q0-119 84.5-203.5T416 128h960q119 0 203.5 84.5T1664 416z"/></svg></span>\n
        <span class="icon icon-open"><svg width="1792" height="1792" viewBox="0 0 1792 1792" xmlns="http://www.w3.org/2000/svg"><path d="M1408 960V832q0-26-19-45t-45-19h-320V448q0-26-19-45t-45-19H832q-26 0-45 19t-19 45v320H448q-26 0-45 19t-19 45v128q0 26 19 45t45 19h320v320q0 26 19 45t45 19h128q26 0 45-19t19-45v-320h320q26 0 45-19t19-45zm256-544v960q0 119-84.5 203.5T1376 1664H416q-119 0-203.5-84.5T128 1376V416q0-119 84.5-203.5T416 128h960q119 0 203.5 84.5T1664 416z"/></svg></span>\n
    \n
    \n
                    <span class="block trace-file-path">\n
            in\n
            <a href="">\n
                vendor/symfony/event-dispatcher/Debug/<strong>TraceableEventDispatcher.php</strong>\n
            </a>\n
                            <span class="trace-type">-></span>\n
                <span class="trace-method">dispatch</span>\n
                        (line 154)\n
            <span class="icon icon-copy hidden" data-clipboard-text="vendor/symfony/event-dispatcher/Debug/TraceableEventDispatcher.php:154">\n
                <svg xmlns="http://www.w3.org/2000/svg" height="24" viewBox="0 0 24 24" width="24"><path d="M0 0h24v24H0z" fill="none"/><path d="M16 1H4c-1.1 0-2 .9-2 2v14h2V3h12V1zm3 4H8c-1.1 0-2 .9-2 2v14c0 1.1.9 2 2 2h11c1.1 0 2-.9 2-2V7c0-1.1-.9-2-2-2zm0 16H8V7h11v14z"/></svg>            </span>\n
        </span>\n
    </div>\n
    <div id="trace-html-2-7" class="trace-code sf-toggle-content">\n
        <ol start="149"><li><code><span style="color: var(--highlight-keyword)">&nbsp;&nbsp;&nbsp;&nbsp;&nbsp;&nbsp;&nbsp;&nbsp;try&nbsp;{</span></code></li>\n
<li><code><span style="color: var(--highlight-keyword)">&nbsp;&nbsp;&nbsp;&nbsp;&nbsp;&nbsp;&nbsp;&nbsp;&nbsp;&nbsp;&nbsp;&nbsp;</span><span style="color: var(--highlight-default)">$this</span><span style="color: var(--highlight-keyword)">-&gt;</span><span style="color: var(--highlight-default)">beforeDispatch</span><span style="color: var(--highlight-keyword)">(</span><span style="color: var(--highlight-default)">$eventName</span><span style="color: var(--highlight-keyword)">,&nbsp;</span><span style="color: var(--highlight-default)">$event</span><span style="color: var(--highlight-keyword)">);</span></code></li>\n
<li><code><span style="color: var(--highlight-keyword)">&nbsp;&nbsp;&nbsp;&nbsp;&nbsp;&nbsp;&nbsp;&nbsp;&nbsp;&nbsp;&nbsp;&nbsp;try&nbsp;{</span></code></li>\n
<li><code><span style="color: var(--highlight-keyword)">&nbsp;&nbsp;&nbsp;&nbsp;&nbsp;&nbsp;&nbsp;&nbsp;&nbsp;&nbsp;&nbsp;&nbsp;&nbsp;&nbsp;&nbsp;&nbsp;</span><span style="color: var(--highlight-default)">$e&nbsp;</span><span style="color: var(--highlight-keyword)">=&nbsp;</span><span style="color: var(--highlight-default)">$this</span><span style="color: var(--highlight-keyword)">-&gt;</span><span style="color: var(--highlight-default)">stopwatch</span><span style="color: var(--highlight-keyword)">-&gt;</span><span style="color: var(--highlight-default)">start</span><span style="color: var(--highlight-keyword)">(</span><span style="color: var(--highlight-default)">$eventName</span><span style="color: var(--highlight-keyword)">,&nbsp;</span><span style="color: var(--highlight-string)">'section'</span><span style="color: var(--highlight-keyword)">);</span></code></li>\n
<li><code><span style="color: var(--highlight-keyword)">&nbsp;&nbsp;&nbsp;&nbsp;&nbsp;&nbsp;&nbsp;&nbsp;&nbsp;&nbsp;&nbsp;&nbsp;&nbsp;&nbsp;&nbsp;&nbsp;try&nbsp;{</span></code></li>\n
<li class="selected"><code><span style="color: var(--highlight-keyword)">&nbsp;&nbsp;&nbsp;&nbsp;&nbsp;&nbsp;&nbsp;&nbsp;&nbsp;&nbsp;&nbsp;&nbsp;&nbsp;&nbsp;&nbsp;&nbsp;&nbsp;&nbsp;&nbsp;&nbsp;</span><span style="color: var(--highlight-default)">$this</span><span style="color: var(--highlight-keyword)">-&gt;</span><span style="color: var(--highlight-default)">dispatcher</span><span style="color: var(--highlight-keyword)">-&gt;</span><span style="color: var(--highlight-default)">dispatch</span><span style="color: var(--highlight-keyword)">(</span><span style="color: var(--highlight-default)">$event</span><span style="color: var(--highlight-keyword)">,&nbsp;</span><span style="color: var(--highlight-default)">$eventName</span><span style="color: var(--highlight-keyword)">);</span></code></li>\n
<li><code><span style="color: var(--highlight-keyword)">&nbsp;&nbsp;&nbsp;&nbsp;&nbsp;&nbsp;&nbsp;&nbsp;&nbsp;&nbsp;&nbsp;&nbsp;&nbsp;&nbsp;&nbsp;&nbsp;}&nbsp;finally&nbsp;{</span></code></li>\n
<li><code><span style="color: var(--highlight-keyword)">&nbsp;&nbsp;&nbsp;&nbsp;&nbsp;&nbsp;&nbsp;&nbsp;&nbsp;&nbsp;&nbsp;&nbsp;&nbsp;&nbsp;&nbsp;&nbsp;&nbsp;&nbsp;&nbsp;&nbsp;if&nbsp;(</span><span style="color: var(--highlight-default)">$e</span><span style="color: var(--highlight-keyword)">-&gt;</span><span style="color: var(--highlight-default)">isStarted</span><span style="color: var(--highlight-keyword)">())&nbsp;{</span></code></li>\n
<li><code><span style="color: var(--highlight-keyword)">&nbsp;&nbsp;&nbsp;&nbsp;&nbsp;&nbsp;&nbsp;&nbsp;&nbsp;&nbsp;&nbsp;&nbsp;&nbsp;&nbsp;&nbsp;&nbsp;&nbsp;&nbsp;&nbsp;&nbsp;&nbsp;&nbsp;&nbsp;&nbsp;</span><span style="color: var(--highlight-default)">$e</span><span style="color: var(--highlight-keyword)">-&gt;</span><span style="color: var(--highlight-default)">stop</span><span style="color: var(--highlight-keyword)">();</span></code></li>\n
<li><code><span style="color: var(--highlight-keyword)">&nbsp;&nbsp;&nbsp;&nbsp;&nbsp;&nbsp;&nbsp;&nbsp;&nbsp;&nbsp;&nbsp;&nbsp;&nbsp;&nbsp;&nbsp;&nbsp;&nbsp;&nbsp;&nbsp;&nbsp;}</span></code></li>\n
<li><code><span style="color: var(--highlight-keyword)">&nbsp;&nbsp;&nbsp;&nbsp;&nbsp;&nbsp;&nbsp;&nbsp;&nbsp;&nbsp;&nbsp;&nbsp;&nbsp;&nbsp;&nbsp;&nbsp;}</span></code></li></ol>    </div>            </div>\n
                        <div class="trace-line trace-from-vendor">\n
                <div class="trace-line-header break-long-words sf-toggle" data-toggle-selector="#trace-html-2-8" data-toggle-initial="">\n
            <span class="icon icon-close"><svg width="1792" height="1792" viewBox="0 0 1792 1792" xmlns="http://www.w3.org/2000/svg"><path d="M1408 960V832q0-26-19-45t-45-19H448q-26 0-45 19t-19 45v128q0 26 19 45t45 19h896q26 0 45-19t19-45zm256-544v960q0 119-84.5 203.5T1376 1664H416q-119 0-203.5-84.5T128 1376V416q0-119 84.5-203.5T416 128h960q119 0 203.5 84.5T1664 416z"/></svg></span>\n
        <span class="icon icon-open"><svg width="1792" height="1792" viewBox="0 0 1792 1792" xmlns="http://www.w3.org/2000/svg"><path d="M1408 960V832q0-26-19-45t-45-19h-320V448q0-26-19-45t-45-19H832q-26 0-45 19t-19 45v320H448q-26 0-45 19t-19 45v128q0 26 19 45t45 19h320v320q0 26 19 45t45 19h128q26 0 45-19t19-45v-320h320q26 0 45-19t19-45zm256-544v960q0 119-84.5 203.5T1376 1664H416q-119 0-203.5-84.5T128 1376V416q0-119 84.5-203.5T416 128h960q119 0 203.5 84.5T1664 416z"/></svg></span>\n
    \n
    \n
                    <span class="block trace-file-path">\n
            in\n
            <a href="">\n
                vendor/symfony/http-kernel/<strong>HttpKernel.php</strong>\n
            </a>\n
                            <span class="trace-type">-></span>\n
                <span class="trace-method">dispatch</span>\n
                        (line 139)\n
            <span class="icon icon-copy hidden" data-clipboard-text="vendor/symfony/http-kernel/HttpKernel.php:139">\n
                <svg xmlns="http://www.w3.org/2000/svg" height="24" viewBox="0 0 24 24" width="24"><path d="M0 0h24v24H0z" fill="none"/><path d="M16 1H4c-1.1 0-2 .9-2 2v14h2V3h12V1zm3 4H8c-1.1 0-2 .9-2 2v14c0 1.1.9 2 2 2h11c1.1 0 2-.9 2-2V7c0-1.1-.9-2-2-2zm0 16H8V7h11v14z"/></svg>            </span>\n
        </span>\n
    </div>\n
    <div id="trace-html-2-8" class="trace-code sf-toggle-content">\n
        <ol start="134"><li><code><span style="color: var(--highlight-comment)">&nbsp;&nbsp;&nbsp;&nbsp;&nbsp;*/</span></code></li>\n
<li><code><span style="color: var(--highlight-comment)">&nbsp;&nbsp;&nbsp;&nbsp;</span><span style="color: var(--highlight-keyword)">private&nbsp;function&nbsp;</span><span style="color: var(--highlight-default)">handleRaw</span><span style="color: var(--highlight-keyword)">(</span><span style="color: var(--highlight-default)">Request&nbsp;$request</span><span style="color: var(--highlight-keyword)">,&nbsp;</span><span style="color: var(--highlight-default)">int&nbsp;$type&nbsp;</span><span style="color: var(--highlight-keyword)">=&nbsp;</span><span style="color: var(--highlight-default)">self</span><span style="color: var(--highlight-keyword)">::</span><span style="color: var(--highlight-default)">MAIN_REQUEST</span><span style="color: var(--highlight-keyword)">):&nbsp;</span><span style="color: var(--highlight-default)">Response</span></code></li>\n
<li><code><span style="color: var(--highlight-default)">&nbsp;&nbsp;&nbsp;&nbsp;</span><span style="color: var(--highlight-keyword)">{</span></code></li>\n
<li><code><span style="color: var(--highlight-keyword)">&nbsp;&nbsp;&nbsp;&nbsp;&nbsp;&nbsp;&nbsp;&nbsp;</span><span style="color: var(--highlight-comment)">//&nbsp;request</span></code></li>\n
<li><code><span style="color: var(--highlight-comment)">&nbsp;&nbsp;&nbsp;&nbsp;&nbsp;&nbsp;&nbsp;&nbsp;</span><span style="color: var(--highlight-default)">$event&nbsp;</span><span style="color: var(--highlight-keyword)">=&nbsp;new&nbsp;</span><span style="color: var(--highlight-default)">RequestEvent</span><span style="color: var(--highlight-keyword)">(</span><span style="color: var(--highlight-default)">$this</span><span style="color: var(--highlight-keyword)">,&nbsp;</span><span style="color: var(--highlight-default)">$request</span><span style="color: var(--highlight-keyword)">,&nbsp;</span><span style="color: var(--highlight-default)">$type</span><span style="color: var(--highlight-keyword)">);</span></code></li>\n
<li class="selected"><code><span style="color: var(--highlight-keyword)">&nbsp;&nbsp;&nbsp;&nbsp;&nbsp;&nbsp;&nbsp;&nbsp;</span><span style="color: var(--highlight-default)">$this</span><span style="color: var(--highlight-keyword)">-&gt;</span><span style="color: var(--highlight-default)">dispatcher</span><span style="color: var(--highlight-keyword)">-&gt;</span><span style="color: var(--highlight-default)">dispatch</span><span style="color: var(--highlight-keyword)">(</span><span style="color: var(--highlight-default)">$event</span><span style="color: var(--highlight-keyword)">,&nbsp;</span><span style="color: var(--highlight-default)">KernelEvents</span><span style="color: var(--highlight-keyword)">::</span><span style="color: var(--highlight-default)">REQUEST</span><span style="color: var(--highlight-keyword)">);</span></code></li>\n
<li><code><span style="color: var(--highlight-keyword)"></span></code></li>\n
<li><code><span style="color: var(--highlight-keyword)">&nbsp;&nbsp;&nbsp;&nbsp;&nbsp;&nbsp;&nbsp;&nbsp;if&nbsp;(</span><span style="color: var(--highlight-default)">$event</span><span style="color: var(--highlight-keyword)">-&gt;</span><span style="color: var(--highlight-default)">hasResponse</span><span style="color: var(--highlight-keyword)">())&nbsp;{</span></code></li>\n
<li><code><span style="color: var(--highlight-keyword)">&nbsp;&nbsp;&nbsp;&nbsp;&nbsp;&nbsp;&nbsp;&nbsp;&nbsp;&nbsp;&nbsp;&nbsp;return&nbsp;</span><span style="color: var(--highlight-default)">$this</span><span style="color: var(--highlight-keyword)">-&gt;</span><span style="color: var(--highlight-default)">filterResponse</span><span style="color: var(--highlight-keyword)">(</span><span style="color: var(--highlight-default)">$event</span><span style="color: var(--highlight-keyword)">-&gt;</span><span style="color: var(--highlight-default)">getResponse</span><span style="color: var(--highlight-keyword)">(),&nbsp;</span><span style="color: var(--highlight-default)">$request</span><span style="color: var(--highlight-keyword)">,&nbsp;</span><span style="color: var(--highlight-default)">$type</span><span style="color: var(--highlight-keyword)">);</span></code></li>\n
<li><code><span style="color: var(--highlight-keyword)">&nbsp;&nbsp;&nbsp;&nbsp;&nbsp;&nbsp;&nbsp;&nbsp;}</span></code></li>\n
<li><code><span style="color: var(--highlight-keyword)"></span></code></li></ol>    </div>            </div>\n
                        <div class="trace-line trace-from-vendor">\n
                <div class="trace-line-header break-long-words sf-toggle" data-toggle-selector="#trace-html-2-9" data-toggle-initial="">\n
            <span class="icon icon-close"><svg width="1792" height="1792" viewBox="0 0 1792 1792" xmlns="http://www.w3.org/2000/svg"><path d="M1408 960V832q0-26-19-45t-45-19H448q-26 0-45 19t-19 45v128q0 26 19 45t45 19h896q26 0 45-19t19-45zm256-544v960q0 119-84.5 203.5T1376 1664H416q-119 0-203.5-84.5T128 1376V416q0-119 84.5-203.5T416 128h960q119 0 203.5 84.5T1664 416z"/></svg></span>\n
        <span class="icon icon-open"><svg width="1792" height="1792" viewBox="0 0 1792 1792" xmlns="http://www.w3.org/2000/svg"><path d="M1408 960V832q0-26-19-45t-45-19h-320V448q0-26-19-45t-45-19H832q-26 0-45 19t-19 45v320H448q-26 0-45 19t-19 45v128q0 26 19 45t45 19h320v320q0 26 19 45t45 19h128q26 0 45-19t19-45v-320h320q26 0 45-19t19-45zm256-544v960q0 119-84.5 203.5T1376 1664H416q-119 0-203.5-84.5T128 1376V416q0-119 84.5-203.5T416 128h960q119 0 203.5 84.5T1664 416z"/></svg></span>\n
    \n
    \n
                    <span class="block trace-file-path">\n
            in\n
            <a href="">\n
                vendor/symfony/http-kernel/<strong>HttpKernel.php</strong>\n
            </a>\n
                            <span class="trace-type">-></span>\n
                <span class="trace-method">handleRaw</span>\n
                        (line 75)\n
            <span class="icon icon-copy hidden" data-clipboard-text="vendor/symfony/http-kernel/HttpKernel.php:75">\n
                <svg xmlns="http://www.w3.org/2000/svg" height="24" viewBox="0 0 24 24" width="24"><path d="M0 0h24v24H0z" fill="none"/><path d="M16 1H4c-1.1 0-2 .9-2 2v14h2V3h12V1zm3 4H8c-1.1 0-2 .9-2 2v14c0 1.1.9 2 2 2h11c1.1 0 2-.9 2-2V7c0-1.1-.9-2-2-2zm0 16H8V7h11v14z"/></svg>            </span>\n
        </span>\n
    </div>\n
    <div id="trace-html-2-9" class="trace-code sf-toggle-content">\n
        <ol start="70"><li><code><span style="color: var(--highlight-keyword)">&nbsp;&nbsp;&nbsp;&nbsp;{</span></code></li>\n
<li><code><span style="color: var(--highlight-keyword)">&nbsp;&nbsp;&nbsp;&nbsp;&nbsp;&nbsp;&nbsp;&nbsp;</span><span style="color: var(--highlight-default)">$request</span><span style="color: var(--highlight-keyword)">-&gt;</span><span style="color: var(--highlight-default)">headers</span><span style="color: var(--highlight-keyword)">-&gt;</span><span style="color: var(--highlight-default)">set</span><span style="color: var(--highlight-keyword)">(</span><span style="color: var(--highlight-string)">'X-Php-Ob-Level'</span><span style="color: var(--highlight-keyword)">,&nbsp;(string)&nbsp;</span><span style="color: var(--highlight-default)">ob_get_level</span><span style="color: var(--highlight-keyword)">());</span></code></li>\n
<li><code><span style="color: var(--highlight-keyword)"></span></code></li>\n
<li><code><span style="color: var(--highlight-keyword)">&nbsp;&nbsp;&nbsp;&nbsp;&nbsp;&nbsp;&nbsp;&nbsp;</span><span style="color: var(--highlight-default)">$this</span><span style="color: var(--highlight-keyword)">-&gt;</span><span style="color: var(--highlight-default)">requestStack</span><span style="color: var(--highlight-keyword)">-&gt;</span><span style="color: var(--highlight-default)">push</span><span style="color: var(--highlight-keyword)">(</span><span style="color: var(--highlight-default)">$request</span><span style="color: var(--highlight-keyword)">);</span></code></li>\n
<li><code><span style="color: var(--highlight-keyword)">&nbsp;&nbsp;&nbsp;&nbsp;&nbsp;&nbsp;&nbsp;&nbsp;try&nbsp;{</span></code></li>\n
<li class="selected"><code><span style="color: var(--highlight-keyword)">&nbsp;&nbsp;&nbsp;&nbsp;&nbsp;&nbsp;&nbsp;&nbsp;&nbsp;&nbsp;&nbsp;&nbsp;return&nbsp;</span><span style="color: var(--highlight-default)">$this</span><span style="color: var(--highlight-keyword)">-&gt;</span><span style="color: var(--highlight-default)">handleRaw</span><span style="color: var(--highlight-keyword)">(</span><span style="color: var(--highlight-default)">$request</span><span style="color: var(--highlight-keyword)">,&nbsp;</span><span style="color: var(--highlight-default)">$type</span><span style="color: var(--highlight-keyword)">);</span></code></li>\n
<li><code><span style="color: var(--highlight-keyword)">&nbsp;&nbsp;&nbsp;&nbsp;&nbsp;&nbsp;&nbsp;&nbsp;}&nbsp;catch&nbsp;(</span><span style="color: var(--highlight-default)">\Exception&nbsp;$e</span><span style="color: var(--highlight-keyword)">)&nbsp;{</span></code></li>\n
<li><code><span style="color: var(--highlight-keyword)">&nbsp;&nbsp;&nbsp;&nbsp;&nbsp;&nbsp;&nbsp;&nbsp;&nbsp;&nbsp;&nbsp;&nbsp;if&nbsp;(</span><span style="color: var(--highlight-default)">$e&nbsp;</span><span style="color: var(--highlight-keyword)">instanceof&nbsp;</span><span style="color: var(--highlight-default)">RequestExceptionInterface</span><span style="color: var(--highlight-keyword)">)&nbsp;{</span></code></li>\n
<li><code><span style="color: var(--highlight-keyword)">&nbsp;&nbsp;&nbsp;&nbsp;&nbsp;&nbsp;&nbsp;&nbsp;&nbsp;&nbsp;&nbsp;&nbsp;&nbsp;&nbsp;&nbsp;&nbsp;</span><span style="color: var(--highlight-default)">$e&nbsp;</span><span style="color: var(--highlight-keyword)">=&nbsp;new&nbsp;</span><span style="color: var(--highlight-default)">BadRequestHttpException</span><span style="color: var(--highlight-keyword)">(</span><span style="color: var(--highlight-default)">$e</span><span style="color: var(--highlight-keyword)">-&gt;</span><span style="color: var(--highlight-default)">getMessage</span><span style="color: var(--highlight-keyword)">(),&nbsp;</span><span style="color: var(--highlight-default)">$e</span><span style="color: var(--highlight-keyword)">);</span></code></li>\n
<li><code><span style="color: var(--highlight-keyword)">&nbsp;&nbsp;&nbsp;&nbsp;&nbsp;&nbsp;&nbsp;&nbsp;&nbsp;&nbsp;&nbsp;&nbsp;}</span></code></li>\n
<li><code><span style="color: var(--highlight-keyword)">&nbsp;&nbsp;&nbsp;&nbsp;&nbsp;&nbsp;&nbsp;&nbsp;&nbsp;&nbsp;&nbsp;&nbsp;if&nbsp;(</span><span style="color: var(--highlight-default)">false&nbsp;</span><span style="color: var(--highlight-keyword)">===&nbsp;</span><span style="color: var(--highlight-default)">$catch</span><span style="color: var(--highlight-keyword)">)&nbsp;{</span></code></li></ol>    </div>            </div>\n
                        <div class="trace-line trace-from-vendor">\n
                <div class="trace-line-header break-long-words sf-toggle" data-toggle-selector="#trace-html-2-10" data-toggle-initial="">\n
            <span class="icon icon-close"><svg width="1792" height="1792" viewBox="0 0 1792 1792" xmlns="http://www.w3.org/2000/svg"><path d="M1408 960V832q0-26-19-45t-45-19H448q-26 0-45 19t-19 45v128q0 26 19 45t45 19h896q26 0 45-19t19-45zm256-544v960q0 119-84.5 203.5T1376 1664H416q-119 0-203.5-84.5T128 1376V416q0-119 84.5-203.5T416 128h960q119 0 203.5 84.5T1664 416z"/></svg></span>\n
        <span class="icon icon-open"><svg width="1792" height="1792" viewBox="0 0 1792 1792" xmlns="http://www.w3.org/2000/svg"><path d="M1408 960V832q0-26-19-45t-45-19h-320V448q0-26-19-45t-45-19H832q-26 0-45 19t-19 45v320H448q-26 0-45 19t-19 45v128q0 26 19 45t45 19h320v320q0 26 19 45t45 19h128q26 0 45-19t19-45v-320h320q26 0 45-19t19-45zm256-544v960q0 119-84.5 203.5T1376 1664H416q-119 0-203.5-84.5T128 1376V416q0-119 84.5-203.5T416 128h960q119 0 203.5 84.5T1664 416z"/></svg></span>\n
    \n
    \n
                    <span class="block trace-file-path">\n
            in\n
            <a href="">\n
                vendor/symfony/http-kernel/<strong>Kernel.php</strong>\n
            </a>\n
                            <span class="trace-type">-></span>\n
                <span class="trace-method">handle</span>\n
                        (line 202)\n
            <span class="icon icon-copy hidden" data-clipboard-text="vendor/symfony/http-kernel/Kernel.php:202">\n
                <svg xmlns="http://www.w3.org/2000/svg" height="24" viewBox="0 0 24 24" width="24"><path d="M0 0h24v24H0z" fill="none"/><path d="M16 1H4c-1.1 0-2 .9-2 2v14h2V3h12V1zm3 4H8c-1.1 0-2 .9-2 2v14c0 1.1.9 2 2 2h11c1.1 0 2-.9 2-2V7c0-1.1-.9-2-2-2zm0 16H8V7h11v14z"/></svg>            </span>\n
        </span>\n
    </div>\n
    <div id="trace-html-2-10" class="trace-code sf-toggle-content">\n
        <ol start="197"><li><code><span style="color: var(--highlight-keyword)">&nbsp;&nbsp;&nbsp;&nbsp;&nbsp;&nbsp;&nbsp;&nbsp;</span><span style="color: var(--highlight-default)">$this</span><span style="color: var(--highlight-keyword)">-&gt;</span><span style="color: var(--highlight-default)">boot</span><span style="color: var(--highlight-keyword)">();</span></code></li>\n
<li><code><span style="color: var(--highlight-keyword)">&nbsp;&nbsp;&nbsp;&nbsp;&nbsp;&nbsp;&nbsp;&nbsp;++</span><span style="color: var(--highlight-default)">$this</span><span style="color: var(--highlight-keyword)">-&gt;</span><span style="color: var(--highlight-default)">requestStackSize</span><span style="color: var(--highlight-keyword)">;</span></code></li>\n
<li><code><span style="color: var(--highlight-keyword)">&nbsp;&nbsp;&nbsp;&nbsp;&nbsp;&nbsp;&nbsp;&nbsp;</span><span style="color: var(--highlight-default)">$this</span><span style="color: var(--highlight-keyword)">-&gt;</span><span style="color: var(--highlight-default)">resetServices&nbsp;</span><span style="color: var(--highlight-keyword)">=&nbsp;</span><span style="color: var(--highlight-default)">true</span><span style="color: var(--highlight-keyword)">;</span></code></li>\n
<li><code><span style="color: var(--highlight-keyword)"></span></code></li>\n
<li><code><span style="color: var(--highlight-keyword)">&nbsp;&nbsp;&nbsp;&nbsp;&nbsp;&nbsp;&nbsp;&nbsp;try&nbsp;{</span></code></li>\n
<li class="selected"><code><span style="color: var(--highlight-keyword)">&nbsp;&nbsp;&nbsp;&nbsp;&nbsp;&nbsp;&nbsp;&nbsp;&nbsp;&nbsp;&nbsp;&nbsp;return&nbsp;</span><span style="color: var(--highlight-default)">$this</span><span style="color: var(--highlight-keyword)">-&gt;</span><span style="color: var(--highlight-default)">getHttpKernel</span><span style="color: var(--highlight-keyword)">()-&gt;</span><span style="color: var(--highlight-default)">handle</span><span style="color: var(--highlight-keyword)">(</span><span style="color: var(--highlight-default)">$request</span><span style="color: var(--highlight-keyword)">,&nbsp;</span><span style="color: var(--highlight-default)">$type</span><span style="color: var(--highlight-keyword)">,&nbsp;</span><span style="color: var(--highlight-default)">$catch</span><span style="color: var(--highlight-keyword)">);</span></code></li>\n
<li><code><span style="color: var(--highlight-keyword)">&nbsp;&nbsp;&nbsp;&nbsp;&nbsp;&nbsp;&nbsp;&nbsp;}&nbsp;finally&nbsp;{</span></code></li>\n
<li><code><span style="color: var(--highlight-keyword)">&nbsp;&nbsp;&nbsp;&nbsp;&nbsp;&nbsp;&nbsp;&nbsp;&nbsp;&nbsp;&nbsp;&nbsp;--</span><span style="color: var(--highlight-default)">$this</span><span style="color: var(--highlight-keyword)">-&gt;</span><span style="color: var(--highlight-default)">requestStackSize</span><span style="color: var(--highlight-keyword)">;</span></code></li>\n
<li><code><span style="color: var(--highlight-keyword)">&nbsp;&nbsp;&nbsp;&nbsp;&nbsp;&nbsp;&nbsp;&nbsp;}</span></code></li>\n
<li><code><span style="color: var(--highlight-keyword)">&nbsp;&nbsp;&nbsp;&nbsp;}</span></code></li>\n
<li><code><span style="color: var(--highlight-keyword)"></span></code></li></ol>    </div>            </div>\n
                        <div class="trace-line trace-from-vendor">\n
                <div class="trace-line-header break-long-words sf-toggle" data-toggle-selector="#trace-html-2-11" data-toggle-initial="">\n
            <span class="icon icon-close"><svg width="1792" height="1792" viewBox="0 0 1792 1792" xmlns="http://www.w3.org/2000/svg"><path d="M1408 960V832q0-26-19-45t-45-19H448q-26 0-45 19t-19 45v128q0 26 19 45t45 19h896q26 0 45-19t19-45zm256-544v960q0 119-84.5 203.5T1376 1664H416q-119 0-203.5-84.5T128 1376V416q0-119 84.5-203.5T416 128h960q119 0 203.5 84.5T1664 416z"/></svg></span>\n
        <span class="icon icon-open"><svg width="1792" height="1792" viewBox="0 0 1792 1792" xmlns="http://www.w3.org/2000/svg"><path d="M1408 960V832q0-26-19-45t-45-19h-320V448q0-26-19-45t-45-19H832q-26 0-45 19t-19 45v320H448q-26 0-45 19t-19 45v128q0 26 19 45t45 19h320v320q0 26 19 45t45 19h128q26 0 45-19t19-45v-320h320q26 0 45-19t19-45zm256-544v960q0 119-84.5 203.5T1376 1664H416q-119 0-203.5-84.5T128 1376V416q0-119 84.5-203.5T416 128h960q119 0 203.5 84.5T1664 416z"/></svg></span>\n
    \n
    \n
                    <span class="block trace-file-path">\n
            in\n
            <a href="">\n
                vendor/symfony/http-kernel/<strong>HttpKernelBrowser.php</strong>\n
            </a>\n
                            <span class="trace-type">-></span>\n
                <span class="trace-method">handle</span>\n
                        (line 65)\n
            <span class="icon icon-copy hidden" data-clipboard-text="vendor/symfony/http-kernel/HttpKernelBrowser.php:65">\n
                <svg xmlns="http://www.w3.org/2000/svg" height="24" viewBox="0 0 24 24" width="24"><path d="M0 0h24v24H0z" fill="none"/><path d="M16 1H4c-1.1 0-2 .9-2 2v14h2V3h12V1zm3 4H8c-1.1 0-2 .9-2 2v14c0 1.1.9 2 2 2h11c1.1 0 2-.9 2-2V7c0-1.1-.9-2-2-2zm0 16H8V7h11v14z"/></svg>            </span>\n
        </span>\n
    </div>\n
    <div id="trace-html-2-11" class="trace-code sf-toggle-content">\n
        <ol start="60"><li><code><span style="color: var(--highlight-comment)">&nbsp;&nbsp;&nbsp;&nbsp;&nbsp;*</span></code></li>\n
<li><code><span style="color: var(--highlight-comment)">&nbsp;&nbsp;&nbsp;&nbsp;&nbsp;*&nbsp;@return&nbsp;Response</span></code></li>\n
<li><code><span style="color: var(--highlight-comment)">&nbsp;&nbsp;&nbsp;&nbsp;&nbsp;*/</span></code></li>\n
<li><code><span style="color: var(--highlight-comment)">&nbsp;&nbsp;&nbsp;&nbsp;</span><span style="color: var(--highlight-keyword)">protected&nbsp;function&nbsp;</span><span style="color: var(--highlight-default)">doRequest</span><span style="color: var(--highlight-keyword)">(</span><span style="color: var(--highlight-default)">object&nbsp;$request</span><span style="color: var(--highlight-keyword)">)</span></code></li>\n
<li><code><span style="color: var(--highlight-keyword)">&nbsp;&nbsp;&nbsp;&nbsp;{</span></code></li>\n
<li class="selected"><code><span style="color: var(--highlight-keyword)">&nbsp;&nbsp;&nbsp;&nbsp;&nbsp;&nbsp;&nbsp;&nbsp;</span><span style="color: var(--highlight-default)">$response&nbsp;</span><span style="color: var(--highlight-keyword)">=&nbsp;</span><span style="color: var(--highlight-default)">$this</span><span style="color: var(--highlight-keyword)">-&gt;</span><span style="color: var(--highlight-default)">kernel</span><span style="color: var(--highlight-keyword)">-&gt;</span><span style="color: var(--highlight-default)">handle</span><span style="color: var(--highlight-keyword)">(</span><span style="color: var(--highlight-default)">$request</span><span style="color: var(--highlight-keyword)">,&nbsp;</span><span style="color: var(--highlight-default)">HttpKernelInterface</span><span style="color: var(--highlight-keyword)">::</span><span style="color: var(--highlight-default)">MAIN_REQUEST</span><span style="color: var(--highlight-keyword)">,&nbsp;</span><span style="color: var(--highlight-default)">$this</span><span style="color: var(--highlight-keyword)">-&gt;</span><span style="color: var(--highlight-default)">catchExceptions</span><span style="color: var(--highlight-keyword)">);</span></code></li>\n
<li><code><span style="color: var(--highlight-keyword)"></span></code></li>\n
<li><code><span style="color: var(--highlight-keyword)">&nbsp;&nbsp;&nbsp;&nbsp;&nbsp;&nbsp;&nbsp;&nbsp;if&nbsp;(</span><span style="color: var(--highlight-default)">$this</span><span style="color: var(--highlight-keyword)">-&gt;</span><span style="color: var(--highlight-default)">kernel&nbsp;</span><span style="color: var(--highlight-keyword)">instanceof&nbsp;</span><span style="color: var(--highlight-default)">TerminableInterface</span><span style="color: var(--highlight-keyword)">)&nbsp;{</span></code></li>\n
<li><code><span style="color: var(--highlight-keyword)">&nbsp;&nbsp;&nbsp;&nbsp;&nbsp;&nbsp;&nbsp;&nbsp;&nbsp;&nbsp;&nbsp;&nbsp;</span><span style="color: var(--highlight-default)">$this</span><span style="color: var(--highlight-keyword)">-&gt;</span><span style="color: var(--highlight-default)">kernel</span><span style="color: var(--highlight-keyword)">-&gt;</span><span style="color: var(--highlight-default)">terminate</span><span style="color: var(--highlight-keyword)">(</span><span style="color: var(--highlight-default)">$request</span><span style="color: var(--highlight-keyword)">,&nbsp;</span><span style="color: var(--highlight-default)">$response</span><span style="color: var(--highlight-keyword)">);</span></code></li>\n
<li><code><span style="color: var(--highlight-keyword)">&nbsp;&nbsp;&nbsp;&nbsp;&nbsp;&nbsp;&nbsp;&nbsp;}</span></code></li>\n
<li><code><span style="color: var(--highlight-keyword)"></span></code></li></ol>    </div>            </div>\n
                        <div class="trace-line trace-from-vendor">\n
                <div class="trace-line-header break-long-words sf-toggle" data-toggle-selector="#trace-html-2-12" data-toggle-initial="">\n
            <span class="icon icon-close"><svg width="1792" height="1792" viewBox="0 0 1792 1792" xmlns="http://www.w3.org/2000/svg"><path d="M1408 960V832q0-26-19-45t-45-19H448q-26 0-45 19t-19 45v128q0 26 19 45t45 19h896q26 0 45-19t19-45zm256-544v960q0 119-84.5 203.5T1376 1664H416q-119 0-203.5-84.5T128 1376V416q0-119 84.5-203.5T416 128h960q119 0 203.5 84.5T1664 416z"/></svg></span>\n
        <span class="icon icon-open"><svg width="1792" height="1792" viewBox="0 0 1792 1792" xmlns="http://www.w3.org/2000/svg"><path d="M1408 960V832q0-26-19-45t-45-19h-320V448q0-26-19-45t-45-19H832q-26 0-45 19t-19 45v320H448q-26 0-45 19t-19 45v128q0 26 19 45t45 19h320v320q0 26 19 45t45 19h128q26 0 45-19t19-45v-320h320q26 0 45-19t19-45zm256-544v960q0 119-84.5 203.5T1376 1664H416q-119 0-203.5-84.5T128 1376V416q0-119 84.5-203.5T416 128h960q119 0 203.5 84.5T1664 416z"/></svg></span>\n
    \n
    \n
                    <span class="block trace-file-path">\n
            in\n
            <a href="">\n
                vendor/symfony/framework-bundle/<strong>KernelBrowser.php</strong>\n
            </a>\n
                            <span class="trace-type">-></span>\n
                <span class="trace-method">doRequest</span>\n
                        (line 183)\n
            <span class="icon icon-copy hidden" data-clipboard-text="vendor/symfony/framework-bundle/KernelBrowser.php:183">\n
                <svg xmlns="http://www.w3.org/2000/svg" height="24" viewBox="0 0 24 24" width="24"><path d="M0 0h24v24H0z" fill="none"/><path d="M16 1H4c-1.1 0-2 .9-2 2v14h2V3h12V1zm3 4H8c-1.1 0-2 .9-2 2v14c0 1.1.9 2 2 2h11c1.1 0 2-.9 2-2V7c0-1.1-.9-2-2-2zm0 16H8V7h11v14z"/></svg>            </span>\n
        </span>\n
    </div>\n
    <div id="trace-html-2-12" class="trace-code sf-toggle-content">\n
        <ol start="178"><li><code><span style="color: var(--highlight-keyword)"></span></code></li>\n
<li><code><span style="color: var(--highlight-keyword)">&nbsp;&nbsp;&nbsp;&nbsp;&nbsp;&nbsp;&nbsp;&nbsp;&nbsp;&nbsp;&nbsp;&nbsp;</span><span style="color: var(--highlight-default)">$this</span><span style="color: var(--highlight-keyword)">-&gt;</span><span style="color: var(--highlight-default)">kernel</span><span style="color: var(--highlight-keyword)">-&gt;</span><span style="color: var(--highlight-default)">boot</span><span style="color: var(--highlight-keyword)">();</span></code></li>\n
<li><code><span style="color: var(--highlight-keyword)">&nbsp;&nbsp;&nbsp;&nbsp;&nbsp;&nbsp;&nbsp;&nbsp;&nbsp;&nbsp;&nbsp;&nbsp;</span><span style="color: var(--highlight-default)">$this</span><span style="color: var(--highlight-keyword)">-&gt;</span><span style="color: var(--highlight-default)">getContainer</span><span style="color: var(--highlight-keyword)">()-&gt;</span><span style="color: var(--highlight-default)">get</span><span style="color: var(--highlight-keyword)">(</span><span style="color: var(--highlight-string)">'profiler'</span><span style="color: var(--highlight-keyword)">)-&gt;</span><span style="color: var(--highlight-default)">enable</span><span style="color: var(--highlight-keyword)">();</span></code></li>\n
<li><code><span style="color: var(--highlight-keyword)">&nbsp;&nbsp;&nbsp;&nbsp;&nbsp;&nbsp;&nbsp;&nbsp;}</span></code></li>\n
<li><code><span style="color: var(--highlight-keyword)"></span></code></li>\n
<li class="selected"><code><span style="color: var(--highlight-keyword)">&nbsp;&nbsp;&nbsp;&nbsp;&nbsp;&nbsp;&nbsp;&nbsp;return&nbsp;</span><span style="color: var(--highlight-default)">parent</span><span style="color: var(--highlight-keyword)">::</span><span style="color: var(--highlight-default)">doRequest</span><span style="color: var(--highlight-keyword)">(</span><span style="color: var(--highlight-default)">$request</span><span style="color: var(--highlight-keyword)">);</span></code></li>\n
<li><code><span style="color: var(--highlight-keyword)">&nbsp;&nbsp;&nbsp;&nbsp;}</span></code></li>\n
<li><code><span style="color: var(--highlight-keyword)"></span></code></li>\n
<li><code><span style="color: var(--highlight-keyword)">&nbsp;&nbsp;&nbsp;&nbsp;</span><span style="color: var(--highlight-comment)">/**</span></code></li>\n
<li><code><span style="color: var(--highlight-comment)">&nbsp;&nbsp;&nbsp;&nbsp;&nbsp;*&nbsp;{@inheritdoc}</span></code></li>\n
<li><code><span style="color: var(--highlight-comment)">&nbsp;&nbsp;&nbsp;&nbsp;&nbsp;*</span></code></li></ol>    </div>            </div>\n
                        <div class="trace-line trace-from-vendor">\n
                <div class="trace-line-header break-long-words sf-toggle" data-toggle-selector="#trace-html-2-13" data-toggle-initial="">\n
            <span class="icon icon-close"><svg width="1792" height="1792" viewBox="0 0 1792 1792" xmlns="http://www.w3.org/2000/svg"><path d="M1408 960V832q0-26-19-45t-45-19H448q-26 0-45 19t-19 45v128q0 26 19 45t45 19h896q26 0 45-19t19-45zm256-544v960q0 119-84.5 203.5T1376 1664H416q-119 0-203.5-84.5T128 1376V416q0-119 84.5-203.5T416 128h960q119 0 203.5 84.5T1664 416z"/></svg></span>\n
        <span class="icon icon-open"><svg width="1792" height="1792" viewBox="0 0 1792 1792" xmlns="http://www.w3.org/2000/svg"><path d="M1408 960V832q0-26-19-45t-45-19h-320V448q0-26-19-45t-45-19H832q-26 0-45 19t-19 45v320H448q-26 0-45 19t-19 45v128q0 26 19 45t45 19h320v320q0 26 19 45t45 19h128q26 0 45-19t19-45v-320h320q26 0 45-19t19-45zm256-544v960q0 119-84.5 203.5T1376 1664H416q-119 0-203.5-84.5T128 1376V416q0-119 84.5-203.5T416 128h960q119 0 203.5 84.5T1664 416z"/></svg></span>\n
    \n
    \n
                    <span class="block trace-file-path">\n
            in\n
            <a href="">\n
                vendor/symfony/browser-kit/<strong>AbstractBrowser.php</strong>\n
            </a>\n
                            <span class="trace-type">-></span>\n
                <span class="trace-method">doRequest</span>\n
                        (line 398)\n
            <span class="icon icon-copy hidden" data-clipboard-text="vendor/symfony/browser-kit/AbstractBrowser.php:398">\n
                <svg xmlns="http://www.w3.org/2000/svg" height="24" viewBox="0 0 24 24" width="24"><path d="M0 0h24v24H0z" fill="none"/><path d="M16 1H4c-1.1 0-2 .9-2 2v14h2V3h12V1zm3 4H8c-1.1 0-2 .9-2 2v14c0 1.1.9 2 2 2h11c1.1 0 2-.9 2-2V7c0-1.1-.9-2-2-2zm0 16H8V7h11v14z"/></svg>            </span>\n
        </span>\n
    </div>\n
    <div id="trace-html-2-13" class="trace-code sf-toggle-content">\n
        <ol start="393"><li><code><span style="color: var(--highlight-keyword)">&nbsp;&nbsp;&nbsp;&nbsp;&nbsp;&nbsp;&nbsp;&nbsp;}</span></code></li>\n
<li><code><span style="color: var(--highlight-keyword)"></span></code></li>\n
<li><code><span style="color: var(--highlight-keyword)">&nbsp;&nbsp;&nbsp;&nbsp;&nbsp;&nbsp;&nbsp;&nbsp;if&nbsp;(</span><span style="color: var(--highlight-default)">$this</span><span style="color: var(--highlight-keyword)">-&gt;</span><span style="color: var(--highlight-default)">insulated</span><span style="color: var(--highlight-keyword)">)&nbsp;{</span></code></li>\n
<li><code><span style="color: var(--highlight-keyword)">&nbsp;&nbsp;&nbsp;&nbsp;&nbsp;&nbsp;&nbsp;&nbsp;&nbsp;&nbsp;&nbsp;&nbsp;</span><span style="color: var(--highlight-default)">$this</span><span style="color: var(--highlight-keyword)">-&gt;</span><span style="color: var(--highlight-default)">response&nbsp;</span><span style="color: var(--highlight-keyword)">=&nbsp;</span><span style="color: var(--highlight-default)">$this</span><span style="color: var(--highlight-keyword)">-&gt;</span><span style="color: var(--highlight-default)">doRequestInProcess</span><span style="color: var(--highlight-keyword)">(</span><span style="color: var(--highlight-default)">$this</span><span style="color: var(--highlight-keyword)">-&gt;</span><span style="color: var(--highlight-default)">request</span><span style="color: var(--highlight-keyword)">);</span></code></li>\n
<li><code><span style="color: var(--highlight-keyword)">&nbsp;&nbsp;&nbsp;&nbsp;&nbsp;&nbsp;&nbsp;&nbsp;}&nbsp;else&nbsp;{</span></code></li>\n
<li class="selected"><code><span style="color: var(--highlight-keyword)">&nbsp;&nbsp;&nbsp;&nbsp;&nbsp;&nbsp;&nbsp;&nbsp;&nbsp;&nbsp;&nbsp;&nbsp;</span><span style="color: var(--highlight-default)">$this</span><span style="color: var(--highlight-keyword)">-&gt;</span><span style="color: var(--highlight-default)">response&nbsp;</span><span style="color: var(--highlight-keyword)">=&nbsp;</span><span style="color: var(--highlight-default)">$this</span><span style="color: var(--highlight-keyword)">-&gt;</span><span style="color: var(--highlight-default)">doRequest</span><span style="color: var(--highlight-keyword)">(</span><span style="color: var(--highlight-default)">$this</span><span style="color: var(--highlight-keyword)">-&gt;</span><span style="color: var(--highlight-default)">request</span><span style="color: var(--highlight-keyword)">);</span></code></li>\n
<li><code><span style="color: var(--highlight-keyword)">&nbsp;&nbsp;&nbsp;&nbsp;&nbsp;&nbsp;&nbsp;&nbsp;}</span></code></li>\n
<li><code><span style="color: var(--highlight-keyword)"></span></code></li>\n
<li><code><span style="color: var(--highlight-keyword)">&nbsp;&nbsp;&nbsp;&nbsp;&nbsp;&nbsp;&nbsp;&nbsp;</span><span style="color: var(--highlight-default)">$this</span><span style="color: var(--highlight-keyword)">-&gt;</span><span style="color: var(--highlight-default)">internalResponse&nbsp;</span><span style="color: var(--highlight-keyword)">=&nbsp;</span><span style="color: var(--highlight-default)">$this</span><span style="color: var(--highlight-keyword)">-&gt;</span><span style="color: var(--highlight-default)">filterResponse</span><span style="color: var(--highlight-keyword)">(</span><span style="color: var(--highlight-default)">$this</span><span style="color: var(--highlight-keyword)">-&gt;</span><span style="color: var(--highlight-default)">response</span><span style="color: var(--highlight-keyword)">);</span></code></li>\n
<li><code><span style="color: var(--highlight-keyword)"></span></code></li>\n
<li><code><span style="color: var(--highlight-keyword)">&nbsp;&nbsp;&nbsp;&nbsp;&nbsp;&nbsp;&nbsp;&nbsp;</span><span style="color: var(--highlight-default)">$this</span><span style="color: var(--highlight-keyword)">-&gt;</span><span style="color: var(--highlight-default)">cookieJar</span><span style="color: var(--highlight-keyword)">-&gt;</span><span style="color: var(--highlight-default)">updateFromResponse</span><span style="color: var(--highlight-keyword)">(</span><span style="color: var(--highlight-default)">$this</span><span style="color: var(--highlight-keyword)">-&gt;</span><span style="color: var(--highlight-default)">internalResponse</span><span style="color: var(--highlight-keyword)">,&nbsp;</span><span style="color: var(--highlight-default)">$uri</span><span style="color: var(--highlight-keyword)">);</span></code></li></ol>    </div>            </div>\n
                        <div class="trace-line ">\n
                <div class="trace-line-header break-long-words sf-toggle" data-toggle-selector="#trace-html-2-14" data-toggle-initial="display">\n
            <span class="icon icon-close"><svg width="1792" height="1792" viewBox="0 0 1792 1792" xmlns="http://www.w3.org/2000/svg"><path d="M1408 960V832q0-26-19-45t-45-19H448q-26 0-45 19t-19 45v128q0 26 19 45t45 19h896q26 0 45-19t19-45zm256-544v960q0 119-84.5 203.5T1376 1664H416q-119 0-203.5-84.5T128 1376V416q0-119 84.5-203.5T416 128h960q119 0 203.5 84.5T1664 416z"/></svg></span>\n
        <span class="icon icon-open"><svg width="1792" height="1792" viewBox="0 0 1792 1792" xmlns="http://www.w3.org/2000/svg"><path d="M1408 960V832q0-26-19-45t-45-19h-320V448q0-26-19-45t-45-19H832q-26 0-45 19t-19 45v320H448q-26 0-45 19t-19 45v128q0 26 19 45t45 19h320v320q0 26 19 45t45 19h128q26 0 45-19t19-45v-320h320q26 0 45-19t19-45zm256-544v960q0 119-84.5 203.5T1376 1664H416q-119 0-203.5-84.5T128 1376V416q0-119 84.5-203.5T416 128h960q119 0 203.5 84.5T1664 416z"/></svg></span>\n
    \n
            <span class="trace-class"><abbr title="Symfony\Component\BrowserKit\AbstractBrowser">AbstractBrowser</abbr></span><span class="trace-type">-></span><span class="trace-method">request</span><span class="trace-arguments">()</span>    \n
                    <span class="block trace-file-path">\n
            in\n
            <a href="">\n
                tests/Functional/Controller/<strong>SecurityControllerTest.php</strong>\n
            </a>\n
                        (line 73)\n
            <span class="icon icon-copy hidden" data-clipboard-text="tests/Functional/Controller/SecurityControllerTest.php:73">\n
                <svg xmlns="http://www.w3.org/2000/svg" height="24" viewBox="0 0 24 24" width="24"><path d="M0 0h24v24H0z" fill="none"/><path d="M16 1H4c-1.1 0-2 .9-2 2v14h2V3h12V1zm3 4H8c-1.1 0-2 .9-2 2v14c0 1.1.9 2 2 2h11c1.1 0 2-.9 2-2V7c0-1.1-.9-2-2-2zm0 16H8V7h11v14z"/></svg>            </span>\n
        </span>\n
    </div>\n
    <div id="trace-html-2-14" class="trace-code sf-toggle-content">\n
        <ol start="68"><li><code><span style="color: var(--highlight-keyword)">&nbsp;&nbsp;&nbsp;&nbsp;&nbsp;&nbsp;&nbsp;&nbsp;</span><span style="color: var(--highlight-default)">$this</span><span style="color: var(--highlight-keyword)">-&gt;</span><span style="color: var(--highlight-default)">assertSelectorTextContains</span><span style="color: var(--highlight-keyword)">(</span><span style="color: var(--highlight-string)">'.alert-success'</span><span style="color: var(--highlight-keyword)">,&nbsp;</span><span style="color: var(--highlight-string)">'You&nbsp;have&nbsp;been&nbsp;logged&nbsp;out'</span><span style="color: var(--highlight-keyword)">);</span></code></li>\n
<li><code><span style="color: var(--highlight-keyword)">&nbsp;&nbsp;&nbsp;&nbsp;}</span></code></li>\n
<li><code><span style="color: var(--highlight-keyword)"></span></code></li>\n
<li><code><span style="color: var(--highlight-keyword)">&nbsp;&nbsp;&nbsp;&nbsp;public&nbsp;function&nbsp;</span><span style="color: var(--highlight-default)">testAccessDeniedRedirectsToLogin</span><span style="color: var(--highlight-keyword)">()</span></code></li>\n
<li><code><span style="color: var(--highlight-keyword)">&nbsp;&nbsp;&nbsp;&nbsp;{</span></code></li>\n
<li class="selected"><code><span style="color: var(--highlight-keyword)">&nbsp;&nbsp;&nbsp;&nbsp;&nbsp;&nbsp;&nbsp;&nbsp;</span><span style="color: var(--highlight-default)">$this</span><span style="color: var(--highlight-keyword)">-&gt;</span><span style="color: var(--highlight-default)">client</span><span style="color: var(--highlight-keyword)">-&gt;</span><span style="color: var(--highlight-default)">request</span><span style="color: var(--highlight-keyword)">(</span><span style="color: var(--highlight-string)">'GET'</span><span style="color: var(--highlight-keyword)">,&nbsp;</span><span style="color: var(--highlight-string)">'/admin'</span><span style="color: var(--highlight-keyword)">);</span></code></li>\n
<li><code><span style="color: var(--highlight-keyword)"></span></code></li>\n
<li><code><span style="color: var(--highlight-keyword)">&nbsp;&nbsp;&nbsp;&nbsp;&nbsp;&nbsp;&nbsp;&nbsp;</span><span style="color: var(--highlight-default)">$this</span><span style="color: var(--highlight-keyword)">-&gt;</span><span style="color: var(--highlight-default)">assertResponseRedirects</span><span style="color: var(--highlight-keyword)">(</span><span style="color: var(--highlight-string)">'/login'</span><span style="color: var(--highlight-keyword)">);</span></code></li>\n
<li><code><span style="color: var(--highlight-keyword)">&nbsp;&nbsp;&nbsp;&nbsp;}</span></code></li>\n
<li><code><span style="color: var(--highlight-keyword)">}</span></code></li></ol>    </div>            </div>\n
                        <div class="trace-line trace-from-vendor">\n
                <div class="trace-line-header break-long-words sf-toggle" data-toggle-selector="#trace-html-2-15" data-toggle-initial="">\n
            <span class="icon icon-close"><svg width="1792" height="1792" viewBox="0 0 1792 1792" xmlns="http://www.w3.org/2000/svg"><path d="M1408 960V832q0-26-19-45t-45-19H448q-26 0-45 19t-19 45v128q0 26 19 45t45 19h896q26 0 45-19t19-45zm256-544v960q0 119-84.5 203.5T1376 1664H416q-119 0-203.5-84.5T128 1376V416q0-119 84.5-203.5T416 128h960q119 0 203.5 84.5T1664 416z"/></svg></span>\n
        <span class="icon icon-open"><svg width="1792" height="1792" viewBox="0 0 1792 1792" xmlns="http://www.w3.org/2000/svg"><path d="M1408 960V832q0-26-19-45t-45-19h-320V448q0-26-19-45t-45-19H832q-26 0-45 19t-19 45v320H448q-26 0-45 19t-19 45v128q0 26 19 45t45 19h320v320q0 26 19 45t45 19h128q26 0 45-19t19-45v-320h320q26 0 45-19t19-45zm256-544v960q0 119-84.5 203.5T1376 1664H416q-119 0-203.5-84.5T128 1376V416q0-119 84.5-203.5T416 128h960q119 0 203.5 84.5T1664 416z"/></svg></span>\n
    \n
    \n
                    <span class="block trace-file-path">\n
            in\n
            <a href="">\n
                vendor/phpunit/phpunit/src/Framework/<strong>TestCase.php</strong>\n
            </a>\n
                            <span class="trace-type">-></span>\n
                <span class="trace-method">testAccessDeniedRedirectsToLogin</span>\n
                        (line 1188)\n
            <span class="icon icon-copy hidden" data-clipboard-text="vendor/phpunit/phpunit/src/Framework/TestCase.php:1188">\n
                <svg xmlns="http://www.w3.org/2000/svg" height="24" viewBox="0 0 24 24" width="24"><path d="M0 0h24v24H0z" fill="none"/><path d="M16 1H4c-1.1 0-2 .9-2 2v14h2V3h12V1zm3 4H8c-1.1 0-2 .9-2 2v14c0 1.1.9 2 2 2h11c1.1 0 2-.9 2-2V7c0-1.1-.9-2-2-2zm0 16H8V7h11v14z"/></svg>            </span>\n
        </span>\n
    </div>\n
    <div id="trace-html-2-15" class="trace-code sf-toggle-content">\n
        <ol start="1183"><li><code><span style="color: var(--highlight-keyword)">&nbsp;&nbsp;&nbsp;&nbsp;&nbsp;&nbsp;&nbsp;&nbsp;</span><span style="color: var(--highlight-default)">$testArguments&nbsp;</span><span style="color: var(--highlight-keyword)">=&nbsp;</span><span style="color: var(--highlight-default)">array_merge</span><span style="color: var(--highlight-keyword)">(</span><span style="color: var(--highlight-default)">$this</span><span style="color: var(--highlight-keyword)">-&gt;</span><span style="color: var(--highlight-default)">data</span><span style="color: var(--highlight-keyword)">,&nbsp;</span><span style="color: var(--highlight-default)">$this</span><span style="color: var(--highlight-keyword)">-&gt;</span><span style="color: var(--highlight-default)">dependencyInput</span><span style="color: var(--highlight-keyword)">);</span></code></li>\n
<li><code><span style="color: var(--highlight-keyword)"></span></code></li>\n
<li><code><span style="color: var(--highlight-keyword)">&nbsp;&nbsp;&nbsp;&nbsp;&nbsp;&nbsp;&nbsp;&nbsp;</span><span style="color: var(--highlight-default)">$this</span><span style="color: var(--highlight-keyword)">-&gt;</span><span style="color: var(--highlight-default)">registerMockObjectsFromTestArguments</span><span style="color: var(--highlight-keyword)">(</span><span style="color: var(--highlight-default)">$testArguments</span><span style="color: var(--highlight-keyword)">);</span></code></li>\n
<li><code><span style="color: var(--highlight-keyword)"></span></code></li>\n
<li><code><span style="color: var(--highlight-keyword)">&nbsp;&nbsp;&nbsp;&nbsp;&nbsp;&nbsp;&nbsp;&nbsp;try&nbsp;{</span></code></li>\n
<li class="selected"><code><span style="color: var(--highlight-keyword)">&nbsp;&nbsp;&nbsp;&nbsp;&nbsp;&nbsp;&nbsp;&nbsp;&nbsp;&nbsp;&nbsp;&nbsp;</span><span style="color: var(--highlight-default)">$testResult&nbsp;</span><span style="color: var(--highlight-keyword)">=&nbsp;</span><span style="color: var(--highlight-default)">$this</span><span style="color: var(--highlight-keyword)">-&gt;{</span><span style="color: var(--highlight-default)">$this</span><span style="color: var(--highlight-keyword)">-&gt;</span><span style="color: var(--highlight-default)">name</span><span style="color: var(--highlight-keyword)">}(...</span><span style="color: var(--highlight-default)">array_values</span><span style="color: var(--highlight-keyword)">(</span><span style="color: var(--highlight-default)">$testArguments</span><span style="color: var(--highlight-keyword)">));</span></code></li>\n
<li><code><span style="color: var(--highlight-keyword)">&nbsp;&nbsp;&nbsp;&nbsp;&nbsp;&nbsp;&nbsp;&nbsp;}&nbsp;catch&nbsp;(</span><span style="color: var(--highlight-default)">Throwable&nbsp;$exception</span><span style="color: var(--highlight-keyword)">)&nbsp;{</span></code></li>\n
<li><code><span style="color: var(--highlight-keyword)">&nbsp;&nbsp;&nbsp;&nbsp;&nbsp;&nbsp;&nbsp;&nbsp;&nbsp;&nbsp;&nbsp;&nbsp;if&nbsp;(!</span><span style="color: var(--highlight-default)">$this</span><span style="color: var(--highlight-keyword)">-&gt;</span><span style="color: var(--highlight-default)">shouldExceptionExpectationsBeVerified</span><span style="color: var(--highlight-keyword)">(</span><span style="color: var(--highlight-default)">$exception</span><span style="color: var(--highlight-keyword)">))&nbsp;{</span></code></li>\n
<li><code><span style="color: var(--highlight-keyword)">&nbsp;&nbsp;&nbsp;&nbsp;&nbsp;&nbsp;&nbsp;&nbsp;&nbsp;&nbsp;&nbsp;&nbsp;&nbsp;&nbsp;&nbsp;&nbsp;throw&nbsp;</span><span style="color: var(--highlight-default)">$exception</span><span style="color: var(--highlight-keyword)">;</span></code></li>\n
<li><code><span style="color: var(--highlight-keyword)">&nbsp;&nbsp;&nbsp;&nbsp;&nbsp;&nbsp;&nbsp;&nbsp;&nbsp;&nbsp;&nbsp;&nbsp;}</span></code></li>\n
<li><code><span style="color: var(--highlight-keyword)"></span></code></li></ol>    </div>            </div>\n
                        <div class="trace-line trace-from-vendor">\n
                <div class="trace-line-header break-long-words sf-toggle" data-toggle-selector="#trace-html-2-16" data-toggle-initial="">\n
            <span class="icon icon-close"><svg width="1792" height="1792" viewBox="0 0 1792 1792" xmlns="http://www.w3.org/2000/svg"><path d="M1408 960V832q0-26-19-45t-45-19H448q-26 0-45 19t-19 45v128q0 26 19 45t45 19h896q26 0 45-19t19-45zm256-544v960q0 119-84.5 203.5T1376 1664H416q-119 0-203.5-84.5T128 1376V416q0-119 84.5-203.5T416 128h960q119 0 203.5 84.5T1664 416z"/></svg></span>\n
        <span class="icon icon-open"><svg width="1792" height="1792" viewBox="0 0 1792 1792" xmlns="http://www.w3.org/2000/svg"><path d="M1408 960V832q0-26-19-45t-45-19h-320V448q0-26-19-45t-45-19H832q-26 0-45 19t-19 45v320H448q-26 0-45 19t-19 45v128q0 26 19 45t45 19h320v320q0 26 19 45t45 19h128q26 0 45-19t19-45v-320h320q26 0 45-19t19-45zm256-544v960q0 119-84.5 203.5T1376 1664H416q-119 0-203.5-84.5T128 1376V416q0-119 84.5-203.5T416 128h960q119 0 203.5 84.5T1664 416z"/></svg></span>\n
    \n
    \n
                    <span class="block trace-file-path">\n
            in\n
            <a href="">\n
                vendor/phpunit/phpunit/src/Framework/<strong>TestCase.php</strong>\n
            </a>\n
                            <span class="trace-type">-></span>\n
                <span class="trace-method">runTest</span>\n
                        (line 687)\n
            <span class="icon icon-copy hidden" data-clipboard-text="vendor/phpunit/phpunit/src/Framework/TestCase.php:687">\n
                <svg xmlns="http://www.w3.org/2000/svg" height="24" viewBox="0 0 24 24" width="24"><path d="M0 0h24v24H0z" fill="none"/><path d="M16 1H4c-1.1 0-2 .9-2 2v14h2V3h12V1zm3 4H8c-1.1 0-2 .9-2 2v14c0 1.1.9 2 2 2h11c1.1 0 2-.9 2-2V7c0-1.1-.9-2-2-2zm0 16H8V7h11v14z"/></svg>            </span>\n
        </span>\n
    </div>\n
    <div id="trace-html-2-16" class="trace-code sf-toggle-content">\n
        <ol start="682"><li><code><span style="color: var(--highlight-keyword)">&nbsp;&nbsp;&nbsp;&nbsp;&nbsp;&nbsp;&nbsp;&nbsp;&nbsp;&nbsp;&nbsp;&nbsp;</span><span style="color: var(--highlight-default)">$emitter</span><span style="color: var(--highlight-keyword)">-&gt;</span><span style="color: var(--highlight-default)">testPrepared</span><span style="color: var(--highlight-keyword)">(</span></code></li>\n
<li><code><span style="color: var(--highlight-keyword)">&nbsp;&nbsp;&nbsp;&nbsp;&nbsp;&nbsp;&nbsp;&nbsp;&nbsp;&nbsp;&nbsp;&nbsp;&nbsp;&nbsp;&nbsp;&nbsp;</span><span style="color: var(--highlight-default)">$this</span><span style="color: var(--highlight-keyword)">-&gt;</span><span style="color: var(--highlight-default)">valueObjectForEvents</span><span style="color: var(--highlight-keyword)">(),</span></code></li>\n
<li><code><span style="color: var(--highlight-keyword)">&nbsp;&nbsp;&nbsp;&nbsp;&nbsp;&nbsp;&nbsp;&nbsp;&nbsp;&nbsp;&nbsp;&nbsp;);</span></code></li>\n
<li><code><span style="color: var(--highlight-keyword)"></span></code></li>\n
<li><code><span style="color: var(--highlight-keyword)">&nbsp;&nbsp;&nbsp;&nbsp;&nbsp;&nbsp;&nbsp;&nbsp;&nbsp;&nbsp;&nbsp;&nbsp;</span><span style="color: var(--highlight-default)">$this</span><span style="color: var(--highlight-keyword)">-&gt;</span><span style="color: var(--highlight-default)">wasPrepared&nbsp;</span><span style="color: var(--highlight-keyword)">=&nbsp;</span><span style="color: var(--highlight-default)">true</span><span style="color: var(--highlight-keyword)">;</span></code></li>\n
<li class="selected"><code><span style="color: var(--highlight-keyword)">&nbsp;&nbsp;&nbsp;&nbsp;&nbsp;&nbsp;&nbsp;&nbsp;&nbsp;&nbsp;&nbsp;&nbsp;</span><span style="color: var(--highlight-default)">$this</span><span style="color: var(--highlight-keyword)">-&gt;</span><span style="color: var(--highlight-default)">testResult&nbsp;&nbsp;</span><span style="color: var(--highlight-keyword)">=&nbsp;</span><span style="color: var(--highlight-default)">$this</span><span style="color: var(--highlight-keyword)">-&gt;</span><span style="color: var(--highlight-default)">runTest</span><span style="color: var(--highlight-keyword)">();</span></code></li>\n
<li><code><span style="color: var(--highlight-keyword)"></span></code></li>\n
<li><code><span style="color: var(--highlight-keyword)">&nbsp;&nbsp;&nbsp;&nbsp;&nbsp;&nbsp;&nbsp;&nbsp;&nbsp;&nbsp;&nbsp;&nbsp;</span><span style="color: var(--highlight-default)">$this</span><span style="color: var(--highlight-keyword)">-&gt;</span><span style="color: var(--highlight-default)">verifyMockObjects</span><span style="color: var(--highlight-keyword)">();</span></code></li>\n
<li><code><span style="color: var(--highlight-keyword)">&nbsp;&nbsp;&nbsp;&nbsp;&nbsp;&nbsp;&nbsp;&nbsp;&nbsp;&nbsp;&nbsp;&nbsp;</span><span style="color: var(--highlight-default)">$this</span><span style="color: var(--highlight-keyword)">-&gt;</span><span style="color: var(--highlight-default)">invokePostConditionHookMethods</span><span style="color: var(--highlight-keyword)">(</span><span style="color: var(--highlight-default)">$hookMethods</span><span style="color: var(--highlight-keyword)">,&nbsp;</span><span style="color: var(--highlight-default)">$emitter</span><span style="color: var(--highlight-keyword)">);</span></code></li>\n
<li><code><span style="color: var(--highlight-keyword)"></span></code></li>\n
<li><code><span style="color: var(--highlight-keyword)">&nbsp;&nbsp;&nbsp;&nbsp;&nbsp;&nbsp;&nbsp;&nbsp;&nbsp;&nbsp;&nbsp;&nbsp;</span><span style="color: var(--highlight-default)">$this</span><span style="color: var(--highlight-keyword)">-&gt;</span><span style="color: var(--highlight-default)">status&nbsp;</span><span style="color: var(--highlight-keyword)">=&nbsp;</span><span style="color: var(--highlight-default)">TestStatus</span><span style="color: var(--highlight-keyword)">::</span><span style="color: var(--highlight-default)">success</span><span style="color: var(--highlight-keyword)">();</span></code></li></ol>    </div>            </div>\n
                        <div class="trace-line trace-from-vendor">\n
                <div class="trace-line-header break-long-words sf-toggle" data-toggle-selector="#trace-html-2-17" data-toggle-initial="">\n
            <span class="icon icon-close"><svg width="1792" height="1792" viewBox="0 0 1792 1792" xmlns="http://www.w3.org/2000/svg"><path d="M1408 960V832q0-26-19-45t-45-19H448q-26 0-45 19t-19 45v128q0 26 19 45t45 19h896q26 0 45-19t19-45zm256-544v960q0 119-84.5 203.5T1376 1664H416q-119 0-203.5-84.5T128 1376V416q0-119 84.5-203.5T416 128h960q119 0 203.5 84.5T1664 416z"/></svg></span>\n
        <span class="icon icon-open"><svg width="1792" height="1792" viewBox="0 0 1792 1792" xmlns="http://www.w3.org/2000/svg"><path d="M1408 960V832q0-26-19-45t-45-19h-320V448q0-26-19-45t-45-19H832q-26 0-45 19t-19 45v320H448q-26 0-45 19t-19 45v128q0 26 19 45t45 19h320v320q0 26 19 45t45 19h128q26 0 45-19t19-45v-320h320q26 0 45-19t19-45zm256-544v960q0 119-84.5 203.5T1376 1664H416q-119 0-203.5-84.5T128 1376V416q0-119 84.5-203.5T416 128h960q119 0 203.5 84.5T1664 416z"/></svg></span>\n
    \n
    \n
                    <span class="block trace-file-path">\n
            in\n
            <a href="">\n
                vendor/phpunit/phpunit/src/Framework/<strong>TestRunner.php</strong>\n
            </a>\n
                            <span class="trace-type">-></span>\n
                <span class="trace-method">runBare</span>\n
                        (line 106)\n
            <span class="icon icon-copy hidden" data-clipboard-text="vendor/phpunit/phpunit/src/Framework/TestRunner.php:106">\n
                <svg xmlns="http://www.w3.org/2000/svg" height="24" viewBox="0 0 24 24" width="24"><path d="M0 0h24v24H0z" fill="none"/><path d="M16 1H4c-1.1 0-2 .9-2 2v14h2V3h12V1zm3 4H8c-1.1 0-2 .9-2 2v14c0 1.1.9 2 2 2h11c1.1 0 2-.9 2-2V7c0-1.1-.9-2-2-2zm0 16H8V7h11v14z"/></svg>            </span>\n
        </span>\n
    </div>\n
    <div id="trace-html-2-17" class="trace-code sf-toggle-content">\n
        <ol start="101"><li><code><span style="color: var(--highlight-keyword)">&nbsp;&nbsp;&nbsp;&nbsp;&nbsp;&nbsp;&nbsp;&nbsp;try&nbsp;{</span></code></li>\n
<li><code><span style="color: var(--highlight-keyword)">&nbsp;&nbsp;&nbsp;&nbsp;&nbsp;&nbsp;&nbsp;&nbsp;&nbsp;&nbsp;&nbsp;&nbsp;if&nbsp;(</span><span style="color: var(--highlight-default)">$this</span><span style="color: var(--highlight-keyword)">-&gt;</span><span style="color: var(--highlight-default)">canTimeLimitBeEnforced</span><span style="color: var(--highlight-keyword)">()&nbsp;&amp;&amp;</span></code></li>\n
<li><code><span style="color: var(--highlight-keyword)">&nbsp;&nbsp;&nbsp;&nbsp;&nbsp;&nbsp;&nbsp;&nbsp;&nbsp;&nbsp;&nbsp;&nbsp;&nbsp;&nbsp;&nbsp;&nbsp;</span><span style="color: var(--highlight-default)">$this</span><span style="color: var(--highlight-keyword)">-&gt;</span><span style="color: var(--highlight-default)">shouldTimeLimitBeEnforced</span><span style="color: var(--highlight-keyword)">(</span><span style="color: var(--highlight-default)">$test</span><span style="color: var(--highlight-keyword)">))&nbsp;{</span></code></li>\n
<li><code><span style="color: var(--highlight-keyword)">&nbsp;&nbsp;&nbsp;&nbsp;&nbsp;&nbsp;&nbsp;&nbsp;&nbsp;&nbsp;&nbsp;&nbsp;&nbsp;&nbsp;&nbsp;&nbsp;</span><span style="color: var(--highlight-default)">$risky&nbsp;</span><span style="color: var(--highlight-keyword)">=&nbsp;</span><span style="color: var(--highlight-default)">$this</span><span style="color: var(--highlight-keyword)">-&gt;</span><span style="color: var(--highlight-default)">runTestWithTimeout</span><span style="color: var(--highlight-keyword)">(</span><span style="color: var(--highlight-default)">$test</span><span style="color: var(--highlight-keyword)">);</span></code></li>\n
<li><code><span style="color: var(--highlight-keyword)">&nbsp;&nbsp;&nbsp;&nbsp;&nbsp;&nbsp;&nbsp;&nbsp;&nbsp;&nbsp;&nbsp;&nbsp;}&nbsp;else&nbsp;{</span></code></li>\n
<li class="selected"><code><span style="color: var(--highlight-keyword)">&nbsp;&nbsp;&nbsp;&nbsp;&nbsp;&nbsp;&nbsp;&nbsp;&nbsp;&nbsp;&nbsp;&nbsp;&nbsp;&nbsp;&nbsp;&nbsp;</span><span style="color: var(--highlight-default)">$test</span><span style="color: var(--highlight-keyword)">-&gt;</span><span style="color: var(--highlight-default)">runBare</span><span style="color: var(--highlight-keyword)">();</span></code></li>\n
<li><code><span style="color: var(--highlight-keyword)">&nbsp;&nbsp;&nbsp;&nbsp;&nbsp;&nbsp;&nbsp;&nbsp;&nbsp;&nbsp;&nbsp;&nbsp;}</span></code></li>\n
<li><code><span style="color: var(--highlight-keyword)">&nbsp;&nbsp;&nbsp;&nbsp;&nbsp;&nbsp;&nbsp;&nbsp;}&nbsp;catch&nbsp;(</span><span style="color: var(--highlight-default)">AssertionFailedError&nbsp;$e</span><span style="color: var(--highlight-keyword)">)&nbsp;{</span></code></li>\n
<li><code><span style="color: var(--highlight-keyword)">&nbsp;&nbsp;&nbsp;&nbsp;&nbsp;&nbsp;&nbsp;&nbsp;&nbsp;&nbsp;&nbsp;&nbsp;</span><span style="color: var(--highlight-default)">$failure&nbsp;</span><span style="color: var(--highlight-keyword)">=&nbsp;</span><span style="color: var(--highlight-default)">true</span><span style="color: var(--highlight-keyword)">;</span></code></li>\n
<li><code><span style="color: var(--highlight-keyword)"></span></code></li>\n
<li><code><span style="color: var(--highlight-keyword)">&nbsp;&nbsp;&nbsp;&nbsp;&nbsp;&nbsp;&nbsp;&nbsp;&nbsp;&nbsp;&nbsp;&nbsp;if&nbsp;(</span><span style="color: var(--highlight-default)">$e&nbsp;</span><span style="color: var(--highlight-keyword)">instanceof&nbsp;</span><span style="color: var(--highlight-default)">IncompleteTestError</span><span style="color: var(--highlight-keyword)">)&nbsp;{</span></code></li></ol>    </div>            </div>\n
                        <div class="trace-line trace-from-vendor">\n
                <div class="trace-line-header break-long-words sf-toggle" data-toggle-selector="#trace-html-2-18" data-toggle-initial="">\n
            <span class="icon icon-close"><svg width="1792" height="1792" viewBox="0 0 1792 1792" xmlns="http://www.w3.org/2000/svg"><path d="M1408 960V832q0-26-19-45t-45-19H448q-26 0-45 19t-19 45v128q0 26 19 45t45 19h896q26 0 45-19t19-45zm256-544v960q0 119-84.5 203.5T1376 1664H416q-119 0-203.5-84.5T128 1376V416q0-119 84.5-203.5T416 128h960q119 0 203.5 84.5T1664 416z"/></svg></span>\n
        <span class="icon icon-open"><svg width="1792" height="1792" viewBox="0 0 1792 1792" xmlns="http://www.w3.org/2000/svg"><path d="M1408 960V832q0-26-19-45t-45-19h-320V448q0-26-19-45t-45-19H832q-26 0-45 19t-19 45v320H448q-26 0-45 19t-19 45v128q0 26 19 45t45 19h320v320q0 26 19 45t45 19h128q26 0 45-19t19-45v-320h320q26 0 45-19t19-45zm256-544v960q0 119-84.5 203.5T1376 1664H416q-119 0-203.5-84.5T128 1376V416q0-119 84.5-203.5T416 128h960q119 0 203.5 84.5T1664 416z"/></svg></span>\n
    \n
    \n
                    <span class="block trace-file-path">\n
            in\n
            <a href="">\n
                vendor/phpunit/phpunit/src/Framework/<strong>TestCase.php</strong>\n
            </a>\n
                            <span class="trace-type">-></span>\n
                <span class="trace-method">run</span>\n
                        (line 517)\n
            <span class="icon icon-copy hidden" data-clipboard-text="vendor/phpunit/phpunit/src/Framework/TestCase.php:517">\n
                <svg xmlns="http://www.w3.org/2000/svg" height="24" viewBox="0 0 24 24" width="24"><path d="M0 0h24v24H0z" fill="none"/><path d="M16 1H4c-1.1 0-2 .9-2 2v14h2V3h12V1zm3 4H8c-1.1 0-2 .9-2 2v14c0 1.1.9 2 2 2h11c1.1 0 2-.9 2-2V7c0-1.1-.9-2-2-2zm0 16H8V7h11v14z"/></svg>            </span>\n
        </span>\n
    </div>\n
    <div id="trace-html-2-18" class="trace-code sf-toggle-content">\n
        <ol start="512"><li><code><span style="color: var(--highlight-keyword)">&nbsp;&nbsp;&nbsp;&nbsp;&nbsp;&nbsp;&nbsp;&nbsp;if&nbsp;(!</span><span style="color: var(--highlight-default)">$this</span><span style="color: var(--highlight-keyword)">-&gt;</span><span style="color: var(--highlight-default)">handleDependencies</span><span style="color: var(--highlight-keyword)">())&nbsp;{</span></code></li>\n
<li><code><span style="color: var(--highlight-keyword)">&nbsp;&nbsp;&nbsp;&nbsp;&nbsp;&nbsp;&nbsp;&nbsp;&nbsp;&nbsp;&nbsp;&nbsp;return;</span></code></li>\n
<li><code><span style="color: var(--highlight-keyword)">&nbsp;&nbsp;&nbsp;&nbsp;&nbsp;&nbsp;&nbsp;&nbsp;}</span></code></li>\n
<li><code><span style="color: var(--highlight-keyword)"></span></code></li>\n
<li><code><span style="color: var(--highlight-keyword)">&nbsp;&nbsp;&nbsp;&nbsp;&nbsp;&nbsp;&nbsp;&nbsp;if&nbsp;(!</span><span style="color: var(--highlight-default)">$this</span><span style="color: var(--highlight-keyword)">-&gt;</span><span style="color: var(--highlight-default)">shouldRunInSeparateProcess</span><span style="color: var(--highlight-keyword)">())&nbsp;{</span></code></li>\n
<li class="selected"><code><span style="color: var(--highlight-keyword)">&nbsp;&nbsp;&nbsp;&nbsp;&nbsp;&nbsp;&nbsp;&nbsp;&nbsp;&nbsp;&nbsp;&nbsp;(new&nbsp;</span><span style="color: var(--highlight-default)">TestRunner</span><span style="color: var(--highlight-keyword)">)-&gt;</span><span style="color: var(--highlight-default)">run</span><span style="color: var(--highlight-keyword)">(</span><span style="color: var(--highlight-default)">$this</span><span style="color: var(--highlight-keyword)">);</span></code></li>\n
<li><code><span style="color: var(--highlight-keyword)">&nbsp;&nbsp;&nbsp;&nbsp;&nbsp;&nbsp;&nbsp;&nbsp;}&nbsp;else&nbsp;{</span></code></li>\n
<li><code><span style="color: var(--highlight-keyword)">&nbsp;&nbsp;&nbsp;&nbsp;&nbsp;&nbsp;&nbsp;&nbsp;&nbsp;&nbsp;&nbsp;&nbsp;(new&nbsp;</span><span style="color: var(--highlight-default)">TestRunner</span><span style="color: var(--highlight-keyword)">)-&gt;</span><span style="color: var(--highlight-default)">runInSeparateProcess</span><span style="color: var(--highlight-keyword)">(</span></code></li>\n
<li><code><span style="color: var(--highlight-keyword)">&nbsp;&nbsp;&nbsp;&nbsp;&nbsp;&nbsp;&nbsp;&nbsp;&nbsp;&nbsp;&nbsp;&nbsp;&nbsp;&nbsp;&nbsp;&nbsp;</span><span style="color: var(--highlight-default)">$this</span><span style="color: var(--highlight-keyword)">,</span></code></li>\n
<li><code><span style="color: var(--highlight-keyword)">&nbsp;&nbsp;&nbsp;&nbsp;&nbsp;&nbsp;&nbsp;&nbsp;&nbsp;&nbsp;&nbsp;&nbsp;&nbsp;&nbsp;&nbsp;&nbsp;</span><span style="color: var(--highlight-default)">$this</span><span style="color: var(--highlight-keyword)">-&gt;</span><span style="color: var(--highlight-default)">runClassInSeparateProcess&nbsp;</span><span style="color: var(--highlight-keyword)">&amp;&amp;&nbsp;!</span><span style="color: var(--highlight-default)">$this</span><span style="color: var(--highlight-keyword)">-&gt;</span><span style="color: var(--highlight-default)">runTestInSeparateProcess</span><span style="color: var(--highlight-keyword)">,</span></code></li>\n
<li><code><span style="color: var(--highlight-keyword)">&nbsp;&nbsp;&nbsp;&nbsp;&nbsp;&nbsp;&nbsp;&nbsp;&nbsp;&nbsp;&nbsp;&nbsp;&nbsp;&nbsp;&nbsp;&nbsp;</span><span style="color: var(--highlight-default)">$this</span><span style="color: var(--highlight-keyword)">-&gt;</span><span style="color: var(--highlight-default)">preserveGlobalState</span><span style="color: var(--highlight-keyword)">,</span></code></li></ol>    </div>            </div>\n
                        <div class="trace-line trace-from-vendor">\n
                <div class="trace-line-header break-long-words sf-toggle" data-toggle-selector="#trace-html-2-19" data-toggle-initial="">\n
            <span class="icon icon-close"><svg width="1792" height="1792" viewBox="0 0 1792 1792" xmlns="http://www.w3.org/2000/svg"><path d="M1408 960V832q0-26-19-45t-45-19H448q-26 0-45 19t-19 45v128q0 26 19 45t45 19h896q26 0 45-19t19-45zm256-544v960q0 119-84.5 203.5T1376 1664H416q-119 0-203.5-84.5T128 1376V416q0-119 84.5-203.5T416 128h960q119 0 203.5 84.5T1664 416z"/></svg></span>\n
        <span class="icon icon-open"><svg width="1792" height="1792" viewBox="0 0 1792 1792" xmlns="http://www.w3.org/2000/svg"><path d="M1408 960V832q0-26-19-45t-45-19h-320V448q0-26-19-45t-45-19H832q-26 0-45 19t-19 45v320H448q-26 0-45 19t-19 45v128q0 26 19 45t45 19h320v320q0 26 19 45t45 19h128q26 0 45-19t19-45v-320h320q26 0 45-19t19-45zm256-544v960q0 119-84.5 203.5T1376 1664H416q-119 0-203.5-84.5T128 1376V416q0-119 84.5-203.5T416 128h960q119 0 203.5 84.5T1664 416z"/></svg></span>\n
    \n
    \n
                    <span class="block trace-file-path">\n
            in\n
            <a href="">\n
                vendor/phpunit/phpunit/src/Framework/<strong>TestSuite.php</strong>\n
            </a>\n
                            <span class="trace-type">-></span>\n
                <span class="trace-method">run</span>\n
                        (line 380)\n
            <span class="icon icon-copy hidden" data-clipboard-text="vendor/phpunit/phpunit/src/Framework/TestSuite.php:380">\n
                <svg xmlns="http://www.w3.org/2000/svg" height="24" viewBox="0 0 24 24" width="24"><path d="M0 0h24v24H0z" fill="none"/><path d="M16 1H4c-1.1 0-2 .9-2 2v14h2V3h12V1zm3 4H8c-1.1 0-2 .9-2 2v14c0 1.1.9 2 2 2h11c1.1 0 2-.9 2-2V7c0-1.1-.9-2-2-2zm0 16H8V7h11v14z"/></svg>            </span>\n
        </span>\n
    </div>\n
    <div id="trace-html-2-19" class="trace-code sf-toggle-content">\n
        <ol start="375"><li><code><span style="color: var(--highlight-keyword)">&nbsp;&nbsp;&nbsp;&nbsp;&nbsp;&nbsp;&nbsp;&nbsp;&nbsp;&nbsp;&nbsp;&nbsp;&nbsp;&nbsp;&nbsp;&nbsp;</span><span style="color: var(--highlight-default)">$emitter</span><span style="color: var(--highlight-keyword)">-&gt;</span><span style="color: var(--highlight-default)">testRunnerExecutionAborted</span><span style="color: var(--highlight-keyword)">();</span></code></li>\n
<li><code><span style="color: var(--highlight-keyword)"></span></code></li>\n
<li><code><span style="color: var(--highlight-keyword)">&nbsp;&nbsp;&nbsp;&nbsp;&nbsp;&nbsp;&nbsp;&nbsp;&nbsp;&nbsp;&nbsp;&nbsp;&nbsp;&nbsp;&nbsp;&nbsp;break;</span></code></li>\n
<li><code><span style="color: var(--highlight-keyword)">&nbsp;&nbsp;&nbsp;&nbsp;&nbsp;&nbsp;&nbsp;&nbsp;&nbsp;&nbsp;&nbsp;&nbsp;}</span></code></li>\n
<li><code><span style="color: var(--highlight-keyword)"></span></code></li>\n
<li class="selected"><code><span style="color: var(--highlight-keyword)">&nbsp;&nbsp;&nbsp;&nbsp;&nbsp;&nbsp;&nbsp;&nbsp;&nbsp;&nbsp;&nbsp;&nbsp;</span><span style="color: var(--highlight-default)">$test</span><span style="color: var(--highlight-keyword)">-&gt;</span><span style="color: var(--highlight-default)">run</span><span style="color: var(--highlight-keyword)">();</span></code></li>\n
<li><code><span style="color: var(--highlight-keyword)">&nbsp;&nbsp;&nbsp;&nbsp;&nbsp;&nbsp;&nbsp;&nbsp;}</span></code></li>\n
<li><code><span style="color: var(--highlight-keyword)"></span></code></li>\n
<li><code><span style="color: var(--highlight-keyword)">&nbsp;&nbsp;&nbsp;&nbsp;&nbsp;&nbsp;&nbsp;&nbsp;</span><span style="color: var(--highlight-default)">$this</span><span style="color: var(--highlight-keyword)">-&gt;</span><span style="color: var(--highlight-default)">invokeMethodsAfterLastTest</span><span style="color: var(--highlight-keyword)">(</span><span style="color: var(--highlight-default)">$emitter</span><span style="color: var(--highlight-keyword)">);</span></code></li>\n
<li><code><span style="color: var(--highlight-keyword)"></span></code></li>\n
<li><code><span style="color: var(--highlight-keyword)">&nbsp;&nbsp;&nbsp;&nbsp;&nbsp;&nbsp;&nbsp;&nbsp;</span><span style="color: var(--highlight-default)">$emitter</span><span style="color: var(--highlight-keyword)">-&gt;</span><span style="color: var(--highlight-default)">testSuiteFinished</span><span style="color: var(--highlight-keyword)">(</span><span style="color: var(--highlight-default)">$testSuiteValueObjectForEvents</span><span style="color: var(--highlight-keyword)">);</span></code></li></ol>    </div>            </div>\n
                        <div class="trace-line trace-from-vendor">\n
                <div class="trace-line-header break-long-words sf-toggle" data-toggle-selector="#trace-html-2-20" data-toggle-initial="">\n
            <span class="icon icon-close"><svg width="1792" height="1792" viewBox="0 0 1792 1792" xmlns="http://www.w3.org/2000/svg"><path d="M1408 960V832q0-26-19-45t-45-19H448q-26 0-45 19t-19 45v128q0 26 19 45t45 19h896q26 0 45-19t19-45zm256-544v960q0 119-84.5 203.5T1376 1664H416q-119 0-203.5-84.5T128 1376V416q0-119 84.5-203.5T416 128h960q119 0 203.5 84.5T1664 416z"/></svg></span>\n
        <span class="icon icon-open"><svg width="1792" height="1792" viewBox="0 0 1792 1792" xmlns="http://www.w3.org/2000/svg"><path d="M1408 960V832q0-26-19-45t-45-19h-320V448q0-26-19-45t-45-19H832q-26 0-45 19t-19 45v320H448q-26 0-45 19t-19 45v128q0 26 19 45t45 19h320v320q0 26 19 45t45 19h128q26 0 45-19t19-45v-320h320q26 0 45-19t19-45zm256-544v960q0 119-84.5 203.5T1376 1664H416q-119 0-203.5-84.5T128 1376V416q0-119 84.5-203.5T416 128h960q119 0 203.5 84.5T1664 416z"/></svg></span>\n
    \n
    \n
                    <span class="block trace-file-path">\n
            in\n
            <a href="">\n
                vendor/phpunit/phpunit/src/Framework/<strong>TestSuite.php</strong>\n
            </a>\n
                            <span class="trace-type">-></span>\n
                <span class="trace-method">run</span>\n
                        (line 380)\n
            <span class="icon icon-copy hidden" data-clipboard-text="vendor/phpunit/phpunit/src/Framework/TestSuite.php:380">\n
                <svg xmlns="http://www.w3.org/2000/svg" height="24" viewBox="0 0 24 24" width="24"><path d="M0 0h24v24H0z" fill="none"/><path d="M16 1H4c-1.1 0-2 .9-2 2v14h2V3h12V1zm3 4H8c-1.1 0-2 .9-2 2v14c0 1.1.9 2 2 2h11c1.1 0 2-.9 2-2V7c0-1.1-.9-2-2-2zm0 16H8V7h11v14z"/></svg>            </span>\n
        </span>\n
    </div>\n
    <div id="trace-html-2-20" class="trace-code sf-toggle-content">\n
        <ol start="375"><li><code><span style="color: var(--highlight-keyword)">&nbsp;&nbsp;&nbsp;&nbsp;&nbsp;&nbsp;&nbsp;&nbsp;&nbsp;&nbsp;&nbsp;&nbsp;&nbsp;&nbsp;&nbsp;&nbsp;</span><span style="color: var(--highlight-default)">$emitter</span><span style="color: var(--highlight-keyword)">-&gt;</span><span style="color: var(--highlight-default)">testRunnerExecutionAborted</span><span style="color: var(--highlight-keyword)">();</span></code></li>\n
<li><code><span style="color: var(--highlight-keyword)"></span></code></li>\n
<li><code><span style="color: var(--highlight-keyword)">&nbsp;&nbsp;&nbsp;&nbsp;&nbsp;&nbsp;&nbsp;&nbsp;&nbsp;&nbsp;&nbsp;&nbsp;&nbsp;&nbsp;&nbsp;&nbsp;break;</span></code></li>\n
<li><code><span style="color: var(--highlight-keyword)">&nbsp;&nbsp;&nbsp;&nbsp;&nbsp;&nbsp;&nbsp;&nbsp;&nbsp;&nbsp;&nbsp;&nbsp;}</span></code></li>\n
<li><code><span style="color: var(--highlight-keyword)"></span></code></li>\n
<li class="selected"><code><span style="color: var(--highlight-keyword)">&nbsp;&nbsp;&nbsp;&nbsp;&nbsp;&nbsp;&nbsp;&nbsp;&nbsp;&nbsp;&nbsp;&nbsp;</span><span style="color: var(--highlight-default)">$test</span><span style="color: var(--highlight-keyword)">-&gt;</span><span style="color: var(--highlight-default)">run</span><span style="color: var(--highlight-keyword)">();</span></code></li>\n
<li><code><span style="color: var(--highlight-keyword)">&nbsp;&nbsp;&nbsp;&nbsp;&nbsp;&nbsp;&nbsp;&nbsp;}</span></code></li>\n
<li><code><span style="color: var(--highlight-keyword)"></span></code></li>\n
<li><code><span style="color: var(--highlight-keyword)">&nbsp;&nbsp;&nbsp;&nbsp;&nbsp;&nbsp;&nbsp;&nbsp;</span><span style="color: var(--highlight-default)">$this</span><span style="color: var(--highlight-keyword)">-&gt;</span><span style="color: var(--highlight-default)">invokeMethodsAfterLastTest</span><span style="color: var(--highlight-keyword)">(</span><span style="color: var(--highlight-default)">$emitter</span><span style="color: var(--highlight-keyword)">);</span></code></li>\n
<li><code><span style="color: var(--highlight-keyword)"></span></code></li>\n
<li><code><span style="color: var(--highlight-keyword)">&nbsp;&nbsp;&nbsp;&nbsp;&nbsp;&nbsp;&nbsp;&nbsp;</span><span style="color: var(--highlight-default)">$emitter</span><span style="color: var(--highlight-keyword)">-&gt;</span><span style="color: var(--highlight-default)">testSuiteFinished</span><span style="color: var(--highlight-keyword)">(</span><span style="color: var(--highlight-default)">$testSuiteValueObjectForEvents</span><span style="color: var(--highlight-keyword)">);</span></code></li></ol>    </div>            </div>\n
                        <div class="trace-line trace-from-vendor">\n
                <div class="trace-line-header break-long-words sf-toggle" data-toggle-selector="#trace-html-2-21" data-toggle-initial="">\n
            <span class="icon icon-close"><svg width="1792" height="1792" viewBox="0 0 1792 1792" xmlns="http://www.w3.org/2000/svg"><path d="M1408 960V832q0-26-19-45t-45-19H448q-26 0-45 19t-19 45v128q0 26 19 45t45 19h896q26 0 45-19t19-45zm256-544v960q0 119-84.5 203.5T1376 1664H416q-119 0-203.5-84.5T128 1376V416q0-119 84.5-203.5T416 128h960q119 0 203.5 84.5T1664 416z"/></svg></span>\n
        <span class="icon icon-open"><svg width="1792" height="1792" viewBox="0 0 1792 1792" xmlns="http://www.w3.org/2000/svg"><path d="M1408 960V832q0-26-19-45t-45-19h-320V448q0-26-19-45t-45-19H832q-26 0-45 19t-19 45v320H448q-26 0-45 19t-19 45v128q0 26 19 45t45 19h320v320q0 26 19 45t45 19h128q26 0 45-19t19-45v-320h320q26 0 45-19t19-45zm256-544v960q0 119-84.5 203.5T1376 1664H416q-119 0-203.5-84.5T128 1376V416q0-119 84.5-203.5T416 128h960q119 0 203.5 84.5T1664 416z"/></svg></span>\n
    \n
    \n
                    <span class="block trace-file-path">\n
            in\n
            <a href="">\n
                vendor/phpunit/phpunit/src/Framework/<strong>TestSuite.php</strong>\n
            </a>\n
                            <span class="trace-type">-></span>\n
                <span class="trace-method">run</span>\n
                        (line 380)\n
            <span class="icon icon-copy hidden" data-clipboard-text="vendor/phpunit/phpunit/src/Framework/TestSuite.php:380">\n
                <svg xmlns="http://www.w3.org/2000/svg" height="24" viewBox="0 0 24 24" width="24"><path d="M0 0h24v24H0z" fill="none"/><path d="M16 1H4c-1.1 0-2 .9-2 2v14h2V3h12V1zm3 4H8c-1.1 0-2 .9-2 2v14c0 1.1.9 2 2 2h11c1.1 0 2-.9 2-2V7c0-1.1-.9-2-2-2zm0 16H8V7h11v14z"/></svg>            </span>\n
        </span>\n
    </div>\n
    <div id="trace-html-2-21" class="trace-code sf-toggle-content">\n
        <ol start="375"><li><code><span style="color: var(--highlight-keyword)">&nbsp;&nbsp;&nbsp;&nbsp;&nbsp;&nbsp;&nbsp;&nbsp;&nbsp;&nbsp;&nbsp;&nbsp;&nbsp;&nbsp;&nbsp;&nbsp;</span><span style="color: var(--highlight-default)">$emitter</span><span style="color: var(--highlight-keyword)">-&gt;</span><span style="color: var(--highlight-default)">testRunnerExecutionAborted</span><span style="color: var(--highlight-keyword)">();</span></code></li>\n
<li><code><span style="color: var(--highlight-keyword)"></span></code></li>\n
<li><code><span style="color: var(--highlight-keyword)">&nbsp;&nbsp;&nbsp;&nbsp;&nbsp;&nbsp;&nbsp;&nbsp;&nbsp;&nbsp;&nbsp;&nbsp;&nbsp;&nbsp;&nbsp;&nbsp;break;</span></code></li>\n
<li><code><span style="color: var(--highlight-keyword)">&nbsp;&nbsp;&nbsp;&nbsp;&nbsp;&nbsp;&nbsp;&nbsp;&nbsp;&nbsp;&nbsp;&nbsp;}</span></code></li>\n
<li><code><span style="color: var(--highlight-keyword)"></span></code></li>\n
<li class="selected"><code><span style="color: var(--highlight-keyword)">&nbsp;&nbsp;&nbsp;&nbsp;&nbsp;&nbsp;&nbsp;&nbsp;&nbsp;&nbsp;&nbsp;&nbsp;</span><span style="color: var(--highlight-default)">$test</span><span style="color: var(--highlight-keyword)">-&gt;</span><span style="color: var(--highlight-default)">run</span><span style="color: var(--highlight-keyword)">();</span></code></li>\n
<li><code><span style="color: var(--highlight-keyword)">&nbsp;&nbsp;&nbsp;&nbsp;&nbsp;&nbsp;&nbsp;&nbsp;}</span></code></li>\n
<li><code><span style="color: var(--highlight-keyword)"></span></code></li>\n
<li><code><span style="color: var(--highlight-keyword)">&nbsp;&nbsp;&nbsp;&nbsp;&nbsp;&nbsp;&nbsp;&nbsp;</span><span style="color: var(--highlight-default)">$this</span><span style="color: var(--highlight-keyword)">-&gt;</span><span style="color: var(--highlight-default)">invokeMethodsAfterLastTest</span><span style="color: var(--highlight-keyword)">(</span><span style="color: var(--highlight-default)">$emitter</span><span style="color: var(--highlight-keyword)">);</span></code></li>\n
<li><code><span style="color: var(--highlight-keyword)"></span></code></li>\n
<li><code><span style="color: var(--highlight-keyword)">&nbsp;&nbsp;&nbsp;&nbsp;&nbsp;&nbsp;&nbsp;&nbsp;</span><span style="color: var(--highlight-default)">$emitter</span><span style="color: var(--highlight-keyword)">-&gt;</span><span style="color: var(--highlight-default)">testSuiteFinished</span><span style="color: var(--highlight-keyword)">(</span><span style="color: var(--highlight-default)">$testSuiteValueObjectForEvents</span><span style="color: var(--highlight-keyword)">);</span></code></li></ol>    </div>            </div>\n
                        <div class="trace-line trace-from-vendor">\n
                <div class="trace-line-header break-long-words sf-toggle" data-toggle-selector="#trace-html-2-22" data-toggle-initial="">\n
            <span class="icon icon-close"><svg width="1792" height="1792" viewBox="0 0 1792 1792" xmlns="http://www.w3.org/2000/svg"><path d="M1408 960V832q0-26-19-45t-45-19H448q-26 0-45 19t-19 45v128q0 26 19 45t45 19h896q26 0 45-19t19-45zm256-544v960q0 119-84.5 203.5T1376 1664H416q-119 0-203.5-84.5T128 1376V416q0-119 84.5-203.5T416 128h960q119 0 203.5 84.5T1664 416z"/></svg></span>\n
        <span class="icon icon-open"><svg width="1792" height="1792" viewBox="0 0 1792 1792" xmlns="http://www.w3.org/2000/svg"><path d="M1408 960V832q0-26-19-45t-45-19h-320V448q0-26-19-45t-45-19H832q-26 0-45 19t-19 45v320H448q-26 0-45 19t-19 45v128q0 26 19 45t45 19h320v320q0 26 19 45t45 19h128q26 0 45-19t19-45v-320h320q26 0 45-19t19-45zm256-544v960q0 119-84.5 203.5T1376 1664H416q-119 0-203.5-84.5T128 1376V416q0-119 84.5-203.5T416 128h960q119 0 203.5 84.5T1664 416z"/></svg></span>\n
    \n
    \n
                    <span class="block trace-file-path">\n
            in\n
            <a href="">\n
                vendor/phpunit/phpunit/src/TextUI/<strong>TestRunner.php</strong>\n
            </a>\n
                            <span class="trace-type">-></span>\n
                <span class="trace-method">run</span>\n
                        (line 64)\n
            <span class="icon icon-copy hidden" data-clipboard-text="vendor/phpunit/phpunit/src/TextUI/TestRunner.php:64">\n
                <svg xmlns="http://www.w3.org/2000/svg" height="24" viewBox="0 0 24 24" width="24"><path d="M0 0h24v24H0z" fill="none"/><path d="M16 1H4c-1.1 0-2 .9-2 2v14h2V3h12V1zm3 4H8c-1.1 0-2 .9-2 2v14c0 1.1.9 2 2 2h11c1.1 0 2-.9 2-2V7c0-1.1-.9-2-2-2zm0 16H8V7h11v14z"/></svg>            </span>\n
        </span>\n
    </div>\n
    <div id="trace-html-2-22" class="trace-code sf-toggle-content">\n
        <ol start="59"><li><code><span style="color: var(--highlight-keyword)"></span></code></li>\n
<li><code><span style="color: var(--highlight-keyword)">&nbsp;&nbsp;&nbsp;&nbsp;&nbsp;&nbsp;&nbsp;&nbsp;&nbsp;&nbsp;&nbsp;&nbsp;</span><span style="color: var(--highlight-default)">Event\Facade</span><span style="color: var(--highlight-keyword)">::</span><span style="color: var(--highlight-default)">emitter</span><span style="color: var(--highlight-keyword)">()-&gt;</span><span style="color: var(--highlight-default)">testRunnerExecutionStarted</span><span style="color: var(--highlight-keyword)">(</span></code></li>\n
<li><code><span style="color: var(--highlight-keyword)">&nbsp;&nbsp;&nbsp;&nbsp;&nbsp;&nbsp;&nbsp;&nbsp;&nbsp;&nbsp;&nbsp;&nbsp;&nbsp;&nbsp;&nbsp;&nbsp;</span><span style="color: var(--highlight-default)">Event\TestSuite\TestSuiteBuilder</span><span style="color: var(--highlight-keyword)">::</span><span style="color: var(--highlight-default)">from</span><span style="color: var(--highlight-keyword)">(</span><span style="color: var(--highlight-default)">$suite</span><span style="color: var(--highlight-keyword)">),</span></code></li>\n
<li><code><span style="color: var(--highlight-keyword)">&nbsp;&nbsp;&nbsp;&nbsp;&nbsp;&nbsp;&nbsp;&nbsp;&nbsp;&nbsp;&nbsp;&nbsp;);</span></code></li>\n
<li><code><span style="color: var(--highlight-keyword)"></span></code></li>\n
<li class="selected"><code><span style="color: var(--highlight-keyword)">&nbsp;&nbsp;&nbsp;&nbsp;&nbsp;&nbsp;&nbsp;&nbsp;&nbsp;&nbsp;&nbsp;&nbsp;</span><span style="color: var(--highlight-default)">$suite</span><span style="color: var(--highlight-keyword)">-&gt;</span><span style="color: var(--highlight-default)">run</span><span style="color: var(--highlight-keyword)">();</span></code></li>\n
<li><code><span style="color: var(--highlight-keyword)"></span></code></li>\n
<li><code><span style="color: var(--highlight-keyword)">&nbsp;&nbsp;&nbsp;&nbsp;&nbsp;&nbsp;&nbsp;&nbsp;&nbsp;&nbsp;&nbsp;&nbsp;</span><span style="color: var(--highlight-default)">Event\Facade</span><span style="color: var(--highlight-keyword)">::</span><span style="color: var(--highlight-default)">emitter</span><span style="color: var(--highlight-keyword)">()-&gt;</span><span style="color: var(--highlight-default)">testRunnerExecutionFinished</span><span style="color: var(--highlight-keyword)">();</span></code></li>\n
<li><code><span style="color: var(--highlight-keyword)">&nbsp;&nbsp;&nbsp;&nbsp;&nbsp;&nbsp;&nbsp;&nbsp;&nbsp;&nbsp;&nbsp;&nbsp;</span><span style="color: var(--highlight-default)">Event\Facade</span><span style="color: var(--highlight-keyword)">::</span><span style="color: var(--highlight-default)">emitter</span><span style="color: var(--highlight-keyword)">()-&gt;</span><span style="color: var(--highlight-default)">testRunnerFinished</span><span style="color: var(--highlight-keyword)">();</span></code></li>\n
<li><code><span style="color: var(--highlight-keyword)">&nbsp;&nbsp;&nbsp;&nbsp;&nbsp;&nbsp;&nbsp;&nbsp;}&nbsp;catch&nbsp;(</span><span style="color: var(--highlight-default)">Throwable&nbsp;$t</span><span style="color: var(--highlight-keyword)">)&nbsp;{</span></code></li>\n
<li><code><span style="color: var(--highlight-keyword)">&nbsp;&nbsp;&nbsp;&nbsp;&nbsp;&nbsp;&nbsp;&nbsp;&nbsp;&nbsp;&nbsp;&nbsp;throw&nbsp;new&nbsp;</span><span style="color: var(--highlight-default)">RuntimeException</span><span style="color: var(--highlight-keyword)">(</span></code></li></ol>    </div>            </div>\n
                        <div class="trace-line trace-from-vendor">\n
                <div class="trace-line-header break-long-words sf-toggle" data-toggle-selector="#trace-html-2-23" data-toggle-initial="">\n
            <span class="icon icon-close"><svg width="1792" height="1792" viewBox="0 0 1792 1792" xmlns="http://www.w3.org/2000/svg"><path d="M1408 960V832q0-26-19-45t-45-19H448q-26 0-45 19t-19 45v128q0 26 19 45t45 19h896q26 0 45-19t19-45zm256-544v960q0 119-84.5 203.5T1376 1664H416q-119 0-203.5-84.5T128 1376V416q0-119 84.5-203.5T416 128h960q119 0 203.5 84.5T1664 416z"/></svg></span>\n
        <span class="icon icon-open"><svg width="1792" height="1792" viewBox="0 0 1792 1792" xmlns="http://www.w3.org/2000/svg"><path d="M1408 960V832q0-26-19-45t-45-19h-320V448q0-26-19-45t-45-19H832q-26 0-45 19t-19 45v320H448q-26 0-45 19t-19 45v128q0 26 19 45t45 19h320v320q0 26 19 45t45 19h128q26 0 45-19t19-45v-320h320q26 0 45-19t19-45zm256-544v960q0 119-84.5 203.5T1376 1664H416q-119 0-203.5-84.5T128 1376V416q0-119 84.5-203.5T416 128h960q119 0 203.5 84.5T1664 416z"/></svg></span>\n
    \n
    \n
                    <span class="block trace-file-path">\n
            in\n
            <a href="">\n
                vendor/phpunit/phpunit/src/TextUI/<strong>Application.php</strong>\n
            </a>\n
                            <span class="trace-type">-></span>\n
                <span class="trace-method">run</span>\n
                        (line 203)\n
            <span class="icon icon-copy hidden" data-clipboard-text="vendor/phpunit/phpunit/src/TextUI/Application.php:203">\n
                <svg xmlns="http://www.w3.org/2000/svg" height="24" viewBox="0 0 24 24" width="24"><path d="M0 0h24v24H0z" fill="none"/><path d="M16 1H4c-1.1 0-2 .9-2 2v14h2V3h12V1zm3 4H8c-1.1 0-2 .9-2 2v14c0 1.1.9 2 2 2h11c1.1 0 2-.9 2-2V7c0-1.1-.9-2-2-2zm0 16H8V7h11v14z"/></svg>            </span>\n
        </span>\n
    </div>\n
    <div id="trace-html-2-23" class="trace-code sf-toggle-content">\n
        <ol start="198"><li><code><span style="color: var(--highlight-keyword)">&nbsp;&nbsp;&nbsp;&nbsp;&nbsp;&nbsp;&nbsp;&nbsp;&nbsp;&nbsp;&nbsp;&nbsp;</span><span style="color: var(--highlight-default)">$timer</span><span style="color: var(--highlight-keyword)">-&gt;</span><span style="color: var(--highlight-default)">start</span><span style="color: var(--highlight-keyword)">();</span></code></li>\n
<li><code><span style="color: var(--highlight-keyword)"></span></code></li>\n
<li><code><span style="color: var(--highlight-keyword)">&nbsp;&nbsp;&nbsp;&nbsp;&nbsp;&nbsp;&nbsp;&nbsp;&nbsp;&nbsp;&nbsp;&nbsp;</span><span style="color: var(--highlight-default)">$runner&nbsp;</span><span style="color: var(--highlight-keyword)">=&nbsp;new&nbsp;</span><span style="color: var(--highlight-default)">TestRunner</span><span style="color: var(--highlight-keyword)">;</span></code></li>\n
<li><code><span style="color: var(--highlight-keyword)"></span></code></li>\n
<li><code><span style="color: var(--highlight-keyword)">&nbsp;&nbsp;&nbsp;&nbsp;&nbsp;&nbsp;&nbsp;&nbsp;&nbsp;&nbsp;&nbsp;&nbsp;</span><span style="color: var(--highlight-default)">$runner</span><span style="color: var(--highlight-keyword)">-&gt;</span><span style="color: var(--highlight-default)">run</span><span style="color: var(--highlight-keyword)">(</span></code></li>\n
<li class="selected"><code><span style="color: var(--highlight-keyword)">&nbsp;&nbsp;&nbsp;&nbsp;&nbsp;&nbsp;&nbsp;&nbsp;&nbsp;&nbsp;&nbsp;&nbsp;&nbsp;&nbsp;&nbsp;&nbsp;</span><span style="color: var(--highlight-default)">$configuration</span><span style="color: var(--highlight-keyword)">,</span></code></li>\n
<li><code><span style="color: var(--highlight-keyword)">&nbsp;&nbsp;&nbsp;&nbsp;&nbsp;&nbsp;&nbsp;&nbsp;&nbsp;&nbsp;&nbsp;&nbsp;&nbsp;&nbsp;&nbsp;&nbsp;</span><span style="color: var(--highlight-default)">$resultCache</span><span style="color: var(--highlight-keyword)">,</span></code></li>\n
<li><code><span style="color: var(--highlight-keyword)">&nbsp;&nbsp;&nbsp;&nbsp;&nbsp;&nbsp;&nbsp;&nbsp;&nbsp;&nbsp;&nbsp;&nbsp;&nbsp;&nbsp;&nbsp;&nbsp;</span><span style="color: var(--highlight-default)">$testSuite</span><span style="color: var(--highlight-keyword)">,</span></code></li>\n
<li><code><span style="color: var(--highlight-keyword)">&nbsp;&nbsp;&nbsp;&nbsp;&nbsp;&nbsp;&nbsp;&nbsp;&nbsp;&nbsp;&nbsp;&nbsp;);</span></code></li>\n
<li><code><span style="color: var(--highlight-keyword)"></span></code></li>\n
<li><code><span style="color: var(--highlight-keyword)">&nbsp;&nbsp;&nbsp;&nbsp;&nbsp;&nbsp;&nbsp;&nbsp;&nbsp;&nbsp;&nbsp;&nbsp;</span><span style="color: var(--highlight-default)">$duration&nbsp;</span><span style="color: var(--highlight-keyword)">=&nbsp;</span><span style="color: var(--highlight-default)">$timer</span><span style="color: var(--highlight-keyword)">-&gt;</span><span style="color: var(--highlight-default)">stop</span><span style="color: var(--highlight-keyword)">();</span></code></li></ol>    </div>            </div>\n
                        <div class="trace-line trace-from-vendor">\n
                <div class="trace-line-header break-long-words sf-toggle" data-toggle-selector="#trace-html-2-24" data-toggle-initial="">\n
            <span class="icon icon-close"><svg width="1792" height="1792" viewBox="0 0 1792 1792" xmlns="http://www.w3.org/2000/svg"><path d="M1408 960V832q0-26-19-45t-45-19H448q-26 0-45 19t-19 45v128q0 26 19 45t45 19h896q26 0 45-19t19-45zm256-544v960q0 119-84.5 203.5T1376 1664H416q-119 0-203.5-84.5T128 1376V416q0-119 84.5-203.5T416 128h960q119 0 203.5 84.5T1664 416z"/></svg></span>\n
        <span class="icon icon-open"><svg width="1792" height="1792" viewBox="0 0 1792 1792" xmlns="http://www.w3.org/2000/svg"><path d="M1408 960V832q0-26-19-45t-45-19h-320V448q0-26-19-45t-45-19H832q-26 0-45 19t-19 45v320H448q-26 0-45 19t-19 45v128q0 26 19 45t45 19h320v320q0 26 19 45t45 19h128q26 0 45-19t19-45v-320h320q26 0 45-19t19-45zm256-544v960q0 119-84.5 203.5T1376 1664H416q-119 0-203.5-84.5T128 1376V416q0-119 84.5-203.5T416 128h960q119 0 203.5 84.5T1664 416z"/></svg></span>\n
    \n
    \n
                    <span class="block trace-file-path">\n
            in\n
            <a href="">\n
                vendor/phpunit/phpunit/<strong>phpunit</strong>\n
            </a>\n
                            <span class="trace-type">-></span>\n
                <span class="trace-method">run</span>\n
                        (line 104)\n
            <span class="icon icon-copy hidden" data-clipboard-text="vendor/phpunit/phpunit/phpunit:104">\n
                <svg xmlns="http://www.w3.org/2000/svg" height="24" viewBox="0 0 24 24" width="24"><path d="M0 0h24v24H0z" fill="none"/><path d="M16 1H4c-1.1 0-2 .9-2 2v14h2V3h12V1zm3 4H8c-1.1 0-2 .9-2 2v14c0 1.1.9 2 2 2h11c1.1 0 2-.9 2-2V7c0-1.1-.9-2-2-2zm0 16H8V7h11v14z"/></svg>            </span>\n
        </span>\n
    </div>\n
    <div id="trace-html-2-24" class="trace-code sf-toggle-content">\n
        <ol start="99"><li><code><span style="color: var(--highlight-keyword)">}</span></code></li>\n
<li><code><span style="color: var(--highlight-keyword)"></span></code></li>\n
<li><code><span style="color: var(--highlight-keyword)">unset(</span><span style="color: var(--highlight-default)">$requiredExtensions</span><span style="color: var(--highlight-keyword)">,&nbsp;</span><span style="color: var(--highlight-default)">$unavailableExtensions</span><span style="color: var(--highlight-keyword)">);</span></code></li>\n
<li><code><span style="color: var(--highlight-keyword)"></span></code></li>\n
<li><code><span style="color: var(--highlight-keyword)">exit((new&nbsp;</span><span style="color: var(--highlight-default)">PHPUnit\TextUI\Application</span><span style="color: var(--highlight-keyword)">)-&gt;</span><span style="color: var(--highlight-default)">run</span><span style="color: var(--highlight-keyword)">(</span><span style="color: var(--highlight-default)">$_SERVER</span><span style="color: var(--highlight-keyword)">[</span><span style="color: var(--highlight-string)">'argv'</span><span style="color: var(--highlight-keyword)">]));</span></code></li>\n
<li class="selected"><code><span style="color: var(--highlight-keyword)"></span></code></li></ol>    </div>            </div>\n
                        <div class="trace-line trace-from-vendor">\n
                <div class="trace-line-header break-long-words sf-toggle" data-toggle-selector="#trace-html-2-25" data-toggle-initial="">\n
            <span class="icon icon-close"><svg width="1792" height="1792" viewBox="0 0 1792 1792" xmlns="http://www.w3.org/2000/svg"><path d="M1408 960V832q0-26-19-45t-45-19H448q-26 0-45 19t-19 45v128q0 26 19 45t45 19h896q26 0 45-19t19-45zm256-544v960q0 119-84.5 203.5T1376 1664H416q-119 0-203.5-84.5T128 1376V416q0-119 84.5-203.5T416 128h960q119 0 203.5 84.5T1664 416z"/></svg></span>\n
        <span class="icon icon-open"><svg width="1792" height="1792" viewBox="0 0 1792 1792" xmlns="http://www.w3.org/2000/svg"><path d="M1408 960V832q0-26-19-45t-45-19h-320V448q0-26-19-45t-45-19H832q-26 0-45 19t-19 45v320H448q-26 0-45 19t-19 45v128q0 26 19 45t45 19h320v320q0 26 19 45t45 19h128q26 0 45-19t19-45v-320h320q26 0 45-19t19-45zm256-544v960q0 119-84.5 203.5T1376 1664H416q-119 0-203.5-84.5T128 1376V416q0-119 84.5-203.5T416 128h960q119 0 203.5 84.5T1664 416z"/></svg></span>\n
    \n
    \n
                    <span class="block trace-file-path">\n
            in\n
            <a href="">\n
                vendor/bin/<strong>phpunit</strong>\n
            </a>\n
                            <span class="trace-type"></span>\n
                <span class="trace-method">include</span>\n
                        (line 122)\n
            <span class="icon icon-copy hidden" data-clipboard-text="vendor/bin/phpunit:122">\n
                <svg xmlns="http://www.w3.org/2000/svg" height="24" viewBox="0 0 24 24" width="24"><path d="M0 0h24v24H0z" fill="none"/><path d="M16 1H4c-1.1 0-2 .9-2 2v14h2V3h12V1zm3 4H8c-1.1 0-2 .9-2 2v14c0 1.1.9 2 2 2h11c1.1 0 2-.9 2-2V7c0-1.1-.9-2-2-2zm0 16H8V7h11v14z"/></svg>            </span>\n
        </span>\n
    </div>\n
    <div id="trace-html-2-25" class="trace-code sf-toggle-content">\n
        <ol start="117"><li><code><span style="color: var(--highlight-keyword)">&nbsp;&nbsp;&nbsp;&nbsp;&nbsp;&nbsp;&nbsp;&nbsp;return&nbsp;include(</span><span style="color: var(--highlight-string)">"phpvfscomposer://"&nbsp;</span><span style="color: var(--highlight-keyword)">.&nbsp;</span><span style="color: var(--highlight-default)">__DIR__&nbsp;</span><span style="color: var(--highlight-keyword)">.&nbsp;</span><span style="color: var(--highlight-string)">'/..'</span><span style="color: var(--highlight-keyword)">.</span><span style="color: var(--highlight-string)">'/phpunit/phpunit/phpunit'</span><span style="color: var(--highlight-keyword)">);</span></code></li>\n
<li><code><span style="color: var(--highlight-keyword)">&nbsp;&nbsp;&nbsp;&nbsp;}</span></code></li>\n
<li><code><span style="color: var(--highlight-keyword)">}</span></code></li>\n
<li><code><span style="color: var(--highlight-keyword)"></span></code></li>\n
<li><code><span style="color: var(--highlight-keyword)">return&nbsp;include&nbsp;</span><span style="color: var(--highlight-default)">__DIR__&nbsp;</span><span style="color: var(--highlight-keyword)">.&nbsp;</span><span style="color: var(--highlight-string)">'/..'</span><span style="color: var(--highlight-keyword)">.</span><span style="color: var(--highlight-string)">'/phpunit/phpunit/phpunit'</span><span style="color: var(--highlight-keyword)">;</span></code></li>\n
<li class="selected"><code><span style="color: var(--highlight-keyword)"></span></code></li></ol>    </div>            </div>\n
                    </div>\n
    </div>\n
</div>            </div>\n
        </div>\n
\n
        \n
        <div class="tab">\n
            <h3 class="tab-title">\n
                                    Stack Traces <span class="badge">2</span>\n
                            </h3>\n
\n
            <div class="tab-content">\n
                <table class="trace trace-as-text">\n
    <thead class="trace-head">\n
        <tr>\n
            <th class="sf-toggle" data-toggle-selector="#trace-text-1" data-toggle-initial="display">\n
                <div class="trace-class">\n
                                            <span class="text-muted">[2/2]</span>\n
                                        NotFoundHttpException                    <span class="icon icon-close"><svg width="1792" height="1792" viewBox="0 0 1792 1792" xmlns="http://www.w3.org/2000/svg"><path d="M1344 800v64q0 14-9 23t-23 9H480q-14 0-23-9t-9-23v-64q0-14 9-23t23-9h832q14 0 23 9t9 23zm128 448V416q0-66-47-113t-113-47H480q-66 0-113 47t-47 113v832q0 66 47 113t113 47h832q66 0 113-47t47-113zm128-832v832q0 119-84.5 203.5T1312 1536H480q-119 0-203.5-84.5T192 1248V416q0-119 84.5-203.5T480 128h832q119 0 203.5 84.5T1600 416z"/></svg></span>\n
                    <span class="icon icon-open"><svg width="1792" height="1792" viewBox="0 0 1792 1792" xmlns="http://www.w3.org/2000/svg"><path d="M1344 800v64q0 14-9 23t-23 9H960v352q0 14-9 23t-23 9h-64q-14 0-23-9t-9-23V896H480q-14 0-23-9t-9-23v-64q0-14 9-23t23-9h352V416q0-14 9-23t23-9h64q14 0 23 9t9 23v352h352q14 0 23 9t9 23zm128 448V416q0-66-47-113t-113-47H480q-66 0-113 47t-47 113v832q0 66 47 113t113 47h832q66 0 113-47t47-113zm128-832v832q0 119-84.5 203.5T1312 1536H480q-119 0-203.5-84.5T192 1248V416q0-119 84.5-203.5T480 128h832q119 0 203.5 84.5T1600 416z"/></svg></span>\n
                </div>\n
            </th>\n
        </tr>\n
    </thead>\n
\n
    <tbody id="trace-text-1">\n
        <tr>\n
            <td>\n
                                <pre class="stacktrace">\n
Symfony\Component\HttpKernel\Exception\NotFoundHttpException:\n
No route found for &quot;GET http://localhost/admin&quot;\n
\n
  at vendor/symfony/http-kernel/EventListener/RouterListener.php:135\n
  at Symfony\Component\HttpKernel\EventListener\RouterListener-&gt;onKernelRequest()\n
     (vendor/symfony/event-dispatcher/Debug/WrappedListener.php:118)\n
  at Symfony\Component\EventDispatcher\Debug\WrappedListener-&gt;__invoke()\n
     (vendor/symfony/event-dispatcher/EventDispatcher.php:230)\n
  at Symfony\Component\EventDispatcher\EventDispatcher-&gt;callListeners()\n
     (vendor/symfony/event-dispatcher/EventDispatcher.php:59)\n
  at Symfony\Component\EventDispatcher\EventDispatcher-&gt;dispatch()\n
     (vendor/symfony/event-dispatcher/Debug/TraceableEventDispatcher.php:154)\n
  at Symfony\Component\EventDispatcher\Debug\TraceableEventDispatcher-&gt;dispatch()\n
     (vendor/symfony/http-kernel/HttpKernel.php:139)\n
  at Symfony\Component\HttpKernel\HttpKernel-&gt;handleRaw()\n
     (vendor/symfony/http-kernel/HttpKernel.php:75)\n
  at Symfony\Component\HttpKernel\HttpKernel-&gt;handle()\n
     (vendor/symfony/http-kernel/Kernel.php:202)\n
  at Symfony\Component\HttpKernel\Kernel-&gt;handle()\n
     (vendor/symfony/http-kernel/HttpKernelBrowser.php:65)\n
  at Symfony\Component\HttpKernel\HttpKernelBrowser-&gt;doRequest()\n
     (vendor/symfony/framework-bundle/KernelBrowser.php:183)\n
  at Symfony\Bundle\FrameworkBundle\KernelBrowser-&gt;doRequest()\n
     (vendor/symfony/browser-kit/AbstractBrowser.php:398)\n
  at Symfony\Component\BrowserKit\AbstractBrowser-&gt;request()\n
     (tests/Functional/Controller/SecurityControllerTest.php:73)\n
  at App\Tests\Controller\SecurityControllerTest-&gt;testAccessDeniedRedirectsToLogin()\n
     (vendor/phpunit/phpunit/src/Framework/TestCase.php:1188)\n
  at PHPUnit\Framework\TestCase-&gt;runTest()\n
     (vendor/phpunit/phpunit/src/Framework/TestCase.php:687)\n
  at PHPUnit\Framework\TestCase-&gt;runBare()\n
     (vendor/phpunit/phpunit/src/Framework/TestRunner.php:106)\n
  at PHPUnit\Framework\TestRunner-&gt;run()\n
     (vendor/phpunit/phpunit/src/Framework/TestCase.php:517)\n
  at PHPUnit\Framework\TestCase-&gt;run()\n
     (vendor/phpunit/phpunit/src/Framework/TestSuite.php:380)\n
  at PHPUnit\Framework\TestSuite-&gt;run()\n
     (vendor/phpunit/phpunit/src/Framework/TestSuite.php:380)\n
  at PHPUnit\Framework\TestSuite-&gt;run()\n
     (vendor/phpunit/phpunit/src/Framework/TestSuite.php:380)\n
  at PHPUnit\Framework\TestSuite-&gt;run()\n
     (vendor/phpunit/phpunit/src/TextUI/TestRunner.php:64)\n
  at PHPUnit\TextUI\TestRunner-&gt;run()\n
     (vendor/phpunit/phpunit/src/TextUI/Application.php:203)\n
  at PHPUnit\TextUI\Application-&gt;run()\n
     (vendor/phpunit/phpunit/phpunit:104)\n
  at include('/home/ubuntu/ocp8-TodoList/vendor/phpunit/phpunit/phpunit')\n
     (vendor/bin/phpunit:122)                </pre>\n
                            </td>\n
        </tr>\n
    </tbody>\n
</table><table class="trace trace-as-text">\n
    <thead class="trace-head">\n
        <tr>\n
            <th class="sf-toggle" data-toggle-selector="#trace-text-2" data-toggle-initial="">\n
                <div class="trace-class">\n
                                            <span class="text-muted">[1/2]</span>\n
                                        ResourceNotFoundException                    <span class="icon icon-close"><svg width="1792" height="1792" viewBox="0 0 1792 1792" xmlns="http://www.w3.org/2000/svg"><path d="M1344 800v64q0 14-9 23t-23 9H480q-14 0-23-9t-9-23v-64q0-14 9-23t23-9h832q14 0 23 9t9 23zm128 448V416q0-66-47-113t-113-47H480q-66 0-113 47t-47 113v832q0 66 47 113t113 47h832q66 0 113-47t47-113zm128-832v832q0 119-84.5 203.5T1312 1536H480q-119 0-203.5-84.5T192 1248V416q0-119 84.5-203.5T480 128h832q119 0 203.5 84.5T1600 416z"/></svg></span>\n
                    <span class="icon icon-open"><svg width="1792" height="1792" viewBox="0 0 1792 1792" xmlns="http://www.w3.org/2000/svg"><path d="M1344 800v64q0 14-9 23t-23 9H960v352q0 14-9 23t-23 9h-64q-14 0-23-9t-9-23V896H480q-14 0-23-9t-9-23v-64q0-14 9-23t23-9h352V416q0-14 9-23t23-9h64q14 0 23 9t9 23v352h352q14 0 23 9t9 23zm128 448V416q0-66-47-113t-113-47H480q-66 0-113 47t-47 113v832q0 66 47 113t113 47h832q66 0 113-47t47-113zm128-832v832q0 119-84.5 203.5T1312 1536H480q-119 0-203.5-84.5T192 1248V416q0-119 84.5-203.5T480 128h832q119 0 203.5 84.5T1600 416z"/></svg></span>\n
                </div>\n
            </th>\n
        </tr>\n
    </thead>\n
\n
    <tbody id="trace-text-2">\n
        <tr>\n
            <td>\n
                                <pre class="stacktrace">\n
Symfony\Component\Routing\Exception\ResourceNotFoundException:\n
No routes found for &quot;/admin/&quot;.\n
\n
  at vendor/symfony/routing/Matcher/Dumper/CompiledUrlMatcherTrait.php:74\n
  at Symfony\Component\Routing\Matcher\CompiledUrlMatcher-&gt;match()\n
     (vendor/symfony/routing/Matcher/UrlMatcher.php:106)\n
  at Symfony\Component\Routing\Matcher\UrlMatcher-&gt;matchRequest()\n
     (vendor/symfony/routing/Router.php:257)\n
  at Symfony\Component\Routing\Router-&gt;matchRequest()\n
     (vendor/symfony/http-kernel/EventListener/RouterListener.php:111)\n
  at Symfony\Component\HttpKernel\EventListener\RouterListener-&gt;onKernelRequest()\n
     (vendor/symfony/event-dispatcher/Debug/WrappedListener.php:118)\n
  at Symfony\Component\EventDispatcher\Debug\WrappedListener-&gt;__invoke()\n
     (vendor/symfony/event-dispatcher/EventDispatcher.php:230)\n
  at Symfony\Component\EventDispatcher\EventDispatcher-&gt;callListeners()\n
     (vendor/symfony/event-dispatcher/EventDispatcher.php:59)\n
  at Symfony\Component\EventDispatcher\EventDispatcher-&gt;dispatch()\n
     (vendor/symfony/event-dispatcher/Debug/TraceableEventDispatcher.php:154)\n
  at Symfony\Component\EventDispatcher\Debug\TraceableEventDispatcher-&gt;dispatch()\n
     (vendor/symfony/http-kernel/HttpKernel.php:139)\n
  at Symfony\Component\HttpKernel\HttpKernel-&gt;handleRaw()\n
     (vendor/symfony/http-kernel/HttpKernel.php:75)\n
  at Symfony\Component\HttpKernel\HttpKernel-&gt;handle()\n
     (vendor/symfony/http-kernel/Kernel.php:202)\n
  at Symfony\Component\HttpKernel\Kernel-&gt;handle()\n
     (vendor/symfony/http-kernel/HttpKernelBrowser.php:65)\n
  at Symfony\Component\HttpKernel\HttpKernelBrowser-&gt;doRequest()\n
     (vendor/symfony/framework-bundle/KernelBrowser.php:183)\n
  at Symfony\Bundle\FrameworkBundle\KernelBrowser-&gt;doRequest()\n
     (vendor/symfony/browser-kit/AbstractBrowser.php:398)\n
  at Symfony\Component\BrowserKit\AbstractBrowser-&gt;request()\n
     (tests/Functional/Controller/SecurityControllerTest.php:73)\n
  at App\Tests\Controller\SecurityControllerTest-&gt;testAccessDeniedRedirectsToLogin()\n
     (vendor/phpunit/phpunit/src/Framework/TestCase.php:1188)\n
  at PHPUnit\Framework\TestCase-&gt;runTest()\n
     (vendor/phpunit/phpunit/src/Framework/TestCase.php:687)\n
  at PHPUnit\Framework\TestCase-&gt;runBare()\n
     (vendor/phpunit/phpunit/src/Framework/TestRunner.php:106)\n
  at PHPUnit\Framework\TestRunner-&gt;run()\n
     (vendor/phpunit/phpunit/src/Framework/TestCase.php:517)\n
  at PHPUnit\Framework\TestCase-&gt;run()\n
     (vendor/phpunit/phpunit/src/Framework/TestSuite.php:380)\n
  at PHPUnit\Framework\TestSuite-&gt;run()\n
     (vendor/phpunit/phpunit/src/Framework/TestSuite.php:380)\n
  at PHPUnit\Framework\TestSuite-&gt;run()\n
     (vendor/phpunit/phpunit/src/Framework/TestSuite.php:380)\n
  at PHPUnit\Framework\TestSuite-&gt;run()\n
     (vendor/phpunit/phpunit/src/TextUI/TestRunner.php:64)\n
  at PHPUnit\TextUI\TestRunner-&gt;run()\n
     (vendor/phpunit/phpunit/src/TextUI/Application.php:203)\n
  at PHPUnit\TextUI\Application-&gt;run()\n
     (vendor/phpunit/phpunit/phpunit:104)\n
  at include('/home/ubuntu/ocp8-TodoList/vendor/phpunit/phpunit/phpunit')\n
     (vendor/bin/phpunit:122)                </pre>\n
                            </td>\n
        </tr>\n
    </tbody>\n
</table>            </div>\n
        </div>\n
\n
            </div>\n
</div>\n
        <script>\n
            /* This file is based on WebProfilerBundle/Resources/views/Profiler/base_js.html.twig.\n
   If you make any change in this file, verify the same change is needed in the other file. */\n
/*<![CDATA[*/\n
(function() {\n
    "use strict";\n
\n
    if ('classList' in document.documentElement) {\n
        var hasClass = function (el, cssClass) { return el.classList.contains(cssClass); };\n
        var removeClass = function(el, cssClass) { el.classList.remove(cssClass); };\n
        var addClass = function(el, cssClass) { el.classList.add(cssClass); };\n
        var toggleClass = function(el, cssClass) { el.classList.toggle(cssClass); };\n
    } else {\n
        var hasClass = function (el, cssClass) { return el.className.match(new RegExp('\\b' + cssClass + '\\b')); };\n
        var removeClass = function(el, cssClass) { el.className = el.className.replace(new RegExp('\\b' + cssClass + '\\b'), ' '); };\n
        var addClass = function(el, cssClass) { if (!hasClass(el, cssClass)) { el.className += " " + cssClass; } };\n
        var toggleClass = function(el, cssClass) { hasClass(el, cssClass) ? removeClass(el, cssClass) : addClass(el, cssClass); };\n
    }\n
\n
    var addEventListener;\n
\n
    var el = document.createElement('div');\n
    if (!('addEventListener' in el)) {\n
        addEventListener = function (element, eventName, callback) {\n
            element.attachEvent('on' + eventName, callback);\n
        };\n
    } else {\n
        addEventListener = function (element, eventName, callback) {\n
            element.addEventListener(eventName, callback, false);\n
        };\n
    }\n
\n
    if (navigator.clipboard) {\n
        document.querySelectorAll('[data-clipboard-text]').forEach(function(element) {\n
            removeClass(element, 'hidden');\n
            element.addEventListener('click', function() {\n
                navigator.clipboard.writeText(element.getAttribute('data-clipboard-text'));\n
            })\n
        });\n
    }\n
\n
    (function createTabs() {\n
        var tabGroups = document.querySelectorAll('.sf-tabs:not([data-processed=true])');\n
\n
        /* create the tab navigation for each group of tabs */\n
        for (var i = 0; i < tabGroups.length; i++) {\n
            var tabs = tabGroups[i].querySelectorAll(':scope > .tab');\n
            var tabNavigation = document.createElement('ul');\n
            tabNavigation.className = 'tab-navigation';\n
\n
            var selectedTabId = 'tab-' + i + '-0'; /* select the first tab by default */\n
            for (var j = 0; j < tabs.length; j++) {\n
                var tabId = 'tab-' + i + '-' + j;\n
                var tabTitle = tabs[j].querySelector('.tab-title').innerHTML;\n
\n
                var tabNavigationItem = document.createElement('li');\n
                tabNavigationItem.setAttribute('data-tab-id', tabId);\n
                if (hasClass(tabs[j], 'active')) { selectedTabId = tabId; }\n
                if (hasClass(tabs[j], 'disabled')) { addClass(tabNavigationItem, 'disabled'); }\n
                tabNavigationItem.innerHTML = tabTitle;\n
                tabNavigation.appendChild(tabNavigationItem);\n
\n
                var tabContent = tabs[j].querySelector('.tab-content');\n
                tabContent.parentElement.setAttribute('id', tabId);\n
            }\n
\n
            tabGroups[i].insertBefore(tabNavigation, tabGroups[i].firstChild);\n
            addClass(document.querySelector('[data-tab-id="' + selectedTabId + '"]'), 'active');\n
        }\n
\n
        /* display the active tab and add the 'click' event listeners */\n
        for (i = 0; i < tabGroups.length; i++) {\n
            tabNavigation = tabGroups[i].querySelectorAll(':scope >.tab-navigation li');\n
\n
            for (j = 0; j < tabNavigation.length; j++) {\n
                tabId = tabNavigation[j].getAttribute('data-tab-id');\n
                document.getElementById(tabId).querySelector('.tab-title').className = 'hidden';\n
\n
                if (hasClass(tabNavigation[j], 'active')) {\n
                    document.getElementById(tabId).className = 'block';\n
                } else {\n
                    document.getElementById(tabId).className = 'hidden';\n
                }\n
\n
                tabNavigation[j].addEventListener('click', function(e) {\n
                    var activeTab = e.target || e.srcElement;\n
\n
                    /* needed because when the tab contains HTML contents, user can click */\n
                    /* on any of those elements instead of their parent '<li>' element */\n
                    while (activeTab.tagName.toLowerCase() !== 'li') {\n
                        activeTab = activeTab.parentNode;\n
                    }\n
\n
                    /* get the full list of tabs through the parent of the active tab element */\n
                    var tabNavigation = activeTab.parentNode.children;\n
                    for (var k = 0; k < tabNavigation.length; k++) {\n
                        var tabId = tabNavigation[k].getAttribute('data-tab-id');\n
                        document.getElementById(tabId).className = 'hidden';\n
                        removeClass(tabNavigation[k], 'active');\n
                    }\n
\n
                    addClass(activeTab, 'active');\n
                    var activeTabId = activeTab.getAttribute('data-tab-id');\n
                    document.getElementById(activeTabId).className = 'block';\n
                });\n
            }\n
\n
            tabGroups[i].setAttribute('data-processed', 'true');\n
        }\n
    })();\n
\n
    (function createToggles() {\n
        var toggles = document.querySelectorAll('.sf-toggle:not([data-processed=true])');\n
\n
        for (var i = 0; i < toggles.length; i++) {\n
            var elementSelector = toggles[i].getAttribute('data-toggle-selector');\n
            var element = document.querySelector(elementSelector);\n
\n
            addClass(element, 'sf-toggle-content');\n
\n
            if (toggles[i].hasAttribute('data-toggle-initial') && toggles[i].getAttribute('data-toggle-initial') == 'display') {\n
                addClass(toggles[i], 'sf-toggle-on');\n
                addClass(element, 'sf-toggle-visible');\n
            } else {\n
                addClass(toggles[i], 'sf-toggle-off');\n
                addClass(element, 'sf-toggle-hidden');\n
            }\n
\n
            addEventListener(toggles[i], 'click', function(e) {\n
                e.preventDefault();\n
\n
                if ('' !== window.getSelection().toString()) {\n
                    /* Don't do anything on text selection */\n
                    return;\n
                }\n
\n
                var toggle = e.target || e.srcElement;\n
\n
                /* needed because when the toggle contains HTML contents, user can click */\n
                /* on any of those elements instead of their parent '.sf-toggle' element */\n
                while (!hasClass(toggle, 'sf-toggle')) {\n
                    toggle = toggle.parentNode;\n
                }\n
\n
                var element = document.querySelector(toggle.getAttribute('data-toggle-selector'));\n
\n
                toggleClass(toggle, 'sf-toggle-on');\n
                toggleClass(toggle, 'sf-toggle-off');\n
                toggleClass(element, 'sf-toggle-hidden');\n
                toggleClass(element, 'sf-toggle-visible');\n
\n
                /* the toggle doesn't change its contents when clicking on it */\n
                if (!toggle.hasAttribute('data-toggle-alt-content')) {\n
                    return;\n
                }\n
\n
                if (!toggle.hasAttribute('data-toggle-original-content')) {\n
                    toggle.setAttribute('data-toggle-original-content', toggle.innerHTML);\n
                }\n
\n
                var currentContent = toggle.innerHTML;\n
                var originalContent = toggle.getAttribute('data-toggle-original-content');\n
                var altContent = toggle.getAttribute('data-toggle-alt-content');\n
                toggle.innerHTML = currentContent !== altContent ? altContent : originalContent;\n
            });\n
\n
            /* Prevents from disallowing clicks on links inside toggles */\n
            var toggleLinks = toggles[i].querySelectorAll('a');\n
            for (var j = 0; j < toggleLinks.length; j++) {\n
                addEventListener(toggleLinks[j], 'click', function(e) {\n
                    e.stopPropagation();\n
                });\n
            }\n
\n
            /* Prevents from disallowing clicks on "copy to clipboard" elements inside toggles */\n
            var copyToClipboardElements = toggles[i].querySelectorAll('span[data-clipboard-text]');\n
            for (var k = 0; k < copyToClipboardElements.length; k++) {\n
                addEventListener(copyToClipboardElements[k], 'click', function(e) {\n
                    e.stopPropagation();\n
                });\n
            }\n
\n
            toggles[i].setAttribute('data-processed', 'true');\n
        }\n
    })();\n
\n
    (function createFilters() {\n
        document.querySelectorAll('[data-filters] [data-filter]').forEach(function (filter) {\n
            var filters = filter.closest('[data-filters]'),\n
                type = 'choice',\n
                name = filter.dataset.filter,\n
                ucName = name.charAt(0).toUpperCase()+name.slice(1),\n
                list = document.createElement('ul'),\n
                values = filters.dataset['filter'+ucName] || filters.querySelectorAll('[data-filter-'+name+']'),\n
                labels = {},\n
                defaults = null,\n
                indexed = {},\n
                processed = {};\n
            if (typeof values === 'string') {\n
                type = 'level';\n
                labels = values.split(',');\n
                values = values.toLowerCase().split(',');\n
                defaults = values.length - 1;\n
            }\n
            addClass(list, 'filter-list');\n
            addClass(list, 'filter-list-'+type);\n
            values.forEach(function (value, i) {\n
                if (value instanceof HTMLElement) {\n
                    value = value.dataset['filter'+ucName];\n
                }\n
                if (value in processed) {\n
                    return;\n
                }\n
                var option = document.createElement('li'),\n
                    label = i in labels ? labels[i] : value,\n
                    active = false,\n
                    matches;\n
                if ('' === label) {\n
                    option.innerHTML = '<em>(none)</em>';\n
                } else {\n
                    option.innerText = label;\n
                }\n
                option.dataset.filter = value;\n
                option.setAttribute('title', 1 === (matches = filters.querySelectorAll('[data-filter-'+name+'="'+value+'"]').length) ? 'Matches 1 row' : 'Matches '+matches+' rows');\n
                indexed[value] = i;\n
                list.appendChild(option);\n
                addEventListener(option, 'click', function () {\n
                    if ('choice' === type) {\n
                        filters.querySelectorAll('[data-filter-'+name+']').forEach(function (row) {\n
                            if (option.dataset.filter === row.dataset['filter'+ucName]) {\n
                                toggleClass(row, 'filter-hidden-'+name);\n
                            }\n
                        });\n
                        toggleClass(option, 'active');\n
                    } else if ('level' === type) {\n
                        if (i === this.parentNode.querySelectorAll('.active').length - 1) {\n
                            return;\n
                        }\n
                        this.parentNode.querySelectorAll('li').forEach(function (currentOption, j) {\n
                            if (j <= i) {\n
                                addClass(currentOption, 'active');\n
                                if (i === j) {\n
                                    addClass(currentOption, 'last-active');\n
                                } else {\n
                                    removeClass(currentOption, 'last-active');\n
                                }\n
                            } else {\n
                                removeClass(currentOption, 'active');\n
                                removeClass(currentOption, 'last-active');\n
                            }\n
                        });\n
                        filters.querySelectorAll('[data-filter-'+name+']').forEach(function (row) {\n
                            if (i < indexed[row.dataset['filter'+ucName]]) {\n
                                addClass(row, 'filter-hidden-'+name);\n
                            } else {\n
                                removeClass(row, 'filter-hidden-'+name);\n
                            }\n
                        });\n
                    }\n
                });\n
                if ('choice' === type) {\n
                    active = null === defaults || 0 <= defaults.indexOf(value);\n
                } else if ('level' === type) {\n
                    active = i <= defaults;\n
                    if (active && i === defaults) {\n
                        addClass(option, 'last-active');\n
                    }\n
                }\n
                if (active) {\n
                    addClass(option, 'active');\n
                } else {\n
                    filters.querySelectorAll('[data-filter-'+name+'="'+value+'"]').forEach(function (row) {\n
                        toggleClass(row, 'filter-hidden-'+name);\n
                    });\n
                }\n
                processed[value] = true;\n
            });\n
\n
            if (1 < list.childNodes.length) {\n
                filter.appendChild(list);\n
                filter.dataset.filtered = '';\n
            }\n
        });\n
    })();\n
})();\n
/*]]>*/        </script>\n
    </body>\n
</html>\n
<!-- No route found for &quot;GET http://localhost/admin&quot; (404 Not Found) -->',
    'version' => '1.1',
    'statusCode' => 404,
    'statusText' => 'Not Found',
    'charset' => 'UTF-8',
) is redirected and has header "Location" with value "/login".

/home/ubuntu/ocp8-TodoList/vendor/symfony/framework-bundle/Test/BrowserKitAssertionsTrait.php:142
/home/ubuntu/ocp8-TodoList/vendor/symfony/framework-bundle/Test/BrowserKitAssertionsTrait.php:56
/home/ubuntu/ocp8-TodoList/tests/Functional/Controller/SecurityControllerTest.php:75

Caused by
ErrorException: No route found for "GET http://localhost/admin"

/home/ubuntu/ocp8-TodoList/vendor/symfony/http-kernel/EventListener/RouterListener.php:135
/home/ubuntu/ocp8-TodoList/vendor/symfony/framework-bundle/Test/BrowserKitAssertionsTrait.php:56
/home/ubuntu/ocp8-TodoList/tests/Functional/Controller/SecurityControllerTest.php:75

4) App\Tests\Form\TaskTypeTest::testSubmitValidData
Failed asserting that two objects are equal.
--- Expected
+++ Actual
@@ @@
 App\Entity\Task Object (
     'id' => null
-    'createdAt' => 2024-09-18T08:42:33.244100+0000
+    'createdAt' => 2024-09-18T08:42:33.241519+0000
     'title' => 'Test Task'
     'content' => 'This is a test task content'
     'isDone' => false

/home/ubuntu/ocp8-TodoList/tests/Functional/Form/TaskTypeTest.php:33

5) App\Tests\Security\Voter\UserVoterTest::testVoteOnAttributeView
Failed asserting that -1 is true.

/home/ubuntu/ocp8-TodoList/tests/Functional/Controller/UserVoterTest.php:42

6) App\Tests\Security\Voter\UserVoterTest::testVoteOnAttributeDelete
Failed asserting that -1 is false.

/home/ubuntu/ocp8-TodoList/tests/Functional/Controller/UserVoterTest.php:98

7) App\Tests\Security\Voter\UserVoterTest::testVoteOnAttributeEdit
Failed asserting that -1 is true.

/home/ubuntu/ocp8-TodoList/tests/Functional/Controller/UserVoterTest.php:71

ERRORS!
Tests: 40, Assertions: 88, Errors: 3, Failures: 7, Warnings: 1.

Generating code coverage report in HTML format ... done [00:00.037]

Remaining direct deprecation notices (4)

  4x: Since symfony/framework-bundle 5.4: Method "Symfony\Bundle\FrameworkBundle\Controller\AbstractController::getDoctrine()" is deprecated, inject an instance of ManagerRegistry in your controller instead.
    2x in UserControllerTest::testEditAction from App\Tests\Controller
    1x in UserControllerTest::testListAction from App\Tests\Controller
    1x in UserControllerTest::testCreateAction from App\Tests\Controller

